Jan 10 10:00:00 localhost sshd[1234]: Accepted password for user user1 from 192.168.1.10 port 22 ssh2
Jan 10 10:00:00 localhost sshd[1234]: Accepted password for user user1 from 192.168.1.10 port 22 ssh2
Jan 10 10:00:00 localhost sshd[1234]: Accepted password for user user1 from 192.168.1.10 port 22 ssh2
Jan 10 10:00:00 localhost sshd[1234]: Accepted password for user user1 from 192.168.1.10 port 22 ssh2
Jan 10 10:00:00 localhost sshd[1234]: Accepted password for user user1 from 192.168.1.10 port 22 ssh2
Jan 10 10:00:00 localhost sshd[1234]: Accepted password for user user1 from 192.168.1.10 port 22 ssh2
Jan 10 10:00:00 localhost sshd[1234]: Accepted password for user user1 from 192.168.1.10 port 22 ssh2
Jan 10 10:00:00 localhost sshd[1234]: Accepted password for user user1 from 192.168.1.10 port 22 ssh2
Jan 10 10:00:00 localhost sshd[1234]: Accepted password for user user1 from 192.168.1.10 port 22 ssh2
Jan 10 10:00:00 localhost sshd[1234]: Accepted password for user user1 from 192.168.1.10 port 22 ssh2
Jan 10 10:00:00 localhost sshd[1234]: Accepted password for user user1 from 192.168.1.10 port 22 ssh2
Jan 10 10:00:00 localhost sshd[1234]: Accepted password for user user1 from 192.168.1.10 port 22 ssh2
Jan 10 10:00:00 localhost sshd[1234]: Accepted password for user user1 from 192.168.1.10 port 22 ssh2
Jan 10 10:00:00 localhost sshd[1234]: Accepted password for user user1 from 192.168.1.10 port 22 ssh2
Jan 10 10:00:00 localhost sshd[1234]: Accepted password for user user1 from 192.168.1.10 port 22 ssh2
Jan 10 10:00:00 localhost sshd[1234]: Accepted password for user user1 from 192.168.1.10 port 22 ssh2
Jan 10 10:00:00 localhost sshd[1234]: Accepted password for user user1 from 192.168.1.10 port 22 ssh2
Jan 10 10:00:00 localhost sshd[1234]: Accepted password for user user1 from 192.168.1.10 port 22 ssh2
Jan 10 10:03:00 localhost app[999]: Query: SELECT * FROM users WHERE id=1 OR 1=1
Jan 10 10:00:00 localhost sshd[1234]: Accepted password for user user1 from 192.168.1.10 port 22 ssh2
Jan 10 10:02:00 localhost sudo:  hacker : TTY=pts/0 ; PWD=/home/hacker ; USER=root ; COMMAND=/bin/bash
Jan 10 10:00:00 localhost sshd[1234]: Accepted password for user user1 from 192.168.1.10 port 22 ssh2
Jan 10 10:03:00 localhost app[999]: Query: SELECT * FROM users WHERE id=1 OR 1=1
Jan 10 10:00:00 localhost sshd[1234]: Accepted password for user user1 from 192.168.1.10 port 22 ssh2
Jan 10 10:00:00 localhost sshd[1234]: Accepted password for user user1 from 192.168.1.10 port 22 ssh2
Jan 10 10:00:00 localhost sshd[1234]: Accepted password for user user1 from 192.168.1.10 port 22 ssh2
Jan 10 10:00:00 localhost sshd[1234]: Accepted password for user user1 from 192.168.1.10 port 22 ssh2
Jan 10 10:00:00 localhost sshd[1234]: Accepted password for user user1 from 192.168.1.10 port 22 ssh2
Jan 10 10:00:00 localhost sshd[1234]: Accepted password for user user1 from 192.168.1.10 port 22 ssh2
Jan 10 10:00:00 localhost sshd[1234]: Accepted password for user user1 from 192.168.1.10 port 22 ssh2
Jan 10 10:00:00 localhost sshd[1234]: Accepted password for user user1 from 192.168.1.10 port 22 ssh2
Jan 10 10:00:00 localhost sshd[1234]: Accepted password for user user1 from 192.168.1.10 port 22 ssh2
Jan 10 10:01:00 localhost sshd[1234]: Failed password for user root from 10.0.0.5 port 22 ssh2
Jan 10 10:00:00 localhost sshd[1234]: Accepted password for user user1 from 192.168.1.10 port 22 ssh2
Jan 10 10:00:00 localhost sshd[1234]: Accepted password for user user1 from 192.168.1.10 port 22 ssh2
Jan 10 10:00:00 localhost sshd[1234]: Accepted password for user user1 from 192.168.1.10 port 22 ssh2
Jan 10 10:01:00 localhost sshd[1234]: Failed password for user root from 10.0.0.5 port 22 ssh2
Jan 10 10:00:00 localhost sshd[1234]: Accepted password for user user1 from 192.168.1.10 port 22 ssh2
Jan 10 10:00:00 localhost sshd[1234]: Accepted password for user user1 from 192.168.1.10 port 22 ssh2
Jan 10 10:00:00 localhost sshd[1234]: Accepted password for user user1 from 192.168.1.10 port 22 ssh2
Jan 10 10:00:00 localhost sshd[1234]: Accepted password for user user1 from 192.168.1.10 port 22 ssh2
Jan 10 10:00:00 localhost sshd[1234]: Accepted password for user user1 from 192.168.1.10 port 22 ssh2
Jan 10 10:00:00 localhost sshd[1234]: Accepted password for user user1 from 192.168.1.10 port 22 ssh2
Jan 10 10:00:00 localhost sshd[1234]: Accepted password for user user1 from 192.168.1.10 port 22 ssh2
Jan 10 10:01:00 localhost sshd[1234]: Failed password for user root from 10.0.0.5 port 22 ssh2
Jan 10 10:00:00 localhost sshd[1234]: Accepted password for user user1 from 192.168.1.10 port 22 ssh2
Jan 10 10:00:00 localhost sshd[1234]: Accepted password for user user1 from 192.168.1.10 port 22 ssh2
Jan 10 10:00:00 localhost sshd[1234]: Accepted password for user user1 from 192.168.1.10 port 22 ssh2
Jan 10 10:00:00 localhost sshd[1234]: Accepted password for user user1 from 192.168.1.10 port 22 ssh2
Jan 10 10:00:00 localhost sshd[1234]: Accepted password for user user1 from 192.168.1.10 port 22 ssh2
Jan 10 10:00:00 localhost sshd[1234]: Accepted password for user user1 from 192.168.1.10 port 22 ssh2
Jan 10 10:00:00 localhost sshd[1234]: Accepted password for user user1 from 192.168.1.10 port 22 ssh2
Jan 10 10:00:00 localhost sshd[1234]: Accepted password for user user1 from 192.168.1.10 port 22 ssh2
Jan 10 10:00:00 localhost sshd[1234]: Accepted password for user user1 from 192.168.1.10 port 22 ssh2
Jan 10 10:03:00 localhost app[999]: Query: SELECT * FROM users WHERE id=1 OR 1=1
Jan 10 10:00:00 localhost sshd[1234]: Accepted password for user user1 from 192.168.1.10 port 22 ssh2
Jan 10 10:00:00 localhost sshd[1234]: Accepted password for user user1 from 192.168.1.10 port 22 ssh2
Jan 10 10:00:00 localhost sshd[1234]: Accepted password for user user1 from 192.168.1.10 port 22 ssh2
Jan 10 10:00:00 localhost sshd[1234]: Accepted password for user user1 from 192.168.1.10 port 22 ssh2
Jan 10 10:03:00 localhost app[999]: Query: SELECT * FROM users WHERE id=1 OR 1=1
Jan 10 10:00:00 localhost sshd[1234]: Accepted password for user user1 from 192.168.1.10 port 22 ssh2
Jan 10 10:00:00 localhost sshd[1234]: Accepted password for user user1 from 192.168.1.10 port 22 ssh2
Jan 10 10:02:00 localhost sudo:  hacker : TTY=pts/0 ; PWD=/home/hacker ; USER=root ; COMMAND=/bin/bash
Jan 10 10:00:00 localhost sshd[1234]: Accepted password for user user1 from 192.168.1.10 port 22 ssh2
Jan 10 10:00:00 localhost sshd[1234]: Accepted password for user user1 from 192.168.1.10 port 22 ssh2
Jan 10 10:00:00 localhost sshd[1234]: Accepted password for user user1 from 192.168.1.10 port 22 ssh2
Jan 10 10:01:00 localhost sshd[1234]: Failed password for user root from 10.0.0.5 port 22 ssh2
Jan 10 10:00:00 localhost sshd[1234]: Accepted password for user user1 from 192.168.1.10 port 22 ssh2
Jan 10 10:02:00 localhost sudo:  hacker : TTY=pts/0 ; PWD=/home/hacker ; USER=root ; COMMAND=/bin/bash
Jan 10 10:00:00 localhost sshd[1234]: Accepted password for user user1 from 192.168.1.10 port 22 ssh2
Jan 10 10:00:00 localhost sshd[1234]: Accepted password for user user1 from 192.168.1.10 port 22 ssh2
Jan 10 10:00:00 localhost sshd[1234]: Accepted password for user user1 from 192.168.1.10 port 22 ssh2
Jan 10 10:02:00 localhost sudo:  hacker : TTY=pts/0 ; PWD=/home/hacker ; USER=root ; COMMAND=/bin/bash
Jan 10 10:00:00 localhost sshd[1234]: Accepted password for user user1 from 192.168.1.10 port 22 ssh2
Jan 10 10:00:00 localhost sshd[1234]: Accepted password for user user1 from 192.168.1.10 port 22 ssh2
Jan 10 10:00:00 localhost sshd[1234]: Accepted password for user user1 from 192.168.1.10 port 22 ssh2
Jan 10 10:02:00 localhost sudo:  hacker : TTY=pts/0 ; PWD=/home/hacker ; USER=root ; COMMAND=/bin/bash
Jan 10 10:00:00 localhost sshd[1234]: Accepted password for user user1 from 192.168.1.10 port 22 ssh2
Jan 10 10:01:00 localhost sshd[1234]: Failed password for user root from 10.0.0.5 port 22 ssh2
Jan 10 10:00:00 localhost sshd[1234]: Accepted password for user user1 from 192.168.1.10 port 22 ssh2
Jan 10 10:00:00 localhost sshd[1234]: Accepted password for user user1 from 192.168.1.10 port 22 ssh2
Jan 10 10:00:00 localhost sshd[1234]: Accepted password for user user1 from 192.168.1.10 port 22 ssh2
Jan 10 10:00:00 localhost sshd[1234]: Accepted password for user user1 from 192.168.1.10 port 22 ssh2
Jan 10 10:00:00 localhost sshd[1234]: Accepted password for user user1 from 192.168.1.10 port 22 ssh2
Jan 10 10:00:00 localhost sshd[1234]: Accepted password for user user1 from 192.168.1.10 port 22 ssh2
Jan 10 10:02:00 localhost sudo:  hacker : TTY=pts/0 ; PWD=/home/hacker ; USER=root ; COMMAND=/bin/bash
Jan 10 10:00:00 localhost sshd[1234]: Accepted password for user user1 from 192.168.1.10 port 22 ssh2
Jan 10 10:03:00 localhost app[999]: Query: SELECT * FROM users WHERE id=1 OR 1=1
Jan 10 10:00:00 localhost sshd[1234]: Accepted password for user user1 from 192.168.1.10 port 22 ssh2
Jan 10 10:00:00 localhost sshd[1234]: Accepted password for user user1 from 192.168.1.10 port 22 ssh2
Jan 10 10:00:00 localhost sshd[1234]: Accepted password for user user1 from 192.168.1.10 port 22 ssh2
Jan 10 10:00:00 localhost sshd[1234]: Accepted password for user user1 from 192.168.1.10 port 22 ssh2
Jan 10 10:00:00 localhost sshd[1234]: Accepted password for user user1 from 192.168.1.10 port 22 ssh2
Jan 10 10:00:00 localhost sshd[1234]: Accepted password for user user1 from 192.168.1.10 port 22 ssh2
Jan 10 10:00:00 localhost sshd[1234]: Accepted password for user user1 from 192.168.1.10 port 22 ssh2
Jan 10 10:00:00 localhost sshd[1234]: Accepted password for user user1 from 192.168.1.10 port 22 ssh2
Jan 10 10:00:00 localhost sshd[1234]: Accepted password for user user1 from 192.168.1.10 port 22 ssh2
Jan 10 10:00:00 localhost sshd[1234]: Accepted password for user user1 from 192.168.1.10 port 22 ssh2
Jan 10 10:00:00 localhost sshd[1234]: Accepted password for user user1 from 192.168.1.10 port 22 ssh2
Jan 10 10:00:00 localhost sshd[1234]: Accepted password for user user1 from 192.168.1.10 port 22 ssh2
Jan 10 10:00:00 localhost sshd[1234]: Accepted password for user user1 from 192.168.1.10 port 22 ssh2
Jan 10 10:02:00 localhost sudo:  hacker : TTY=pts/0 ; PWD=/home/hacker ; USER=root ; COMMAND=/bin/bash
Jan 10 10:00:00 localhost sshd[1234]: Accepted password for user user1 from 192.168.1.10 port 22 ssh2
Jan 10 10:01:00 localhost sshd[1234]: Failed password for user root from 10.0.0.5 port 22 ssh2
Jan 10 10:00:00 localhost sshd[1234]: Accepted password for user user1 from 192.168.1.10 port 22 ssh2
Jan 10 10:00:00 localhost sshd[1234]: Accepted password for user user1 from 192.168.1.10 port 22 ssh2
Jan 10 10:00:00 localhost sshd[1234]: Accepted password for user user1 from 192.168.1.10 port 22 ssh2
Jan 10 10:01:00 localhost sshd[1234]: Failed password for user root from 10.0.0.5 port 22 ssh2
Jan 10 10:00:00 localhost sshd[1234]: Accepted password for user user1 from 192.168.1.10 port 22 ssh2
Jan 10 10:00:00 localhost sshd[1234]: Accepted password for user user1 from 192.168.1.10 port 22 ssh2
Jan 10 10:01:00 localhost sshd[1234]: Failed password for user root from 10.0.0.5 port 22 ssh2
Jan 10 10:00:00 localhost sshd[1234]: Accepted password for user user1 from 192.168.1.10 port 22 ssh2
Jan 10 10:00:00 localhost sshd[1234]: Accepted password for user user1 from 192.168.1.10 port 22 ssh2
Jan 10 10:01:00 localhost sshd[1234]: Failed password for user root from 10.0.0.5 port 22 ssh2
Jan 10 10:00:00 localhost sshd[1234]: Accepted password for user user1 from 192.168.1.10 port 22 ssh2
Jan 10 10:01:00 localhost sshd[1234]: Failed password for user root from 10.0.0.5 port 22 ssh2
Jan 10 10:00:00 localhost sshd[1234]: Accepted password for user user1 from 192.168.1.10 port 22 ssh2
Jan 10 10:03:00 localhost app[999]: Query: SELECT * FROM users WHERE id=1 OR 1=1
Jan 10 10:00:00 localhost sshd[1234]: Accepted password for user user1 from 192.168.1.10 port 22 ssh2
Jan 10 10:02:00 localhost sudo:  hacker : TTY=pts/0 ; PWD=/home/hacker ; USER=root ; COMMAND=/bin/bash
Jan 10 10:00:00 localhost sshd[1234]: Accepted password for user user1 from 192.168.1.10 port 22 ssh2
Jan 10 10:00:00 localhost sshd[1234]: Accepted password for user user1 from 192.168.1.10 port 22 ssh2
Jan 10 10:00:00 localhost sshd[1234]: Accepted password for user user1 from 192.168.1.10 port 22 ssh2
Jan 10 10:00:00 localhost sshd[1234]: Accepted password for user user1 from 192.168.1.10 port 22 ssh2
Jan 10 10:01:00 localhost sshd[1234]: Failed password for user root from 10.0.0.5 port 22 ssh2
Jan 10 10:00:00 localhost sshd[1234]: Accepted password for user user1 from 192.168.1.10 port 22 ssh2
Jan 10 10:00:00 localhost sshd[1234]: Accepted password for user user1 from 192.168.1.10 port 22 ssh2
Jan 10 10:00:00 localhost sshd[1234]: Accepted password for user user1 from 192.168.1.10 port 22 ssh2
Jan 10 10:00:00 localhost sshd[1234]: Accepted password for user user1 from 192.168.1.10 port 22 ssh2
Jan 10 10:00:00 localhost sshd[1234]: Accepted password for user user1 from 192.168.1.10 port 22 ssh2
Jan 10 10:00:00 localhost sshd[1234]: Accepted password for user user1 from 192.168.1.10 port 22 ssh2
Jan 10 10:00:00 localhost sshd[1234]: Accepted password for user user1 from 192.168.1.10 port 22 ssh2
Jan 10 10:00:00 localhost sshd[1234]: Accepted password for user user1 from 192.168.1.10 port 22 ssh2
Jan 10 10:00:00 localhost sshd[1234]: Accepted password for user user1 from 192.168.1.10 port 22 ssh2
Jan 10 10:00:00 localhost sshd[1234]: Accepted password for user user1 from 192.168.1.10 port 22 ssh2
Jan 10 10:00:00 localhost sshd[1234]: Accepted password for user user1 from 192.168.1.10 port 22 ssh2
Jan 10 10:03:00 localhost app[999]: Query: SELECT * FROM users WHERE id=1 OR 1=1
Jan 10 10:00:00 localhost sshd[1234]: Accepted password for user user1 from 192.168.1.10 port 22 ssh2
Jan 10 10:01:00 localhost sshd[1234]: Failed password for user root from 10.0.0.5 port 22 ssh2
Jan 10 10:00:00 localhost sshd[1234]: Accepted password for user user1 from 192.168.1.10 port 22 ssh2
Jan 10 10:00:00 localhost sshd[1234]: Accepted password for user user1 from 192.168.1.10 port 22 ssh2
Jan 10 10:00:00 localhost sshd[1234]: Accepted password for user user1 from 192.168.1.10 port 22 ssh2
Jan 10 10:00:00 localhost sshd[1234]: Accepted password for user user1 from 192.168.1.10 port 22 ssh2
Jan 10 10:00:00 localhost sshd[1234]: Accepted password for user user1 from 192.168.1.10 port 22 ssh2
Jan 10 10:02:00 localhost sudo:  hacker : TTY=pts/0 ; PWD=/home/hacker ; USER=root ; COMMAND=/bin/bash
Jan 10 10:00:00 localhost sshd[1234]: Accepted password for user user1 from 192.168.1.10 port 22 ssh2
Jan 10 10:00:00 localhost sshd[1234]: Accepted password for user user1 from 192.168.1.10 port 22 ssh2
Jan 10 10:00:00 localhost sshd[1234]: Accepted password for user user1 from 192.168.1.10 port 22 ssh2
Jan 10 10:00:00 localhost sshd[1234]: Accepted password for user user1 from 192.168.1.10 port 22 ssh2
Jan 10 10:00:00 localhost sshd[1234]: Accepted password for user user1 from 192.168.1.10 port 22 ssh2
Jan 10 10:01:00 localhost sshd[1234]: Failed password for user root from 10.0.0.5 port 22 ssh2
Jan 10 10:00:00 localhost sshd[1234]: Accepted password for user user1 from 192.168.1.10 port 22 ssh2
Jan 10 10:00:00 localhost sshd[1234]: Accepted password for user user1 from 192.168.1.10 port 22 ssh2
Jan 10 10:00:00 localhost sshd[1234]: Accepted password for user user1 from 192.168.1.10 port 22 ssh2
Jan 10 10:02:00 localhost sudo:  hacker : TTY=pts/0 ; PWD=/home/hacker ; USER=root ; COMMAND=/bin/bash
Jan 10 10:00:00 localhost sshd[1234]: Accepted password for user user1 from 192.168.1.10 port 22 ssh2
Jan 10 10:00:00 localhost sshd[1234]: Accepted password for user user1 from 192.168.1.10 port 22 ssh2
Jan 10 10:00:00 localhost sshd[1234]: Accepted password for user user1 from 192.168.1.10 port 22 ssh2
Jan 10 10:03:00 localhost app[999]: Query: SELECT * FROM users WHERE id=1 OR 1=1
Jan 10 10:00:00 localhost sshd[1234]: Accepted password for user user1 from 192.168.1.10 port 22 ssh2
Jan 10 10:00:00 localhost sshd[1234]: Accepted password for user user1 from 192.168.1.10 port 22 ssh2
Jan 10 10:00:00 localhost sshd[1234]: Accepted password for user user1 from 192.168.1.10 port 22 ssh2
Jan 10 10:00:00 localhost sshd[1234]: Accepted password for user user1 from 192.168.1.10 port 22 ssh2
Jan 10 10:00:00 localhost sshd[1234]: Accepted password for user user1 from 192.168.1.10 port 22 ssh2
Jan 10 10:03:00 localhost app[999]: Query: SELECT * FROM users WHERE id=1 OR 1=1
Jan 10 10:00:00 localhost sshd[1234]: Accepted password for user user1 from 192.168.1.10 port 22 ssh2
Jan 10 10:01:00 localhost sshd[1234]: Failed password for user root from 10.0.0.5 port 22 ssh2
Jan 10 10:00:00 localhost sshd[1234]: Accepted password for user user1 from 192.168.1.10 port 22 ssh2
Jan 10 10:01:00 localhost sshd[1234]: Failed password for user root from 10.0.0.5 port 22 ssh2
Jan 10 10:00:00 localhost sshd[1234]: Accepted password for user user1 from 192.168.1.10 port 22 ssh2
Jan 10 10:01:00 localhost sshd[1234]: Failed password for user root from 10.0.0.5 port 22 ssh2
Jan 10 10:00:00 localhost sshd[1234]: Accepted password for user user1 from 192.168.1.10 port 22 ssh2
Jan 10 10:00:00 localhost sshd[1234]: Accepted password for user user1 from 192.168.1.10 port 22 ssh2
Jan 10 10:00:00 localhost sshd[1234]: Accepted password for user user1 from 192.168.1.10 port 22 ssh2
Jan 10 10:00:00 localhost sshd[1234]: Accepted password for user user1 from 192.168.1.10 port 22 ssh2
Jan 10 10:00:00 localhost sshd[1234]: Accepted password for user user1 from 192.168.1.10 port 22 ssh2
Jan 10 10:00:00 localhost sshd[1234]: Accepted password for user user1 from 192.168.1.10 port 22 ssh2
Jan 10 10:00:00 localhost sshd[1234]: Accepted password for user user1 from 192.168.1.10 port 22 ssh2
Jan 10 10:02:00 localhost sudo:  hacker : TTY=pts/0 ; PWD=/home/hacker ; USER=root ; COMMAND=/bin/bash
Jan 10 10:00:00 localhost sshd[1234]: Accepted password for user user1 from 192.168.1.10 port 22 ssh2
Jan 10 10:00:00 localhost sshd[1234]: Accepted password for user user1 from 192.168.1.10 port 22 ssh2
Jan 10 10:00:00 localhost sshd[1234]: Accepted password for user user1 from 192.168.1.10 port 22 ssh2
Jan 10 10:03:00 localhost app[999]: Query: SELECT * FROM users WHERE id=1 OR 1=1
Jan 10 10:00:00 localhost sshd[1234]: Accepted password for user user1 from 192.168.1.10 port 22 ssh2
Jan 10 10:00:00 localhost sshd[1234]: Accepted password for user user1 from 192.168.1.10 port 22 ssh2
Jan 10 10:00:00 localhost sshd[1234]: Accepted password for user user1 from 192.168.1.10 port 22 ssh2
Jan 10 10:00:00 localhost sshd[1234]: Accepted password for user user1 from 192.168.1.10 port 22 ssh2
Jan 10 10:01:00 localhost sshd[1234]: Failed password for user root from 10.0.0.5 port 22 ssh2
Jan 10 10:00:00 localhost sshd[1234]: Accepted password for user user1 from 192.168.1.10 port 22 ssh2
Jan 10 10:03:00 localhost app[999]: Query: SELECT * FROM users WHERE id=1 OR 1=1
Jan 10 10:00:00 localhost sshd[1234]: Accepted password for user user1 from 192.168.1.10 port 22 ssh2
Jan 10 10:03:00 localhost app[999]: Query: SELECT * FROM users WHERE id=1 OR 1=1
Jan 10 10:00:00 localhost sshd[1234]: Accepted password for user user1 from 192.168.1.10 port 22 ssh2
Jan 10 10:03:00 localhost app[999]: Query: SELECT * FROM users WHERE id=1 OR 1=1
Jan 10 10:00:00 localhost sshd[1234]: Accepted password for user user1 from 192.168.1.10 port 22 ssh2
Jan 10 10:00:00 localhost sshd[1234]: Accepted password for user user1 from 192.168.1.10 port 22 ssh2
Jan 10 10:03:00 localhost app[999]: Query: SELECT * FROM users WHERE id=1 OR 1=1
Jan 10 10:00:00 localhost sshd[1234]: Accepted password for user user1 from 192.168.1.10 port 22 ssh2
Jan 10 10:00:00 localhost sshd[1234]: Accepted password for user user1 from 192.168.1.10 port 22 ssh2
Jan 10 10:00:00 localhost sshd[1234]: Accepted password for user user1 from 192.168.1.10 port 22 ssh2
Jan 10 10:00:00 localhost sshd[1234]: Accepted password for user user1 from 192.168.1.10 port 22 ssh2
Jan 10 10:00:00 localhost sshd[1234]: Accepted password for user user1 from 192.168.1.10 port 22 ssh2
Jan 10 10:02:00 localhost sudo:  hacker : TTY=pts/0 ; PWD=/home/hacker ; USER=root ; COMMAND=/bin/bash
Jan 10 10:00:00 localhost sshd[1234]: Accepted password for user user1 from 192.168.1.10 port 22 ssh2
Jan 10 10:03:00 localhost app[999]: Query: SELECT * FROM users WHERE id=1 OR 1=1
Jan 10 10:00:00 localhost sshd[1234]: Accepted password for user user1 from 192.168.1.10 port 22 ssh2
Jan 10 10:00:00 localhost sshd[1234]: Accepted password for user user1 from 192.168.1.10 port 22 ssh2
Jan 10 10:00:00 localhost sshd[1234]: Accepted password for user user1 from 192.168.1.10 port 22 ssh2
Jan 10 10:00:00 localhost sshd[1234]: Accepted password for user user1 from 192.168.1.10 port 22 ssh2
Jan 10 10:01:00 localhost sshd[1234]: Failed password for user root from 10.0.0.5 port 22 ssh2
Jan 10 10:00:00 localhost sshd[1234]: Accepted password for user user1 from 192.168.1.10 port 22 ssh2
Jan 10 10:02:00 localhost sudo:  hacker : TTY=pts/0 ; PWD=/home/hacker ; USER=root ; COMMAND=/bin/bash
Jan 10 10:00:00 localhost sshd[1234]: Accepted password for user user1 from 192.168.1.10 port 22 ssh2
Jan 10 10:00:00 localhost sshd[1234]: Accepted password for user user1 from 192.168.1.10 port 22 ssh2
Jan 10 10:02:00 localhost sudo:  hacker : TTY=pts/0 ; PWD=/home/hacker ; USER=root ; COMMAND=/bin/bash
Jan 10 10:00:00 localhost sshd[1234]: Accepted password for user user1 from 192.168.1.10 port 22 ssh2
Jan 10 10:00:00 localhost sshd[1234]: Accepted password for user user1 from 192.168.1.10 port 22 ssh2
Jan 10 10:00:00 localhost sshd[1234]: Accepted password for user user1 from 192.168.1.10 port 22 ssh2
Jan 10 10:01:00 localhost sshd[1234]: Failed password for user root from 10.0.0.5 port 22 ssh2
Jan 10 10:00:00 localhost sshd[1234]: Accepted password for user user1 from 192.168.1.10 port 22 ssh2
Jan 10 10:02:00 localhost sudo:  hacker : TTY=pts/0 ; PWD=/home/hacker ; USER=root ; COMMAND=/bin/bash
Jan 10 10:00:00 localhost sshd[1234]: Accepted password for user user1 from 192.168.1.10 port 22 ssh2
Jan 10 10:00:00 localhost sshd[1234]: Accepted password for user user1 from 192.168.1.10 port 22 ssh2
Jan 10 10:00:00 localhost sshd[1234]: Accepted password for user user1 from 192.168.1.10 port 22 ssh2
Jan 10 10:00:00 localhost sshd[1234]: Accepted password for user user1 from 192.168.1.10 port 22 ssh2
Jan 10 10:00:00 localhost sshd[1234]: Accepted password for user user1 from 192.168.1.10 port 22 ssh2
Jan 10 10:00:00 localhost sshd[1234]: Accepted password for user user1 from 192.168.1.10 port 22 ssh2
Jan 10 10:00:00 localhost sshd[1234]: Accepted password for user user1 from 192.168.1.10 port 22 ssh2
Jan 10 10:02:00 localhost sudo:  hacker : TTY=pts/0 ; PWD=/home/hacker ; USER=root ; COMMAND=/bin/bash
Jan 10 10:00:00 localhost sshd[1234]: Accepted password for user user1 from 192.168.1.10 port 22 ssh2
Jan 10 10:00:00 localhost sshd[1234]: Accepted password for user user1 from 192.168.1.10 port 22 ssh2
Jan 10 10:00:00 localhost sshd[1234]: Accepted password for user user1 from 192.168.1.10 port 22 ssh2
Jan 10 10:00:00 localhost sshd[1234]: Accepted password for user user1 from 192.168.1.10 port 22 ssh2
Jan 10 10:00:00 localhost sshd[1234]: Accepted password for user user1 from 192.168.1.10 port 22 ssh2
Jan 10 10:00:00 localhost sshd[1234]: Accepted password for user user1 from 192.168.1.10 port 22 ssh2
Jan 10 10:03:00 localhost app[999]: Query: SELECT * FROM users WHERE id=1 OR 1=1
Jan 10 10:00:00 localhost sshd[1234]: Accepted password for user user1 from 192.168.1.10 port 22 ssh2
Jan 10 10:00:00 localhost sshd[1234]: Accepted password for user user1 from 192.168.1.10 port 22 ssh2
Jan 10 10:01:00 localhost sshd[1234]: Failed password for user root from 10.0.0.5 port 22 ssh2
Jan 10 10:00:00 localhost sshd[1234]: Accepted password for user user1 from 192.168.1.10 port 22 ssh2
Jan 10 10:03:00 localhost app[999]: Query: SELECT * FROM users WHERE id=1 OR 1=1
Jan 10 10:00:00 localhost sshd[1234]: Accepted password for user user1 from 192.168.1.10 port 22 ssh2
Jan 10 10:00:00 localhost sshd[1234]: Accepted password for user user1 from 192.168.1.10 port 22 ssh2
Jan 10 10:03:00 localhost app[999]: Query: SELECT * FROM users WHERE id=1 OR 1=1
Jan 10 10:00:00 localhost sshd[1234]: Accepted password for user user1 from 192.168.1.10 port 22 ssh2
Jan 10 10:00:00 localhost sshd[1234]: Accepted password for user user1 from 192.168.1.10 port 22 ssh2
Jan 10 10:00:00 localhost sshd[1234]: Accepted password for user user1 from 192.168.1.10 port 22 ssh2
Jan 10 10:00:00 localhost sshd[1234]: Accepted password for user user1 from 192.168.1.10 port 22 ssh2
Jan 10 10:00:00 localhost sshd[1234]: Accepted password for user user1 from 192.168.1.10 port 22 ssh2
Jan 10 10:01:00 localhost sshd[1234]: Failed password for user root from 10.0.0.5 port 22 ssh2
Jan 10 10:00:00 localhost sshd[1234]: Accepted password for user user1 from 192.168.1.10 port 22 ssh2
Jan 10 10:00:00 localhost sshd[1234]: Accepted password for user user1 from 192.168.1.10 port 22 ssh2
Jan 10 10:00:00 localhost sshd[1234]: Accepted password for user user1 from 192.168.1.10 port 22 ssh2
Jan 10 10:00:00 localhost sshd[1234]: Accepted password for user user1 from 192.168.1.10 port 22 ssh2
Jan 10 10:00:00 localhost sshd[1234]: Accepted password for user user1 from 192.168.1.10 port 22 ssh2
Jan 10 10:00:00 localhost sshd[1234]: Accepted password for user user1 from 192.168.1.10 port 22 ssh2
Jan 10 10:00:00 localhost sshd[1234]: Accepted password for user user1 from 192.168.1.10 port 22 ssh2
Jan 10 10:03:00 localhost app[999]: Query: SELECT * FROM users WHERE id=1 OR 1=1
Jan 10 10:00:00 localhost sshd[1234]: Accepted password for user user1 from 192.168.1.10 port 22 ssh2
Jan 10 10:02:00 localhost sudo:  hacker : TTY=pts/0 ; PWD=/home/hacker ; USER=root ; COMMAND=/bin/bash
Jan 10 10:00:00 localhost sshd[1234]: Accepted password for user user1 from 192.168.1.10 port 22 ssh2
Jan 10 10:00:00 localhost sshd[1234]: Accepted password for user user1 from 192.168.1.10 port 22 ssh2
Jan 10 10:00:00 localhost sshd[1234]: Accepted password for user user1 from 192.168.1.10 port 22 ssh2
Jan 10 10:00:00 localhost sshd[1234]: Accepted password for user user1 from 192.168.1.10 port 22 ssh2
Jan 10 10:02:00 localhost sudo:  hacker : TTY=pts/0 ; PWD=/home/hacker ; USER=root ; COMMAND=/bin/bash
Jan 10 10:00:00 localhost sshd[1234]: Accepted password for user user1 from 192.168.1.10 port 22 ssh2
Jan 10 10:00:00 localhost sshd[1234]: Accepted password for user user1 from 192.168.1.10 port 22 ssh2
Jan 10 10:03:00 localhost app[999]: Query: SELECT * FROM users WHERE id=1 OR 1=1
Jan 10 10:00:00 localhost sshd[1234]: Accepted password for user user1 from 192.168.1.10 port 22 ssh2
Jan 10 10:00:00 localhost sshd[1234]: Accepted password for user user1 from 192.168.1.10 port 22 ssh2
Jan 10 10:00:00 localhost sshd[1234]: Accepted password for user user1 from 192.168.1.10 port 22 ssh2
Jan 10 10:00:00 localhost sshd[1234]: Accepted password for user user1 from 192.168.1.10 port 22 ssh2
Jan 10 10:02:00 localhost sudo:  hacker : TTY=pts/0 ; PWD=/home/hacker ; USER=root ; COMMAND=/bin/bash
Jan 10 10:00:00 localhost sshd[1234]: Accepted password for user user1 from 192.168.1.10 port 22 ssh2
Jan 10 10:02:00 localhost sudo:  hacker : TTY=pts/0 ; PWD=/home/hacker ; USER=root ; COMMAND=/bin/bash
Jan 10 10:00:00 localhost sshd[1234]: Accepted password for user user1 from 192.168.1.10 port 22 ssh2
Jan 10 10:03:00 localhost app[999]: Query: SELECT * FROM users WHERE id=1 OR 1=1
Jan 10 10:00:00 localhost sshd[1234]: Accepted password for user user1 from 192.168.1.10 port 22 ssh2
Jan 10 10:00:00 localhost sshd[1234]: Accepted password for user user1 from 192.168.1.10 port 22 ssh2
Jan 10 10:00:00 localhost sshd[1234]: Accepted password for user user1 from 192.168.1.10 port 22 ssh2
Jan 10 10:00:00 localhost sshd[1234]: Accepted password for user user1 from 192.168.1.10 port 22 ssh2
Jan 10 10:00:00 localhost sshd[1234]: Accepted password for user user1 from 192.168.1.10 port 22 ssh2
Jan 10 10:00:00 localhost sshd[1234]: Accepted password for user user1 from 192.168.1.10 port 22 ssh2
Jan 10 10:01:00 localhost sshd[1234]: Failed password for user root from 10.0.0.5 port 22 ssh2
Jan 10 10:00:00 localhost sshd[1234]: Accepted password for user user1 from 192.168.1.10 port 22 ssh2
Jan 10 10:00:00 localhost sshd[1234]: Accepted password for user user1 from 192.168.1.10 port 22 ssh2
Jan 10 10:00:00 localhost sshd[1234]: Accepted password for user user1 from 192.168.1.10 port 22 ssh2
Jan 10 10:00:00 localhost sshd[1234]: Accepted password for user user1 from 192.168.1.10 port 22 ssh2
Jan 10 10:00:00 localhost sshd[1234]: Accepted password for user user1 from 192.168.1.10 port 22 ssh2
Jan 10 10:00:00 localhost sshd[1234]: Accepted password for user user1 from 192.168.1.10 port 22 ssh2
Jan 10 10:00:00 localhost sshd[1234]: Accepted password for user user1 from 192.168.1.10 port 22 ssh2
Jan 10 10:01:00 localhost sshd[1234]: Failed password for user root from 10.0.0.5 port 22 ssh2
Jan 10 10:00:00 localhost sshd[1234]: Accepted password for user user1 from 192.168.1.10 port 22 ssh2
Jan 10 10:02:00 localhost sudo:  hacker : TTY=pts/0 ; PWD=/home/hacker ; USER=root ; COMMAND=/bin/bash
Jan 10 10:00:00 localhost sshd[1234]: Accepted password for user user1 from 192.168.1.10 port 22 ssh2
Jan 10 10:00:00 localhost sshd[1234]: Accepted password for user user1 from 192.168.1.10 port 22 ssh2
Jan 10 10:00:00 localhost sshd[1234]: Accepted password for user user1 from 192.168.1.10 port 22 ssh2
Jan 10 10:01:00 localhost sshd[1234]: Failed password for user root from 10.0.0.5 port 22 ssh2
Jan 10 10:00:00 localhost sshd[1234]: Accepted password for user user1 from 192.168.1.10 port 22 ssh2
Jan 10 10:03:00 localhost app[999]: Query: SELECT * FROM users WHERE id=1 OR 1=1
Jan 10 10:00:00 localhost sshd[1234]: Accepted password for user user1 from 192.168.1.10 port 22 ssh2
Jan 10 10:00:00 localhost sshd[1234]: Accepted password for user user1 from 192.168.1.10 port 22 ssh2
Jan 10 10:00:00 localhost sshd[1234]: Accepted password for user user1 from 192.168.1.10 port 22 ssh2
Jan 10 10:03:00 localhost app[999]: Query: SELECT * FROM users WHERE id=1 OR 1=1
Jan 10 10:00:00 localhost sshd[1234]: Accepted password for user user1 from 192.168.1.10 port 22 ssh2
Jan 10 10:00:00 localhost sshd[1234]: Accepted password for user user1 from 192.168.1.10 port 22 ssh2
Jan 10 10:00:00 localhost sshd[1234]: Accepted password for user user1 from 192.168.1.10 port 22 ssh2
Jan 10 10:00:00 localhost sshd[1234]: Accepted password for user user1 from 192.168.1.10 port 22 ssh2
Jan 10 10:01:00 localhost sshd[1234]: Failed password for user root from 10.0.0.5 port 22 ssh2
Jan 10 10:00:00 localhost sshd[1234]: Accepted password for user user1 from 192.168.1.10 port 22 ssh2
Jan 10 10:00:00 localhost sshd[1234]: Accepted password for user user1 from 192.168.1.10 port 22 ssh2
Jan 10 10:00:00 localhost sshd[1234]: Accepted password for user user1 from 192.168.1.10 port 22 ssh2
Jan 10 10:00:00 localhost sshd[1234]: Accepted password for user user1 from 192.168.1.10 port 22 ssh2
Jan 10 10:00:00 localhost sshd[1234]: Accepted password for user user1 from 192.168.1.10 port 22 ssh2
Jan 10 10:00:00 localhost sshd[1234]: Accepted password for user user1 from 192.168.1.10 port 22 ssh2
Jan 10 10:00:00 localhost sshd[1234]: Accepted password for user user1 from 192.168.1.10 port 22 ssh2
Jan 10 10:00:00 localhost sshd[1234]: Accepted password for user user1 from 192.168.1.10 port 22 ssh2
Jan 10 10:00:00 localhost sshd[1234]: Accepted password for user user1 from 192.168.1.10 port 22 ssh2
Jan 10 10:00:00 localhost sshd[1234]: Accepted password for user user1 from 192.168.1.10 port 22 ssh2
Jan 10 10:03:00 localhost app[999]: Query: SELECT * FROM users WHERE id=1 OR 1=1
Jan 10 10:00:00 localhost sshd[1234]: Accepted password for user user1 from 192.168.1.10 port 22 ssh2
Jan 10 10:00:00 localhost sshd[1234]: Accepted password for user user1 from 192.168.1.10 port 22 ssh2
Jan 10 10:00:00 localhost sshd[1234]: Accepted password for user user1 from 192.168.1.10 port 22 ssh2
Jan 10 10:03:00 localhost app[999]: Query: SELECT * FROM users WHERE id=1 OR 1=1
Jan 10 10:00:00 localhost sshd[1234]: Accepted password for user user1 from 192.168.1.10 port 22 ssh2
Jan 10 10:00:00 localhost sshd[1234]: Accepted password for user user1 from 192.168.1.10 port 22 ssh2
Jan 10 10:00:00 localhost sshd[1234]: Accepted password for user user1 from 192.168.1.10 port 22 ssh2
Jan 10 10:02:00 localhost sudo:  hacker : TTY=pts/0 ; PWD=/home/hacker ; USER=root ; COMMAND=/bin/bash
Jan 10 10:00:00 localhost sshd[1234]: Accepted password for user user1 from 192.168.1.10 port 22 ssh2
Jan 10 10:00:00 localhost sshd[1234]: Accepted password for user user1 from 192.168.1.10 port 22 ssh2
Jan 10 10:00:00 localhost sshd[1234]: Accepted password for user user1 from 192.168.1.10 port 22 ssh2
Jan 10 10:00:00 localhost sshd[1234]: Accepted password for user user1 from 192.168.1.10 port 22 ssh2
Jan 10 10:03:00 localhost app[999]: Query: SELECT * FROM users WHERE id=1 OR 1=1
Jan 10 10:00:00 localhost sshd[1234]: Accepted password for user user1 from 192.168.1.10 port 22 ssh2
Jan 10 10:01:00 localhost sshd[1234]: Failed password for user root from 10.0.0.5 port 22 ssh2
Jan 10 10:00:00 localhost sshd[1234]: Accepted password for user user1 from 192.168.1.10 port 22 ssh2
Jan 10 10:00:00 localhost sshd[1234]: Accepted password for user user1 from 192.168.1.10 port 22 ssh2
Jan 10 10:03:00 localhost app[999]: Query: SELECT * FROM users WHERE id=1 OR 1=1
Jan 10 10:00:00 localhost sshd[1234]: Accepted password for user user1 from 192.168.1.10 port 22 ssh2
Jan 10 10:02:00 localhost sudo:  hacker : TTY=pts/0 ; PWD=/home/hacker ; USER=root ; COMMAND=/bin/bash
Jan 10 10:00:00 localhost sshd[1234]: Accepted password for user user1 from 192.168.1.10 port 22 ssh2
Jan 10 10:00:00 localhost sshd[1234]: Accepted password for user user1 from 192.168.1.10 port 22 ssh2
Jan 10 10:00:00 localhost sshd[1234]: Accepted password for user user1 from 192.168.1.10 port 22 ssh2
Jan 10 10:00:00 localhost sshd[1234]: Accepted password for user user1 from 192.168.1.10 port 22 ssh2
Jan 10 10:00:00 localhost sshd[1234]: Accepted password for user user1 from 192.168.1.10 port 22 ssh2
Jan 10 10:00:00 localhost sshd[1234]: Accepted password for user user1 from 192.168.1.10 port 22 ssh2
Jan 10 10:00:00 localhost sshd[1234]: Accepted password for user user1 from 192.168.1.10 port 22 ssh2
Jan 10 10:00:00 localhost sshd[1234]: Accepted password for user user1 from 192.168.1.10 port 22 ssh2
Jan 10 10:01:00 localhost sshd[1234]: Failed password for user root from 10.0.0.5 port 22 ssh2
Jan 10 10:00:00 localhost sshd[1234]: Accepted password for user user1 from 192.168.1.10 port 22 ssh2
Jan 10 10:00:00 localhost sshd[1234]: Accepted password for user user1 from 192.168.1.10 port 22 ssh2
Jan 10 10:00:00 localhost sshd[1234]: Accepted password for user user1 from 192.168.1.10 port 22 ssh2
Jan 10 10:00:00 localhost sshd[1234]: Accepted password for user user1 from 192.168.1.10 port 22 ssh2
Jan 10 10:03:00 localhost app[999]: Query: SELECT * FROM users WHERE id=1 OR 1=1
Jan 10 10:00:00 localhost sshd[1234]: Accepted password for user user1 from 192.168.1.10 port 22 ssh2
Jan 10 10:00:00 localhost sshd[1234]: Accepted password for user user1 from 192.168.1.10 port 22 ssh2
Jan 10 10:00:00 localhost sshd[1234]: Accepted password for user user1 from 192.168.1.10 port 22 ssh2
Jan 10 10:00:00 localhost sshd[1234]: Accepted password for user user1 from 192.168.1.10 port 22 ssh2
Jan 10 10:00:00 localhost sshd[1234]: Accepted password for user user1 from 192.168.1.10 port 22 ssh2
Jan 10 10:00:00 localhost sshd[1234]: Accepted password for user user1 from 192.168.1.10 port 22 ssh2
Jan 10 10:00:00 localhost sshd[1234]: Accepted password for user user1 from 192.168.1.10 port 22 ssh2
Jan 10 10:00:00 localhost sshd[1234]: Accepted password for user user1 from 192.168.1.10 port 22 ssh2
Jan 10 10:00:00 localhost sshd[1234]: Accepted password for user user1 from 192.168.1.10 port 22 ssh2
Jan 10 10:02:00 localhost sudo:  hacker : TTY=pts/0 ; PWD=/home/hacker ; USER=root ; COMMAND=/bin/bash
Jan 10 10:00:00 localhost sshd[1234]: Accepted password for user user1 from 192.168.1.10 port 22 ssh2
Jan 10 10:00:00 localhost sshd[1234]: Accepted password for user user1 from 192.168.1.10 port 22 ssh2
Jan 10 10:00:00 localhost sshd[1234]: Accepted password for user user1 from 192.168.1.10 port 22 ssh2
Jan 10 10:00:00 localhost sshd[1234]: Accepted password for user user1 from 192.168.1.10 port 22 ssh2
Jan 10 10:00:00 localhost sshd[1234]: Accepted password for user user1 from 192.168.1.10 port 22 ssh2
Jan 10 10:00:00 localhost sshd[1234]: Accepted password for user user1 from 192.168.1.10 port 22 ssh2
Jan 10 10:00:00 localhost sshd[1234]: Accepted password for user user1 from 192.168.1.10 port 22 ssh2
Jan 10 10:00:00 localhost sshd[1234]: Accepted password for user user1 from 192.168.1.10 port 22 ssh2
Jan 10 10:00:00 localhost sshd[1234]: Accepted password for user user1 from 192.168.1.10 port 22 ssh2
Jan 10 10:00:00 localhost sshd[1234]: Accepted password for user user1 from 192.168.1.10 port 22 ssh2
Jan 10 10:00:00 localhost sshd[1234]: Accepted password for user user1 from 192.168.1.10 port 22 ssh2
Jan 10 10:00:00 localhost sshd[1234]: Accepted password for user user1 from 192.168.1.10 port 22 ssh2
Jan 10 10:02:00 localhost sudo:  hacker : TTY=pts/0 ; PWD=/home/hacker ; USER=root ; COMMAND=/bin/bash
Jan 10 10:00:00 localhost sshd[1234]: Accepted password for user user1 from 192.168.1.10 port 22 ssh2
Jan 10 10:00:00 localhost sshd[1234]: Accepted password for user user1 from 192.168.1.10 port 22 ssh2
Jan 10 10:01:00 localhost sshd[1234]: Failed password for user root from 10.0.0.5 port 22 ssh2
Jan 10 10:00:00 localhost sshd[1234]: Accepted password for user user1 from 192.168.1.10 port 22 ssh2
Jan 10 10:00:00 localhost sshd[1234]: Accepted password for user user1 from 192.168.1.10 port 22 ssh2
Jan 10 10:00:00 localhost sshd[1234]: Accepted password for user user1 from 192.168.1.10 port 22 ssh2
Jan 10 10:03:00 localhost app[999]: Query: SELECT * FROM users WHERE id=1 OR 1=1
Jan 10 10:00:00 localhost sshd[1234]: Accepted password for user user1 from 192.168.1.10 port 22 ssh2
Jan 10 10:00:00 localhost sshd[1234]: Accepted password for user user1 from 192.168.1.10 port 22 ssh2
Jan 10 10:00:00 localhost sshd[1234]: Accepted password for user user1 from 192.168.1.10 port 22 ssh2
Jan 10 10:00:00 localhost sshd[1234]: Accepted password for user user1 from 192.168.1.10 port 22 ssh2
Jan 10 10:00:00 localhost sshd[1234]: Accepted password for user user1 from 192.168.1.10 port 22 ssh2
Jan 10 10:00:00 localhost sshd[1234]: Accepted password for user user1 from 192.168.1.10 port 22 ssh2
Jan 10 10:00:00 localhost sshd[1234]: Accepted password for user user1 from 192.168.1.10 port 22 ssh2
Jan 10 10:00:00 localhost sshd[1234]: Accepted password for user user1 from 192.168.1.10 port 22 ssh2
Jan 10 10:00:00 localhost sshd[1234]: Accepted password for user user1 from 192.168.1.10 port 22 ssh2
Jan 10 10:02:00 localhost sudo:  hacker : TTY=pts/0 ; PWD=/home/hacker ; USER=root ; COMMAND=/bin/bash
Jan 10 10:00:00 localhost sshd[1234]: Accepted password for user user1 from 192.168.1.10 port 22 ssh2
Jan 10 10:00:00 localhost sshd[1234]: Accepted password for user user1 from 192.168.1.10 port 22 ssh2
Jan 10 10:00:00 localhost sshd[1234]: Accepted password for user user1 from 192.168.1.10 port 22 ssh2
Jan 10 10:00:00 localhost sshd[1234]: Accepted password for user user1 from 192.168.1.10 port 22 ssh2
Jan 10 10:00:00 localhost sshd[1234]: Accepted password for user user1 from 192.168.1.10 port 22 ssh2
Jan 10 10:00:00 localhost sshd[1234]: Accepted password for user user1 from 192.168.1.10 port 22 ssh2
Jan 10 10:00:00 localhost sshd[1234]: Accepted password for user user1 from 192.168.1.10 port 22 ssh2
Jan 10 10:00:00 localhost sshd[1234]: Accepted password for user user1 from 192.168.1.10 port 22 ssh2
Jan 10 10:00:00 localhost sshd[1234]: Accepted password for user user1 from 192.168.1.10 port 22 ssh2
Jan 10 10:00:00 localhost sshd[1234]: Accepted password for user user1 from 192.168.1.10 port 22 ssh2
Jan 10 10:00:00 localhost sshd[1234]: Accepted password for user user1 from 192.168.1.10 port 22 ssh2
Jan 10 10:00:00 localhost sshd[1234]: Accepted password for user user1 from 192.168.1.10 port 22 ssh2
Jan 10 10:00:00 localhost sshd[1234]: Accepted password for user user1 from 192.168.1.10 port 22 ssh2
Jan 10 10:00:00 localhost sshd[1234]: Accepted password for user user1 from 192.168.1.10 port 22 ssh2
Jan 10 10:01:00 localhost sshd[1234]: Failed password for user root from 10.0.0.5 port 22 ssh2
Jan 10 10:00:00 localhost sshd[1234]: Accepted password for user user1 from 192.168.1.10 port 22 ssh2
Jan 10 10:00:00 localhost sshd[1234]: Accepted password for user user1 from 192.168.1.10 port 22 ssh2
Jan 10 10:01:00 localhost sshd[1234]: Failed password for user root from 10.0.0.5 port 22 ssh2
Jan 10 10:00:00 localhost sshd[1234]: Accepted password for user user1 from 192.168.1.10 port 22 ssh2
Jan 10 10:01:00 localhost sshd[1234]: Failed password for user root from 10.0.0.5 port 22 ssh2
Jan 10 10:00:00 localhost sshd[1234]: Accepted password for user user1 from 192.168.1.10 port 22 ssh2
Jan 10 10:00:00 localhost sshd[1234]: Accepted password for user user1 from 192.168.1.10 port 22 ssh2
Jan 10 10:00:00 localhost sshd[1234]: Accepted password for user user1 from 192.168.1.10 port 22 ssh2
Jan 10 10:00:00 localhost sshd[1234]: Accepted password for user user1 from 192.168.1.10 port 22 ssh2
Jan 10 10:00:00 localhost sshd[1234]: Accepted password for user user1 from 192.168.1.10 port 22 ssh2
Jan 10 10:03:00 localhost app[999]: Query: SELECT * FROM users WHERE id=1 OR 1=1
Jan 10 10:00:00 localhost sshd[1234]: Accepted password for user user1 from 192.168.1.10 port 22 ssh2
Jan 10 10:00:00 localhost sshd[1234]: Accepted password for user user1 from 192.168.1.10 port 22 ssh2
Jan 10 10:00:00 localhost sshd[1234]: Accepted password for user user1 from 192.168.1.10 port 22 ssh2
Jan 10 10:03:00 localhost app[999]: Query: SELECT * FROM users WHERE id=1 OR 1=1
Jan 10 10:00:00 localhost sshd[1234]: Accepted password for user user1 from 192.168.1.10 port 22 ssh2
Jan 10 10:00:00 localhost sshd[1234]: Accepted password for user user1 from 192.168.1.10 port 22 ssh2
Jan 10 10:01:00 localhost sshd[1234]: Failed password for user root from 10.0.0.5 port 22 ssh2
Jan 10 10:00:00 localhost sshd[1234]: Accepted password for user user1 from 192.168.1.10 port 22 ssh2
Jan 10 10:00:00 localhost sshd[1234]: Accepted password for user user1 from 192.168.1.10 port 22 ssh2
Jan 10 10:01:00 localhost sshd[1234]: Failed password for user root from 10.0.0.5 port 22 ssh2
Jan 10 10:00:00 localhost sshd[1234]: Accepted password for user user1 from 192.168.1.10 port 22 ssh2
Jan 10 10:00:00 localhost sshd[1234]: Accepted password for user user1 from 192.168.1.10 port 22 ssh2
Jan 10 10:03:00 localhost app[999]: Query: SELECT * FROM users WHERE id=1 OR 1=1
Jan 10 10:00:00 localhost sshd[1234]: Accepted password for user user1 from 192.168.1.10 port 22 ssh2
Jan 10 10:00:00 localhost sshd[1234]: Accepted password for user user1 from 192.168.1.10 port 22 ssh2
Jan 10 10:00:00 localhost sshd[1234]: Accepted password for user user1 from 192.168.1.10 port 22 ssh2
Jan 10 10:01:00 localhost sshd[1234]: Failed password for user root from 10.0.0.5 port 22 ssh2
Jan 10 10:00:00 localhost sshd[1234]: Accepted password for user user1 from 192.168.1.10 port 22 ssh2
Jan 10 10:00:00 localhost sshd[1234]: Accepted password for user user1 from 192.168.1.10 port 22 ssh2
Jan 10 10:00:00 localhost sshd[1234]: Accepted password for user user1 from 192.168.1.10 port 22 ssh2
Jan 10 10:02:00 localhost sudo:  hacker : TTY=pts/0 ; PWD=/home/hacker ; USER=root ; COMMAND=/bin/bash
Jan 10 10:00:00 localhost sshd[1234]: Accepted password for user user1 from 192.168.1.10 port 22 ssh2
Jan 10 10:00:00 localhost sshd[1234]: Accepted password for user user1 from 192.168.1.10 port 22 ssh2
Jan 10 10:00:00 localhost sshd[1234]: Accepted password for user user1 from 192.168.1.10 port 22 ssh2
Jan 10 10:01:00 localhost sshd[1234]: Failed password for user root from 10.0.0.5 port 22 ssh2
Jan 10 10:00:00 localhost sshd[1234]: Accepted password for user user1 from 192.168.1.10 port 22 ssh2
Jan 10 10:00:00 localhost sshd[1234]: Accepted password for user user1 from 192.168.1.10 port 22 ssh2
Jan 10 10:02:00 localhost sudo:  hacker : TTY=pts/0 ; PWD=/home/hacker ; USER=root ; COMMAND=/bin/bash
Jan 10 10:00:00 localhost sshd[1234]: Accepted password for user user1 from 192.168.1.10 port 22 ssh2
Jan 10 10:03:00 localhost app[999]: Query: SELECT * FROM users WHERE id=1 OR 1=1
Jan 10 10:00:00 localhost sshd[1234]: Accepted password for user user1 from 192.168.1.10 port 22 ssh2
Jan 10 10:02:00 localhost sudo:  hacker : TTY=pts/0 ; PWD=/home/hacker ; USER=root ; COMMAND=/bin/bash
Jan 10 10:00:00 localhost sshd[1234]: Accepted password for user user1 from 192.168.1.10 port 22 ssh2
Jan 10 10:00:00 localhost sshd[1234]: Accepted password for user user1 from 192.168.1.10 port 22 ssh2
Jan 10 10:00:00 localhost sshd[1234]: Accepted password for user user1 from 192.168.1.10 port 22 ssh2
Jan 10 10:00:00 localhost sshd[1234]: Accepted password for user user1 from 192.168.1.10 port 22 ssh2
Jan 10 10:03:00 localhost app[999]: Query: SELECT * FROM users WHERE id=1 OR 1=1
Jan 10 10:00:00 localhost sshd[1234]: Accepted password for user user1 from 192.168.1.10 port 22 ssh2
Jan 10 10:00:00 localhost sshd[1234]: Accepted password for user user1 from 192.168.1.10 port 22 ssh2
Jan 10 10:00:00 localhost sshd[1234]: Accepted password for user user1 from 192.168.1.10 port 22 ssh2
Jan 10 10:00:00 localhost sshd[1234]: Accepted password for user user1 from 192.168.1.10 port 22 ssh2
Jan 10 10:00:00 localhost sshd[1234]: Accepted password for user user1 from 192.168.1.10 port 22 ssh2
Jan 10 10:00:00 localhost sshd[1234]: Accepted password for user user1 from 192.168.1.10 port 22 ssh2
Jan 10 10:00:00 localhost sshd[1234]: Accepted password for user user1 from 192.168.1.10 port 22 ssh2
Jan 10 10:01:00 localhost sshd[1234]: Failed password for user root from 10.0.0.5 port 22 ssh2
Jan 10 10:00:00 localhost sshd[1234]: Accepted password for user user1 from 192.168.1.10 port 22 ssh2
Jan 10 10:02:00 localhost sudo:  hacker : TTY=pts/0 ; PWD=/home/hacker ; USER=root ; COMMAND=/bin/bash
Jan 10 10:00:00 localhost sshd[1234]: Accepted password for user user1 from 192.168.1.10 port 22 ssh2
Jan 10 10:03:00 localhost app[999]: Query: SELECT * FROM users WHERE id=1 OR 1=1
Jan 10 10:00:00 localhost sshd[1234]: Accepted password for user user1 from 192.168.1.10 port 22 ssh2
Jan 10 10:00:00 localhost sshd[1234]: Accepted password for user user1 from 192.168.1.10 port 22 ssh2
Jan 10 10:00:00 localhost sshd[1234]: Accepted password for user user1 from 192.168.1.10 port 22 ssh2
Jan 10 10:00:00 localhost sshd[1234]: Accepted password for user user1 from 192.168.1.10 port 22 ssh2
Jan 10 10:00:00 localhost sshd[1234]: Accepted password for user user1 from 192.168.1.10 port 22 ssh2
Jan 10 10:00:00 localhost sshd[1234]: Accepted password for user user1 from 192.168.1.10 port 22 ssh2
Jan 10 10:00:00 localhost sshd[1234]: Accepted password for user user1 from 192.168.1.10 port 22 ssh2
Jan 10 10:02:00 localhost sudo:  hacker : TTY=pts/0 ; PWD=/home/hacker ; USER=root ; COMMAND=/bin/bash
Jan 10 10:00:00 localhost sshd[1234]: Accepted password for user user1 from 192.168.1.10 port 22 ssh2
Jan 10 10:00:00 localhost sshd[1234]: Accepted password for user user1 from 192.168.1.10 port 22 ssh2
Jan 10 10:00:00 localhost sshd[1234]: Accepted password for user user1 from 192.168.1.10 port 22 ssh2
Jan 10 10:00:00 localhost sshd[1234]: Accepted password for user user1 from 192.168.1.10 port 22 ssh2
Jan 10 10:00:00 localhost sshd[1234]: Accepted password for user user1 from 192.168.1.10 port 22 ssh2
Jan 10 10:00:00 localhost sshd[1234]: Accepted password for user user1 from 192.168.1.10 port 22 ssh2
Jan 10 10:00:00 localhost sshd[1234]: Accepted password for user user1 from 192.168.1.10 port 22 ssh2
Jan 10 10:00:00 localhost sshd[1234]: Accepted password for user user1 from 192.168.1.10 port 22 ssh2
Jan 10 10:01:00 localhost sshd[1234]: Failed password for user root from 10.0.0.5 port 22 ssh2
Jan 10 10:00:00 localhost sshd[1234]: Accepted password for user user1 from 192.168.1.10 port 22 ssh2
Jan 10 10:00:00 localhost sshd[1234]: Accepted password for user user1 from 192.168.1.10 port 22 ssh2
Jan 10 10:00:00 localhost sshd[1234]: Accepted password for user user1 from 192.168.1.10 port 22 ssh2
Jan 10 10:00:00 localhost sshd[1234]: Accepted password for user user1 from 192.168.1.10 port 22 ssh2
Jan 10 10:00:00 localhost sshd[1234]: Accepted password for user user1 from 192.168.1.10 port 22 ssh2
Jan 10 10:00:00 localhost sshd[1234]: Accepted password for user user1 from 192.168.1.10 port 22 ssh2
Jan 10 10:00:00 localhost sshd[1234]: Accepted password for user user1 from 192.168.1.10 port 22 ssh2
Jan 10 10:01:00 localhost sshd[1234]: Failed password for user root from 10.0.0.5 port 22 ssh2
Jan 10 10:00:00 localhost sshd[1234]: Accepted password for user user1 from 192.168.1.10 port 22 ssh2
Jan 10 10:00:00 localhost sshd[1234]: Accepted password for user user1 from 192.168.1.10 port 22 ssh2
Jan 10 10:02:00 localhost sudo:  hacker : TTY=pts/0 ; PWD=/home/hacker ; USER=root ; COMMAND=/bin/bash
Jan 10 10:00:00 localhost sshd[1234]: Accepted password for user user1 from 192.168.1.10 port 22 ssh2
Jan 10 10:02:00 localhost sudo:  hacker : TTY=pts/0 ; PWD=/home/hacker ; USER=root ; COMMAND=/bin/bash
Jan 10 10:00:00 localhost sshd[1234]: Accepted password for user user1 from 192.168.1.10 port 22 ssh2
Jan 10 10:03:00 localhost app[999]: Query: SELECT * FROM users WHERE id=1 OR 1=1
Jan 10 10:00:00 localhost sshd[1234]: Accepted password for user user1 from 192.168.1.10 port 22 ssh2
Jan 10 10:00:00 localhost sshd[1234]: Accepted password for user user1 from 192.168.1.10 port 22 ssh2
Jan 10 10:00:00 localhost sshd[1234]: Accepted password for user user1 from 192.168.1.10 port 22 ssh2
Jan 10 10:01:00 localhost sshd[1234]: Failed password for user root from 10.0.0.5 port 22 ssh2
Jan 10 10:00:00 localhost sshd[1234]: Accepted password for user user1 from 192.168.1.10 port 22 ssh2
Jan 10 10:00:00 localhost sshd[1234]: Accepted password for user user1 from 192.168.1.10 port 22 ssh2
Jan 10 10:02:00 localhost sudo:  hacker : TTY=pts/0 ; PWD=/home/hacker ; USER=root ; COMMAND=/bin/bash
Jan 10 10:00:00 localhost sshd[1234]: Accepted password for user user1 from 192.168.1.10 port 22 ssh2
Jan 10 10:00:00 localhost sshd[1234]: Accepted password for user user1 from 192.168.1.10 port 22 ssh2
Jan 10 10:00:00 localhost sshd[1234]: Accepted password for user user1 from 192.168.1.10 port 22 ssh2
Jan 10 10:00:00 localhost sshd[1234]: Accepted password for user user1 from 192.168.1.10 port 22 ssh2
Jan 10 10:00:00 localhost sshd[1234]: Accepted password for user user1 from 192.168.1.10 port 22 ssh2
Jan 10 10:00:00 localhost sshd[1234]: Accepted password for user user1 from 192.168.1.10 port 22 ssh2
Jan 10 10:00:00 localhost sshd[1234]: Accepted password for user user1 from 192.168.1.10 port 22 ssh2
Jan 10 10:00:00 localhost sshd[1234]: Accepted password for user user1 from 192.168.1.10 port 22 ssh2
Jan 10 10:01:00 localhost sshd[1234]: Failed password for user root from 10.0.0.5 port 22 ssh2
Jan 10 10:00:00 localhost sshd[1234]: Accepted password for user user1 from 192.168.1.10 port 22 ssh2
Jan 10 10:00:00 localhost sshd[1234]: Accepted password for user user1 from 192.168.1.10 port 22 ssh2
Jan 10 10:02:00 localhost sudo:  hacker : TTY=pts/0 ; PWD=/home/hacker ; USER=root ; COMMAND=/bin/bash
Jan 10 10:00:00 localhost sshd[1234]: Accepted password for user user1 from 192.168.1.10 port 22 ssh2
Jan 10 10:00:00 localhost sshd[1234]: Accepted password for user user1 from 192.168.1.10 port 22 ssh2
Jan 10 10:02:00 localhost sudo:  hacker : TTY=pts/0 ; PWD=/home/hacker ; USER=root ; COMMAND=/bin/bash
Jan 10 10:00:00 localhost sshd[1234]: Accepted password for user user1 from 192.168.1.10 port 22 ssh2
Jan 10 10:00:00 localhost sshd[1234]: Accepted password for user user1 from 192.168.1.10 port 22 ssh2
Jan 10 10:02:00 localhost sudo:  hacker : TTY=pts/0 ; PWD=/home/hacker ; USER=root ; COMMAND=/bin/bash
Jan 10 10:00:00 localhost sshd[1234]: Accepted password for user user1 from 192.168.1.10 port 22 ssh2
Jan 10 10:00:00 localhost sshd[1234]: Accepted password for user user1 from 192.168.1.10 port 22 ssh2
Jan 10 10:01:00 localhost sshd[1234]: Failed password for user root from 10.0.0.5 port 22 ssh2
Jan 10 10:00:00 localhost sshd[1234]: Accepted password for user user1 from 192.168.1.10 port 22 ssh2
Jan 10 10:00:00 localhost sshd[1234]: Accepted password for user user1 from 192.168.1.10 port 22 ssh2
Jan 10 10:00:00 localhost sshd[1234]: Accepted password for user user1 from 192.168.1.10 port 22 ssh2
Jan 10 10:01:00 localhost sshd[1234]: Failed password for user root from 10.0.0.5 port 22 ssh2
Jan 10 10:00:00 localhost sshd[1234]: Accepted password for user user1 from 192.168.1.10 port 22 ssh2
Jan 10 10:00:00 localhost sshd[1234]: Accepted password for user user1 from 192.168.1.10 port 22 ssh2
Jan 10 10:00:00 localhost sshd[1234]: Accepted password for user user1 from 192.168.1.10 port 22 ssh2
Jan 10 10:00:00 localhost sshd[1234]: Accepted password for user user1 from 192.168.1.10 port 22 ssh2
Jan 10 10:00:00 localhost sshd[1234]: Accepted password for user user1 from 192.168.1.10 port 22 ssh2
Jan 10 10:00:00 localhost sshd[1234]: Accepted password for user user1 from 192.168.1.10 port 22 ssh2
Jan 10 10:01:00 localhost sshd[1234]: Failed password for user root from 10.0.0.5 port 22 ssh2
Jan 10 10:00:00 localhost sshd[1234]: Accepted password for user user1 from 192.168.1.10 port 22 ssh2
Jan 10 10:00:00 localhost sshd[1234]: Accepted password for user user1 from 192.168.1.10 port 22 ssh2
Jan 10 10:03:00 localhost app[999]: Query: SELECT * FROM users WHERE id=1 OR 1=1
Jan 10 10:00:00 localhost sshd[1234]: Accepted password for user user1 from 192.168.1.10 port 22 ssh2
Jan 10 10:00:00 localhost sshd[1234]: Accepted password for user user1 from 192.168.1.10 port 22 ssh2
Jan 10 10:02:00 localhost sudo:  hacker : TTY=pts/0 ; PWD=/home/hacker ; USER=root ; COMMAND=/bin/bash
Jan 10 10:00:00 localhost sshd[1234]: Accepted password for user user1 from 192.168.1.10 port 22 ssh2
Jan 10 10:01:00 localhost sshd[1234]: Failed password for user root from 10.0.0.5 port 22 ssh2
Jan 10 10:00:00 localhost sshd[1234]: Accepted password for user user1 from 192.168.1.10 port 22 ssh2
Jan 10 10:00:00 localhost sshd[1234]: Accepted password for user user1 from 192.168.1.10 port 22 ssh2
Jan 10 10:02:00 localhost sudo:  hacker : TTY=pts/0 ; PWD=/home/hacker ; USER=root ; COMMAND=/bin/bash
Jan 10 10:00:00 localhost sshd[1234]: Accepted password for user user1 from 192.168.1.10 port 22 ssh2
Jan 10 10:00:00 localhost sshd[1234]: Accepted password for user user1 from 192.168.1.10 port 22 ssh2
Jan 10 10:01:00 localhost sshd[1234]: Failed password for user root from 10.0.0.5 port 22 ssh2
Jan 10 10:00:00 localhost sshd[1234]: Accepted password for user user1 from 192.168.1.10 port 22 ssh2
Jan 10 10:00:00 localhost sshd[1234]: Accepted password for user user1 from 192.168.1.10 port 22 ssh2
Jan 10 10:02:00 localhost sudo:  hacker : TTY=pts/0 ; PWD=/home/hacker ; USER=root ; COMMAND=/bin/bash
Jan 10 10:00:00 localhost sshd[1234]: Accepted password for user user1 from 192.168.1.10 port 22 ssh2
Jan 10 10:00:00 localhost sshd[1234]: Accepted password for user user1 from 192.168.1.10 port 22 ssh2
Jan 10 10:00:00 localhost sshd[1234]: Accepted password for user user1 from 192.168.1.10 port 22 ssh2
Jan 10 10:01:00 localhost sshd[1234]: Failed password for user root from 10.0.0.5 port 22 ssh2
Jan 10 10:00:00 localhost sshd[1234]: Accepted password for user user1 from 192.168.1.10 port 22 ssh2
Jan 10 10:00:00 localhost sshd[1234]: Accepted password for user user1 from 192.168.1.10 port 22 ssh2
Jan 10 10:03:00 localhost app[999]: Query: SELECT * FROM users WHERE id=1 OR 1=1
Jan 10 10:00:00 localhost sshd[1234]: Accepted password for user user1 from 192.168.1.10 port 22 ssh2
Jan 10 10:00:00 localhost sshd[1234]: Accepted password for user user1 from 192.168.1.10 port 22 ssh2
Jan 10 10:00:00 localhost sshd[1234]: Accepted password for user user1 from 192.168.1.10 port 22 ssh2
Jan 10 10:00:00 localhost sshd[1234]: Accepted password for user user1 from 192.168.1.10 port 22 ssh2
Jan 10 10:00:00 localhost sshd[1234]: Accepted password for user user1 from 192.168.1.10 port 22 ssh2
Jan 10 10:00:00 localhost sshd[1234]: Accepted password for user user1 from 192.168.1.10 port 22 ssh2
Jan 10 10:00:00 localhost sshd[1234]: Accepted password for user user1 from 192.168.1.10 port 22 ssh2
Jan 10 10:00:00 localhost sshd[1234]: Accepted password for user user1 from 192.168.1.10 port 22 ssh2
Jan 10 10:00:00 localhost sshd[1234]: Accepted password for user user1 from 192.168.1.10 port 22 ssh2
Jan 10 10:00:00 localhost sshd[1234]: Accepted password for user user1 from 192.168.1.10 port 22 ssh2
Jan 10 10:03:00 localhost app[999]: Query: SELECT * FROM users WHERE id=1 OR 1=1
Jan 10 10:00:00 localhost sshd[1234]: Accepted password for user user1 from 192.168.1.10 port 22 ssh2
Jan 10 10:00:00 localhost sshd[1234]: Accepted password for user user1 from 192.168.1.10 port 22 ssh2
Jan 10 10:00:00 localhost sshd[1234]: Accepted password for user user1 from 192.168.1.10 port 22 ssh2
Jan 10 10:00:00 localhost sshd[1234]: Accepted password for user user1 from 192.168.1.10 port 22 ssh2
Jan 10 10:00:00 localhost sshd[1234]: Accepted password for user user1 from 192.168.1.10 port 22 ssh2
Jan 10 10:00:00 localhost sshd[1234]: Accepted password for user user1 from 192.168.1.10 port 22 ssh2
Jan 10 10:00:00 localhost sshd[1234]: Accepted password for user user1 from 192.168.1.10 port 22 ssh2
Jan 10 10:00:00 localhost sshd[1234]: Accepted password for user user1 from 192.168.1.10 port 22 ssh2
Jan 10 10:00:00 localhost sshd[1234]: Accepted password for user user1 from 192.168.1.10 port 22 ssh2
Jan 10 10:00:00 localhost sshd[1234]: Accepted password for user user1 from 192.168.1.10 port 22 ssh2
Jan 10 10:01:00 localhost sshd[1234]: Failed password for user root from 10.0.0.5 port 22 ssh2
Jan 10 10:00:00 localhost sshd[1234]: Accepted password for user user1 from 192.168.1.10 port 22 ssh2
Jan 10 10:00:00 localhost sshd[1234]: Accepted password for user user1 from 192.168.1.10 port 22 ssh2
Jan 10 10:02:00 localhost sudo:  hacker : TTY=pts/0 ; PWD=/home/hacker ; USER=root ; COMMAND=/bin/bash
Jan 10 10:00:00 localhost sshd[1234]: Accepted password for user user1 from 192.168.1.10 port 22 ssh2
Jan 10 10:00:00 localhost sshd[1234]: Accepted password for user user1 from 192.168.1.10 port 22 ssh2
Jan 10 10:02:00 localhost sudo:  hacker : TTY=pts/0 ; PWD=/home/hacker ; USER=root ; COMMAND=/bin/bash
Jan 10 10:00:00 localhost sshd[1234]: Accepted password for user user1 from 192.168.1.10 port 22 ssh2
Jan 10 10:00:00 localhost sshd[1234]: Accepted password for user user1 from 192.168.1.10 port 22 ssh2
Jan 10 10:00:00 localhost sshd[1234]: Accepted password for user user1 from 192.168.1.10 port 22 ssh2
Jan 10 10:00:00 localhost sshd[1234]: Accepted password for user user1 from 192.168.1.10 port 22 ssh2
Jan 10 10:03:00 localhost app[999]: Query: SELECT * FROM users WHERE id=1 OR 1=1
Jan 10 10:00:00 localhost sshd[1234]: Accepted password for user user1 from 192.168.1.10 port 22 ssh2
Jan 10 10:00:00 localhost sshd[1234]: Accepted password for user user1 from 192.168.1.10 port 22 ssh2
Jan 10 10:00:00 localhost sshd[1234]: Accepted password for user user1 from 192.168.1.10 port 22 ssh2
Jan 10 10:00:00 localhost sshd[1234]: Accepted password for user user1 from 192.168.1.10 port 22 ssh2
Jan 10 10:00:00 localhost sshd[1234]: Accepted password for user user1 from 192.168.1.10 port 22 ssh2
Jan 10 10:00:00 localhost sshd[1234]: Accepted password for user user1 from 192.168.1.10 port 22 ssh2
Jan 10 10:00:00 localhost sshd[1234]: Accepted password for user user1 from 192.168.1.10 port 22 ssh2
Jan 10 10:00:00 localhost sshd[1234]: Accepted password for user user1 from 192.168.1.10 port 22 ssh2
Jan 10 10:01:00 localhost sshd[1234]: Failed password for user root from 10.0.0.5 port 22 ssh2
Jan 10 10:00:00 localhost sshd[1234]: Accepted password for user user1 from 192.168.1.10 port 22 ssh2
Jan 10 10:00:00 localhost sshd[1234]: Accepted password for user user1 from 192.168.1.10 port 22 ssh2
Jan 10 10:03:00 localhost app[999]: Query: SELECT * FROM users WHERE id=1 OR 1=1
Jan 10 10:00:00 localhost sshd[1234]: Accepted password for user user1 from 192.168.1.10 port 22 ssh2
Jan 10 10:00:00 localhost sshd[1234]: Accepted password for user user1 from 192.168.1.10 port 22 ssh2
Jan 10 10:00:00 localhost sshd[1234]: Accepted password for user user1 from 192.168.1.10 port 22 ssh2
Jan 10 10:00:00 localhost sshd[1234]: Accepted password for user user1 from 192.168.1.10 port 22 ssh2
Jan 10 10:02:00 localhost sudo:  hacker : TTY=pts/0 ; PWD=/home/hacker ; USER=root ; COMMAND=/bin/bash
Jan 10 10:00:00 localhost sshd[1234]: Accepted password for user user1 from 192.168.1.10 port 22 ssh2
Jan 10 10:00:00 localhost sshd[1234]: Accepted password for user user1 from 192.168.1.10 port 22 ssh2
Jan 10 10:01:00 localhost sshd[1234]: Failed password for user root from 10.0.0.5 port 22 ssh2
Jan 10 10:00:00 localhost sshd[1234]: Accepted password for user user1 from 192.168.1.10 port 22 ssh2
Jan 10 10:00:00 localhost sshd[1234]: Accepted password for user user1 from 192.168.1.10 port 22 ssh2
Jan 10 10:00:00 localhost sshd[1234]: Accepted password for user user1 from 192.168.1.10 port 22 ssh2
Jan 10 10:00:00 localhost sshd[1234]: Accepted password for user user1 from 192.168.1.10 port 22 ssh2
Jan 10 10:01:00 localhost sshd[1234]: Failed password for user root from 10.0.0.5 port 22 ssh2
Jan 10 10:00:00 localhost sshd[1234]: Accepted password for user user1 from 192.168.1.10 port 22 ssh2
Jan 10 10:00:00 localhost sshd[1234]: Accepted password for user user1 from 192.168.1.10 port 22 ssh2
Jan 10 10:00:00 localhost sshd[1234]: Accepted password for user user1 from 192.168.1.10 port 22 ssh2
Jan 10 10:00:00 localhost sshd[1234]: Accepted password for user user1 from 192.168.1.10 port 22 ssh2
Jan 10 10:00:00 localhost sshd[1234]: Accepted password for user user1 from 192.168.1.10 port 22 ssh2
Jan 10 10:00:00 localhost sshd[1234]: Accepted password for user user1 from 192.168.1.10 port 22 ssh2
Jan 10 10:00:00 localhost sshd[1234]: Accepted password for user user1 from 192.168.1.10 port 22 ssh2
Jan 10 10:00:00 localhost sshd[1234]: Accepted password for user user1 from 192.168.1.10 port 22 ssh2
Jan 10 10:01:00 localhost sshd[1234]: Failed password for user root from 10.0.0.5 port 22 ssh2
Jan 10 10:00:00 localhost sshd[1234]: Accepted password for user user1 from 192.168.1.10 port 22 ssh2
Jan 10 10:00:00 localhost sshd[1234]: Accepted password for user user1 from 192.168.1.10 port 22 ssh2
Jan 10 10:00:00 localhost sshd[1234]: Accepted password for user user1 from 192.168.1.10 port 22 ssh2
Jan 10 10:03:00 localhost app[999]: Query: SELECT * FROM users WHERE id=1 OR 1=1
Jan 10 10:00:00 localhost sshd[1234]: Accepted password for user user1 from 192.168.1.10 port 22 ssh2
Jan 10 10:00:00 localhost sshd[1234]: Accepted password for user user1 from 192.168.1.10 port 22 ssh2
Jan 10 10:00:00 localhost sshd[1234]: Accepted password for user user1 from 192.168.1.10 port 22 ssh2
Jan 10 10:02:00 localhost sudo:  hacker : TTY=pts/0 ; PWD=/home/hacker ; USER=root ; COMMAND=/bin/bash
Jan 10 10:00:00 localhost sshd[1234]: Accepted password for user user1 from 192.168.1.10 port 22 ssh2
Jan 10 10:00:00 localhost sshd[1234]: Accepted password for user user1 from 192.168.1.10 port 22 ssh2
Jan 10 10:00:00 localhost sshd[1234]: Accepted password for user user1 from 192.168.1.10 port 22 ssh2
Jan 10 10:00:00 localhost sshd[1234]: Accepted password for user user1 from 192.168.1.10 port 22 ssh2
Jan 10 10:00:00 localhost sshd[1234]: Accepted password for user user1 from 192.168.1.10 port 22 ssh2
Jan 10 10:00:00 localhost sshd[1234]: Accepted password for user user1 from 192.168.1.10 port 22 ssh2
Jan 10 10:03:00 localhost app[999]: Query: SELECT * FROM users WHERE id=1 OR 1=1
Jan 10 10:00:00 localhost sshd[1234]: Accepted password for user user1 from 192.168.1.10 port 22 ssh2
Jan 10 10:01:00 localhost sshd[1234]: Failed password for user root from 10.0.0.5 port 22 ssh2
Jan 10 10:00:00 localhost sshd[1234]: Accepted password for user user1 from 192.168.1.10 port 22 ssh2
Jan 10 10:02:00 localhost sudo:  hacker : TTY=pts/0 ; PWD=/home/hacker ; USER=root ; COMMAND=/bin/bash
Jan 10 10:00:00 localhost sshd[1234]: Accepted password for user user1 from 192.168.1.10 port 22 ssh2
Jan 10 10:00:00 localhost sshd[1234]: Accepted password for user user1 from 192.168.1.10 port 22 ssh2
Jan 10 10:00:00 localhost sshd[1234]: Accepted password for user user1 from 192.168.1.10 port 22 ssh2
Jan 10 10:00:00 localhost sshd[1234]: Accepted password for user user1 from 192.168.1.10 port 22 ssh2
Jan 10 10:00:00 localhost sshd[1234]: Accepted password for user user1 from 192.168.1.10 port 22 ssh2
Jan 10 10:00:00 localhost sshd[1234]: Accepted password for user user1 from 192.168.1.10 port 22 ssh2
Jan 10 10:00:00 localhost sshd[1234]: Accepted password for user user1 from 192.168.1.10 port 22 ssh2
Jan 10 10:00:00 localhost sshd[1234]: Accepted password for user user1 from 192.168.1.10 port 22 ssh2
Jan 10 10:01:00 localhost sshd[1234]: Failed password for user root from 10.0.0.5 port 22 ssh2
Jan 10 10:00:00 localhost sshd[1234]: Accepted password for user user1 from 192.168.1.10 port 22 ssh2
Jan 10 10:00:00 localhost sshd[1234]: Accepted password for user user1 from 192.168.1.10 port 22 ssh2
Jan 10 10:01:00 localhost sshd[1234]: Failed password for user root from 10.0.0.5 port 22 ssh2
Jan 10 10:00:00 localhost sshd[1234]: Accepted password for user user1 from 192.168.1.10 port 22 ssh2
Jan 10 10:00:00 localhost sshd[1234]: Accepted password for user user1 from 192.168.1.10 port 22 ssh2
Jan 10 10:00:00 localhost sshd[1234]: Accepted password for user user1 from 192.168.1.10 port 22 ssh2
Jan 10 10:00:00 localhost sshd[1234]: Accepted password for user user1 from 192.168.1.10 port 22 ssh2
Jan 10 10:03:00 localhost app[999]: Query: SELECT * FROM users WHERE id=1 OR 1=1
Jan 10 10:00:00 localhost sshd[1234]: Accepted password for user user1 from 192.168.1.10 port 22 ssh2
Jan 10 10:00:00 localhost sshd[1234]: Accepted password for user user1 from 192.168.1.10 port 22 ssh2
Jan 10 10:02:00 localhost sudo:  hacker : TTY=pts/0 ; PWD=/home/hacker ; USER=root ; COMMAND=/bin/bash
Jan 10 10:00:00 localhost sshd[1234]: Accepted password for user user1 from 192.168.1.10 port 22 ssh2
Jan 10 10:00:00 localhost sshd[1234]: Accepted password for user user1 from 192.168.1.10 port 22 ssh2
Jan 10 10:00:00 localhost sshd[1234]: Accepted password for user user1 from 192.168.1.10 port 22 ssh2
Jan 10 10:00:00 localhost sshd[1234]: Accepted password for user user1 from 192.168.1.10 port 22 ssh2
Jan 10 10:00:00 localhost sshd[1234]: Accepted password for user user1 from 192.168.1.10 port 22 ssh2
Jan 10 10:00:00 localhost sshd[1234]: Accepted password for user user1 from 192.168.1.10 port 22 ssh2
Jan 10 10:00:00 localhost sshd[1234]: Accepted password for user user1 from 192.168.1.10 port 22 ssh2
Jan 10 10:02:00 localhost sudo:  hacker : TTY=pts/0 ; PWD=/home/hacker ; USER=root ; COMMAND=/bin/bash
Jan 10 10:00:00 localhost sshd[1234]: Accepted password for user user1 from 192.168.1.10 port 22 ssh2
Jan 10 10:00:00 localhost sshd[1234]: Accepted password for user user1 from 192.168.1.10 port 22 ssh2
Jan 10 10:01:00 localhost sshd[1234]: Failed password for user root from 10.0.0.5 port 22 ssh2
Jan 10 10:00:00 localhost sshd[1234]: Accepted password for user user1 from 192.168.1.10 port 22 ssh2
Jan 10 10:00:00 localhost sshd[1234]: Accepted password for user user1 from 192.168.1.10 port 22 ssh2
Jan 10 10:00:00 localhost sshd[1234]: Accepted password for user user1 from 192.168.1.10 port 22 ssh2
Jan 10 10:00:00 localhost sshd[1234]: Accepted password for user user1 from 192.168.1.10 port 22 ssh2
Jan 10 10:00:00 localhost sshd[1234]: Accepted password for user user1 from 192.168.1.10 port 22 ssh2
Jan 10 10:00:00 localhost sshd[1234]: Accepted password for user user1 from 192.168.1.10 port 22 ssh2
Jan 10 10:00:00 localhost sshd[1234]: Accepted password for user user1 from 192.168.1.10 port 22 ssh2
Jan 10 10:00:00 localhost sshd[1234]: Accepted password for user user1 from 192.168.1.10 port 22 ssh2
Jan 10 10:00:00 localhost sshd[1234]: Accepted password for user user1 from 192.168.1.10 port 22 ssh2
Jan 10 10:00:00 localhost sshd[1234]: Accepted password for user user1 from 192.168.1.10 port 22 ssh2
Jan 10 10:00:00 localhost sshd[1234]: Accepted password for user user1 from 192.168.1.10 port 22 ssh2
Jan 10 10:00:00 localhost sshd[1234]: Accepted password for user user1 from 192.168.1.10 port 22 ssh2
Jan 10 10:00:00 localhost sshd[1234]: Accepted password for user user1 from 192.168.1.10 port 22 ssh2
Jan 10 10:00:00 localhost sshd[1234]: Accepted password for user user1 from 192.168.1.10 port 22 ssh2
Jan 10 10:03:00 localhost app[999]: Query: SELECT * FROM users WHERE id=1 OR 1=1
Jan 10 10:00:00 localhost sshd[1234]: Accepted password for user user1 from 192.168.1.10 port 22 ssh2
Jan 10 10:00:00 localhost sshd[1234]: Accepted password for user user1 from 192.168.1.10 port 22 ssh2
Jan 10 10:00:00 localhost sshd[1234]: Accepted password for user user1 from 192.168.1.10 port 22 ssh2
Jan 10 10:00:00 localhost sshd[1234]: Accepted password for user user1 from 192.168.1.10 port 22 ssh2
Jan 10 10:01:00 localhost sshd[1234]: Failed password for user root from 10.0.0.5 port 22 ssh2
Jan 10 10:00:00 localhost sshd[1234]: Accepted password for user user1 from 192.168.1.10 port 22 ssh2
Jan 10 10:02:00 localhost sudo:  hacker : TTY=pts/0 ; PWD=/home/hacker ; USER=root ; COMMAND=/bin/bash
Jan 10 10:00:00 localhost sshd[1234]: Accepted password for user user1 from 192.168.1.10 port 22 ssh2
Jan 10 10:00:00 localhost sshd[1234]: Accepted password for user user1 from 192.168.1.10 port 22 ssh2
Jan 10 10:00:00 localhost sshd[1234]: Accepted password for user user1 from 192.168.1.10 port 22 ssh2
Jan 10 10:00:00 localhost sshd[1234]: Accepted password for user user1 from 192.168.1.10 port 22 ssh2
Jan 10 10:03:00 localhost app[999]: Query: SELECT * FROM users WHERE id=1 OR 1=1
Jan 10 10:00:00 localhost sshd[1234]: Accepted password for user user1 from 192.168.1.10 port 22 ssh2
Jan 10 10:00:00 localhost sshd[1234]: Accepted password for user user1 from 192.168.1.10 port 22 ssh2
Jan 10 10:02:00 localhost sudo:  hacker : TTY=pts/0 ; PWD=/home/hacker ; USER=root ; COMMAND=/bin/bash
Jan 10 10:00:00 localhost sshd[1234]: Accepted password for user user1 from 192.168.1.10 port 22 ssh2
Jan 10 10:00:00 localhost sshd[1234]: Accepted password for user user1 from 192.168.1.10 port 22 ssh2
Jan 10 10:00:00 localhost sshd[1234]: Accepted password for user user1 from 192.168.1.10 port 22 ssh2
Jan 10 10:00:00 localhost sshd[1234]: Accepted password for user user1 from 192.168.1.10 port 22 ssh2
Jan 10 10:01:00 localhost sshd[1234]: Failed password for user root from 10.0.0.5 port 22 ssh2
Jan 10 10:00:00 localhost sshd[1234]: Accepted password for user user1 from 192.168.1.10 port 22 ssh2
Jan 10 10:03:00 localhost app[999]: Query: SELECT * FROM users WHERE id=1 OR 1=1
Jan 10 10:00:00 localhost sshd[1234]: Accepted password for user user1 from 192.168.1.10 port 22 ssh2
Jan 10 10:02:00 localhost sudo:  hacker : TTY=pts/0 ; PWD=/home/hacker ; USER=root ; COMMAND=/bin/bash
Jan 10 10:00:00 localhost sshd[1234]: Accepted password for user user1 from 192.168.1.10 port 22 ssh2
Jan 10 10:00:00 localhost sshd[1234]: Accepted password for user user1 from 192.168.1.10 port 22 ssh2
Jan 10 10:00:00 localhost sshd[1234]: Accepted password for user user1 from 192.168.1.10 port 22 ssh2
Jan 10 10:00:00 localhost sshd[1234]: Accepted password for user user1 from 192.168.1.10 port 22 ssh2
Jan 10 10:00:00 localhost sshd[1234]: Accepted password for user user1 from 192.168.1.10 port 22 ssh2
Jan 10 10:00:00 localhost sshd[1234]: Accepted password for user user1 from 192.168.1.10 port 22 ssh2
Jan 10 10:01:00 localhost sshd[1234]: Failed password for user root from 10.0.0.5 port 22 ssh2
Jan 10 10:00:00 localhost sshd[1234]: Accepted password for user user1 from 192.168.1.10 port 22 ssh2
Jan 10 10:00:00 localhost sshd[1234]: Accepted password for user user1 from 192.168.1.10 port 22 ssh2
Jan 10 10:02:00 localhost sudo:  hacker : TTY=pts/0 ; PWD=/home/hacker ; USER=root ; COMMAND=/bin/bash
Jan 10 10:00:00 localhost sshd[1234]: Accepted password for user user1 from 192.168.1.10 port 22 ssh2
Jan 10 10:00:00 localhost sshd[1234]: Accepted password for user user1 from 192.168.1.10 port 22 ssh2
Jan 10 10:00:00 localhost sshd[1234]: Accepted password for user user1 from 192.168.1.10 port 22 ssh2
Jan 10 10:03:00 localhost app[999]: Query: SELECT * FROM users WHERE id=1 OR 1=1
Jan 10 10:00:00 localhost sshd[1234]: Accepted password for user user1 from 192.168.1.10 port 22 ssh2
Jan 10 10:02:00 localhost sudo:  hacker : TTY=pts/0 ; PWD=/home/hacker ; USER=root ; COMMAND=/bin/bash
Jan 10 10:00:00 localhost sshd[1234]: Accepted password for user user1 from 192.168.1.10 port 22 ssh2
Jan 10 10:00:00 localhost sshd[1234]: Accepted password for user user1 from 192.168.1.10 port 22 ssh2
Jan 10 10:00:00 localhost sshd[1234]: Accepted password for user user1 from 192.168.1.10 port 22 ssh2
Jan 10 10:03:00 localhost app[999]: Query: SELECT * FROM users WHERE id=1 OR 1=1
Jan 10 10:00:00 localhost sshd[1234]: Accepted password for user user1 from 192.168.1.10 port 22 ssh2
Jan 10 10:00:00 localhost sshd[1234]: Accepted password for user user1 from 192.168.1.10 port 22 ssh2
Jan 10 10:00:00 localhost sshd[1234]: Accepted password for user user1 from 192.168.1.10 port 22 ssh2
Jan 10 10:00:00 localhost sshd[1234]: Accepted password for user user1 from 192.168.1.10 port 22 ssh2
Jan 10 10:00:00 localhost sshd[1234]: Accepted password for user user1 from 192.168.1.10 port 22 ssh2
Jan 10 10:01:00 localhost sshd[1234]: Failed password for user root from 10.0.0.5 port 22 ssh2
Jan 10 10:00:00 localhost sshd[1234]: Accepted password for user user1 from 192.168.1.10 port 22 ssh2
Jan 10 10:00:00 localhost sshd[1234]: Accepted password for user user1 from 192.168.1.10 port 22 ssh2
Jan 10 10:01:00 localhost sshd[1234]: Failed password for user root from 10.0.0.5 port 22 ssh2
Jan 10 10:00:00 localhost sshd[1234]: Accepted password for user user1 from 192.168.1.10 port 22 ssh2
Jan 10 10:00:00 localhost sshd[1234]: Accepted password for user user1 from 192.168.1.10 port 22 ssh2
Jan 10 10:00:00 localhost sshd[1234]: Accepted password for user user1 from 192.168.1.10 port 22 ssh2
Jan 10 10:00:00 localhost sshd[1234]: Accepted password for user user1 from 192.168.1.10 port 22 ssh2
Jan 10 10:00:00 localhost sshd[1234]: Accepted password for user user1 from 192.168.1.10 port 22 ssh2
Jan 10 10:00:00 localhost sshd[1234]: Accepted password for user user1 from 192.168.1.10 port 22 ssh2
Jan 10 10:00:00 localhost sshd[1234]: Accepted password for user user1 from 192.168.1.10 port 22 ssh2
Jan 10 10:00:00 localhost sshd[1234]: Accepted password for user user1 from 192.168.1.10 port 22 ssh2
Jan 10 10:00:00 localhost sshd[1234]: Accepted password for user user1 from 192.168.1.10 port 22 ssh2
Jan 10 10:00:00 localhost sshd[1234]: Accepted password for user user1 from 192.168.1.10 port 22 ssh2
Jan 10 10:00:00 localhost sshd[1234]: Accepted password for user user1 from 192.168.1.10 port 22 ssh2
Jan 10 10:01:00 localhost sshd[1234]: Failed password for user root from 10.0.0.5 port 22 ssh2
Jan 10 10:00:00 localhost sshd[1234]: Accepted password for user user1 from 192.168.1.10 port 22 ssh2
Jan 10 10:00:00 localhost sshd[1234]: Accepted password for user user1 from 192.168.1.10 port 22 ssh2
Jan 10 10:00:00 localhost sshd[1234]: Accepted password for user user1 from 192.168.1.10 port 22 ssh2
Jan 10 10:00:00 localhost sshd[1234]: Accepted password for user user1 from 192.168.1.10 port 22 ssh2
Jan 10 10:00:00 localhost sshd[1234]: Accepted password for user user1 from 192.168.1.10 port 22 ssh2
Jan 10 10:00:00 localhost sshd[1234]: Accepted password for user user1 from 192.168.1.10 port 22 ssh2
Jan 10 10:00:00 localhost sshd[1234]: Accepted password for user user1 from 192.168.1.10 port 22 ssh2
Jan 10 10:00:00 localhost sshd[1234]: Accepted password for user user1 from 192.168.1.10 port 22 ssh2
Jan 10 10:03:00 localhost app[999]: Query: SELECT * FROM users WHERE id=1 OR 1=1
Jan 10 10:00:00 localhost sshd[1234]: Accepted password for user user1 from 192.168.1.10 port 22 ssh2
Jan 10 10:00:00 localhost sshd[1234]: Accepted password for user user1 from 192.168.1.10 port 22 ssh2
Jan 10 10:00:00 localhost sshd[1234]: Accepted password for user user1 from 192.168.1.10 port 22 ssh2
Jan 10 10:00:00 localhost sshd[1234]: Accepted password for user user1 from 192.168.1.10 port 22 ssh2
Jan 10 10:01:00 localhost sshd[1234]: Failed password for user root from 10.0.0.5 port 22 ssh2
Jan 10 10:00:00 localhost sshd[1234]: Accepted password for user user1 from 192.168.1.10 port 22 ssh2
Jan 10 10:01:00 localhost sshd[1234]: Failed password for user root from 10.0.0.5 port 22 ssh2
Jan 10 10:00:00 localhost sshd[1234]: Accepted password for user user1 from 192.168.1.10 port 22 ssh2
Jan 10 10:00:00 localhost sshd[1234]: Accepted password for user user1 from 192.168.1.10 port 22 ssh2
Jan 10 10:00:00 localhost sshd[1234]: Accepted password for user user1 from 192.168.1.10 port 22 ssh2
Jan 10 10:03:00 localhost app[999]: Query: SELECT * FROM users WHERE id=1 OR 1=1
Jan 10 10:00:00 localhost sshd[1234]: Accepted password for user user1 from 192.168.1.10 port 22 ssh2
Jan 10 10:03:00 localhost app[999]: Query: SELECT * FROM users WHERE id=1 OR 1=1
Jan 10 10:00:00 localhost sshd[1234]: Accepted password for user user1 from 192.168.1.10 port 22 ssh2
Jan 10 10:00:00 localhost sshd[1234]: Accepted password for user user1 from 192.168.1.10 port 22 ssh2
Jan 10 10:01:00 localhost sshd[1234]: Failed password for user root from 10.0.0.5 port 22 ssh2
Jan 10 10:00:00 localhost sshd[1234]: Accepted password for user user1 from 192.168.1.10 port 22 ssh2
Jan 10 10:00:00 localhost sshd[1234]: Accepted password for user user1 from 192.168.1.10 port 22 ssh2
Jan 10 10:00:00 localhost sshd[1234]: Accepted password for user user1 from 192.168.1.10 port 22 ssh2
Jan 10 10:01:00 localhost sshd[1234]: Failed password for user root from 10.0.0.5 port 22 ssh2
Jan 10 10:00:00 localhost sshd[1234]: Accepted password for user user1 from 192.168.1.10 port 22 ssh2
Jan 10 10:02:00 localhost sudo:  hacker : TTY=pts/0 ; PWD=/home/hacker ; USER=root ; COMMAND=/bin/bash
Jan 10 10:00:00 localhost sshd[1234]: Accepted password for user user1 from 192.168.1.10 port 22 ssh2
Jan 10 10:00:00 localhost sshd[1234]: Accepted password for user user1 from 192.168.1.10 port 22 ssh2
Jan 10 10:02:00 localhost sudo:  hacker : TTY=pts/0 ; PWD=/home/hacker ; USER=root ; COMMAND=/bin/bash
Jan 10 10:00:00 localhost sshd[1234]: Accepted password for user user1 from 192.168.1.10 port 22 ssh2
Jan 10 10:03:00 localhost app[999]: Query: SELECT * FROM users WHERE id=1 OR 1=1
Jan 10 10:00:00 localhost sshd[1234]: Accepted password for user user1 from 192.168.1.10 port 22 ssh2
Jan 10 10:03:00 localhost app[999]: Query: SELECT * FROM users WHERE id=1 OR 1=1
Jan 10 10:00:00 localhost sshd[1234]: Accepted password for user user1 from 192.168.1.10 port 22 ssh2
Jan 10 10:00:00 localhost sshd[1234]: Accepted password for user user1 from 192.168.1.10 port 22 ssh2
Jan 10 10:00:00 localhost sshd[1234]: Accepted password for user user1 from 192.168.1.10 port 22 ssh2
Jan 10 10:00:00 localhost sshd[1234]: Accepted password for user user1 from 192.168.1.10 port 22 ssh2
Jan 10 10:00:00 localhost sshd[1234]: Accepted password for user user1 from 192.168.1.10 port 22 ssh2
Jan 10 10:00:00 localhost sshd[1234]: Accepted password for user user1 from 192.168.1.10 port 22 ssh2
Jan 10 10:00:00 localhost sshd[1234]: Accepted password for user user1 from 192.168.1.10 port 22 ssh2
Jan 10 10:00:00 localhost sshd[1234]: Accepted password for user user1 from 192.168.1.10 port 22 ssh2
Jan 10 10:03:00 localhost app[999]: Query: SELECT * FROM users WHERE id=1 OR 1=1
Jan 10 10:00:00 localhost sshd[1234]: Accepted password for user user1 from 192.168.1.10 port 22 ssh2
Jan 10 10:00:00 localhost sshd[1234]: Accepted password for user user1 from 192.168.1.10 port 22 ssh2
Jan 10 10:00:00 localhost sshd[1234]: Accepted password for user user1 from 192.168.1.10 port 22 ssh2
Jan 10 10:00:00 localhost sshd[1234]: Accepted password for user user1 from 192.168.1.10 port 22 ssh2
Jan 10 10:00:00 localhost sshd[1234]: Accepted password for user user1 from 192.168.1.10 port 22 ssh2
Jan 10 10:00:00 localhost sshd[1234]: Accepted password for user user1 from 192.168.1.10 port 22 ssh2
Jan 10 10:01:00 localhost sshd[1234]: Failed password for user root from 10.0.0.5 port 22 ssh2
Jan 10 10:00:00 localhost sshd[1234]: Accepted password for user user1 from 192.168.1.10 port 22 ssh2
Jan 10 10:01:00 localhost sshd[1234]: Failed password for user root from 10.0.0.5 port 22 ssh2
Jan 10 10:00:00 localhost sshd[1234]: Accepted password for user user1 from 192.168.1.10 port 22 ssh2
Jan 10 10:02:00 localhost sudo:  hacker : TTY=pts/0 ; PWD=/home/hacker ; USER=root ; COMMAND=/bin/bash
Jan 10 10:00:00 localhost sshd[1234]: Accepted password for user user1 from 192.168.1.10 port 22 ssh2
Jan 10 10:00:00 localhost sshd[1234]: Accepted password for user user1 from 192.168.1.10 port 22 ssh2
Jan 10 10:00:00 localhost sshd[1234]: Accepted password for user user1 from 192.168.1.10 port 22 ssh2
Jan 10 10:00:00 localhost sshd[1234]: Accepted password for user user1 from 192.168.1.10 port 22 ssh2
Jan 10 10:02:00 localhost sudo:  hacker : TTY=pts/0 ; PWD=/home/hacker ; USER=root ; COMMAND=/bin/bash
Jan 10 10:00:00 localhost sshd[1234]: Accepted password for user user1 from 192.168.1.10 port 22 ssh2
Jan 10 10:00:00 localhost sshd[1234]: Accepted password for user user1 from 192.168.1.10 port 22 ssh2
Jan 10 10:00:00 localhost sshd[1234]: Accepted password for user user1 from 192.168.1.10 port 22 ssh2
Jan 10 10:00:00 localhost sshd[1234]: Accepted password for user user1 from 192.168.1.10 port 22 ssh2
Jan 10 10:02:00 localhost sudo:  hacker : TTY=pts/0 ; PWD=/home/hacker ; USER=root ; COMMAND=/bin/bash
Jan 10 10:00:00 localhost sshd[1234]: Accepted password for user user1 from 192.168.1.10 port 22 ssh2
Jan 10 10:01:00 localhost sshd[1234]: Failed password for user root from 10.0.0.5 port 22 ssh2
Jan 10 10:00:00 localhost sshd[1234]: Accepted password for user user1 from 192.168.1.10 port 22 ssh2
Jan 10 10:00:00 localhost sshd[1234]: Accepted password for user user1 from 192.168.1.10 port 22 ssh2
Jan 10 10:01:00 localhost sshd[1234]: Failed password for user root from 10.0.0.5 port 22 ssh2
Jan 10 10:00:00 localhost sshd[1234]: Accepted password for user user1 from 192.168.1.10 port 22 ssh2
Jan 10 10:00:00 localhost sshd[1234]: Accepted password for user user1 from 192.168.1.10 port 22 ssh2
Jan 10 10:00:00 localhost sshd[1234]: Accepted password for user user1 from 192.168.1.10 port 22 ssh2
Jan 10 10:03:00 localhost app[999]: Query: SELECT * FROM users WHERE id=1 OR 1=1
Jan 10 10:00:00 localhost sshd[1234]: Accepted password for user user1 from 192.168.1.10 port 22 ssh2
Jan 10 10:02:00 localhost sudo:  hacker : TTY=pts/0 ; PWD=/home/hacker ; USER=root ; COMMAND=/bin/bash
Jan 10 10:00:00 localhost sshd[1234]: Accepted password for user user1 from 192.168.1.10 port 22 ssh2
Jan 10 10:00:00 localhost sshd[1234]: Accepted password for user user1 from 192.168.1.10 port 22 ssh2
Jan 10 10:01:00 localhost sshd[1234]: Failed password for user root from 10.0.0.5 port 22 ssh2
Jan 10 10:00:00 localhost sshd[1234]: Accepted password for user user1 from 192.168.1.10 port 22 ssh2
Jan 10 10:00:00 localhost sshd[1234]: Accepted password for user user1 from 192.168.1.10 port 22 ssh2
Jan 10 10:00:00 localhost sshd[1234]: Accepted password for user user1 from 192.168.1.10 port 22 ssh2
Jan 10 10:00:00 localhost sshd[1234]: Accepted password for user user1 from 192.168.1.10 port 22 ssh2
Jan 10 10:00:00 localhost sshd[1234]: Accepted password for user user1 from 192.168.1.10 port 22 ssh2
Jan 10 10:00:00 localhost sshd[1234]: Accepted password for user user1 from 192.168.1.10 port 22 ssh2
Jan 10 10:00:00 localhost sshd[1234]: Accepted password for user user1 from 192.168.1.10 port 22 ssh2
Jan 10 10:00:00 localhost sshd[1234]: Accepted password for user user1 from 192.168.1.10 port 22 ssh2
Jan 10 10:00:00 localhost sshd[1234]: Accepted password for user user1 from 192.168.1.10 port 22 ssh2
Jan 10 10:01:00 localhost sshd[1234]: Failed password for user root from 10.0.0.5 port 22 ssh2
Jan 10 10:00:00 localhost sshd[1234]: Accepted password for user user1 from 192.168.1.10 port 22 ssh2
Jan 10 10:02:00 localhost sudo:  hacker : TTY=pts/0 ; PWD=/home/hacker ; USER=root ; COMMAND=/bin/bash
Jan 10 10:00:00 localhost sshd[1234]: Accepted password for user user1 from 192.168.1.10 port 22 ssh2
Jan 10 10:02:00 localhost sudo:  hacker : TTY=pts/0 ; PWD=/home/hacker ; USER=root ; COMMAND=/bin/bash
Jan 10 10:00:00 localhost sshd[1234]: Accepted password for user user1 from 192.168.1.10 port 22 ssh2
Jan 10 10:00:00 localhost sshd[1234]: Accepted password for user user1 from 192.168.1.10 port 22 ssh2
Jan 10 10:02:00 localhost sudo:  hacker : TTY=pts/0 ; PWD=/home/hacker ; USER=root ; COMMAND=/bin/bash
Jan 10 10:00:00 localhost sshd[1234]: Accepted password for user user1 from 192.168.1.10 port 22 ssh2
Jan 10 10:00:00 localhost sshd[1234]: Accepted password for user user1 from 192.168.1.10 port 22 ssh2
Jan 10 10:00:00 localhost sshd[1234]: Accepted password for user user1 from 192.168.1.10 port 22 ssh2
Jan 10 10:00:00 localhost sshd[1234]: Accepted password for user user1 from 192.168.1.10 port 22 ssh2
Jan 10 10:00:00 localhost sshd[1234]: Accepted password for user user1 from 192.168.1.10 port 22 ssh2
Jan 10 10:02:00 localhost sudo:  hacker : TTY=pts/0 ; PWD=/home/hacker ; USER=root ; COMMAND=/bin/bash
Jan 10 10:00:00 localhost sshd[1234]: Accepted password for user user1 from 192.168.1.10 port 22 ssh2
Jan 10 10:00:00 localhost sshd[1234]: Accepted password for user user1 from 192.168.1.10 port 22 ssh2
Jan 10 10:00:00 localhost sshd[1234]: Accepted password for user user1 from 192.168.1.10 port 22 ssh2
Jan 10 10:03:00 localhost app[999]: Query: SELECT * FROM users WHERE id=1 OR 1=1
Jan 10 10:00:00 localhost sshd[1234]: Accepted password for user user1 from 192.168.1.10 port 22 ssh2
Jan 10 10:00:00 localhost sshd[1234]: Accepted password for user user1 from 192.168.1.10 port 22 ssh2
Jan 10 10:00:00 localhost sshd[1234]: Accepted password for user user1 from 192.168.1.10 port 22 ssh2
Jan 10 10:00:00 localhost sshd[1234]: Accepted password for user user1 from 192.168.1.10 port 22 ssh2
Jan 10 10:03:00 localhost app[999]: Query: SELECT * FROM users WHERE id=1 OR 1=1
Jan 10 10:00:00 localhost sshd[1234]: Accepted password for user user1 from 192.168.1.10 port 22 ssh2
Jan 10 10:00:00 localhost sshd[1234]: Accepted password for user user1 from 192.168.1.10 port 22 ssh2
Jan 10 10:00:00 localhost sshd[1234]: Accepted password for user user1 from 192.168.1.10 port 22 ssh2
Jan 10 10:00:00 localhost sshd[1234]: Accepted password for user user1 from 192.168.1.10 port 22 ssh2
Jan 10 10:00:00 localhost sshd[1234]: Accepted password for user user1 from 192.168.1.10 port 22 ssh2
Jan 10 10:02:00 localhost sudo:  hacker : TTY=pts/0 ; PWD=/home/hacker ; USER=root ; COMMAND=/bin/bash
Jan 10 10:00:00 localhost sshd[1234]: Accepted password for user user1 from 192.168.1.10 port 22 ssh2
Jan 10 10:00:00 localhost sshd[1234]: Accepted password for user user1 from 192.168.1.10 port 22 ssh2
Jan 10 10:00:00 localhost sshd[1234]: Accepted password for user user1 from 192.168.1.10 port 22 ssh2
Jan 10 10:00:00 localhost sshd[1234]: Accepted password for user user1 from 192.168.1.10 port 22 ssh2
Jan 10 10:03:00 localhost app[999]: Query: SELECT * FROM users WHERE id=1 OR 1=1
Jan 10 10:00:00 localhost sshd[1234]: Accepted password for user user1 from 192.168.1.10 port 22 ssh2
Jan 10 10:00:00 localhost sshd[1234]: Accepted password for user user1 from 192.168.1.10 port 22 ssh2
Jan 10 10:00:00 localhost sshd[1234]: Accepted password for user user1 from 192.168.1.10 port 22 ssh2
Jan 10 10:00:00 localhost sshd[1234]: Accepted password for user user1 from 192.168.1.10 port 22 ssh2
Jan 10 10:00:00 localhost sshd[1234]: Accepted password for user user1 from 192.168.1.10 port 22 ssh2
Jan 10 10:00:00 localhost sshd[1234]: Accepted password for user user1 from 192.168.1.10 port 22 ssh2
Jan 10 10:00:00 localhost sshd[1234]: Accepted password for user user1 from 192.168.1.10 port 22 ssh2
Jan 10 10:00:00 localhost sshd[1234]: Accepted password for user user1 from 192.168.1.10 port 22 ssh2
Jan 10 10:00:00 localhost sshd[1234]: Accepted password for user user1 from 192.168.1.10 port 22 ssh2
Jan 10 10:00:00 localhost sshd[1234]: Accepted password for user user1 from 192.168.1.10 port 22 ssh2
Jan 10 10:00:00 localhost sshd[1234]: Accepted password for user user1 from 192.168.1.10 port 22 ssh2
Jan 10 10:00:00 localhost sshd[1234]: Accepted password for user user1 from 192.168.1.10 port 22 ssh2
Jan 10 10:00:00 localhost sshd[1234]: Accepted password for user user1 from 192.168.1.10 port 22 ssh2
Jan 10 10:00:00 localhost sshd[1234]: Accepted password for user user1 from 192.168.1.10 port 22 ssh2
Jan 10 10:00:00 localhost sshd[1234]: Accepted password for user user1 from 192.168.1.10 port 22 ssh2
Jan 10 10:02:00 localhost sudo:  hacker : TTY=pts/0 ; PWD=/home/hacker ; USER=root ; COMMAND=/bin/bash
Jan 10 10:00:00 localhost sshd[1234]: Accepted password for user user1 from 192.168.1.10 port 22 ssh2
Jan 10 10:00:00 localhost sshd[1234]: Accepted password for user user1 from 192.168.1.10 port 22 ssh2
Jan 10 10:00:00 localhost sshd[1234]: Accepted password for user user1 from 192.168.1.10 port 22 ssh2
Jan 10 10:01:00 localhost sshd[1234]: Failed password for user root from 10.0.0.5 port 22 ssh2
Jan 10 10:00:00 localhost sshd[1234]: Accepted password for user user1 from 192.168.1.10 port 22 ssh2
Jan 10 10:00:00 localhost sshd[1234]: Accepted password for user user1 from 192.168.1.10 port 22 ssh2
Jan 10 10:00:00 localhost sshd[1234]: Accepted password for user user1 from 192.168.1.10 port 22 ssh2
Jan 10 10:00:00 localhost sshd[1234]: Accepted password for user user1 from 192.168.1.10 port 22 ssh2
Jan 10 10:00:00 localhost sshd[1234]: Accepted password for user user1 from 192.168.1.10 port 22 ssh2
Jan 10 10:00:00 localhost sshd[1234]: Accepted password for user user1 from 192.168.1.10 port 22 ssh2
Jan 10 10:00:00 localhost sshd[1234]: Accepted password for user user1 from 192.168.1.10 port 22 ssh2
Jan 10 10:00:00 localhost sshd[1234]: Accepted password for user user1 from 192.168.1.10 port 22 ssh2
Jan 10 10:03:00 localhost app[999]: Query: SELECT * FROM users WHERE id=1 OR 1=1
Jan 10 10:00:00 localhost sshd[1234]: Accepted password for user user1 from 192.168.1.10 port 22 ssh2
Jan 10 10:00:00 localhost sshd[1234]: Accepted password for user user1 from 192.168.1.10 port 22 ssh2
Jan 10 10:00:00 localhost sshd[1234]: Accepted password for user user1 from 192.168.1.10 port 22 ssh2
Jan 10 10:00:00 localhost sshd[1234]: Accepted password for user user1 from 192.168.1.10 port 22 ssh2
Jan 10 10:00:00 localhost sshd[1234]: Accepted password for user user1 from 192.168.1.10 port 22 ssh2
Jan 10 10:00:00 localhost sshd[1234]: Accepted password for user user1 from 192.168.1.10 port 22 ssh2
Jan 10 10:00:00 localhost sshd[1234]: Accepted password for user user1 from 192.168.1.10 port 22 ssh2
Jan 10 10:00:00 localhost sshd[1234]: Accepted password for user user1 from 192.168.1.10 port 22 ssh2
Jan 10 10:00:00 localhost sshd[1234]: Accepted password for user user1 from 192.168.1.10 port 22 ssh2
Jan 10 10:02:00 localhost sudo:  hacker : TTY=pts/0 ; PWD=/home/hacker ; USER=root ; COMMAND=/bin/bash
Jan 10 10:00:00 localhost sshd[1234]: Accepted password for user user1 from 192.168.1.10 port 22 ssh2
Jan 10 10:00:00 localhost sshd[1234]: Accepted password for user user1 from 192.168.1.10 port 22 ssh2
Jan 10 10:00:00 localhost sshd[1234]: Accepted password for user user1 from 192.168.1.10 port 22 ssh2
Jan 10 10:00:00 localhost sshd[1234]: Accepted password for user user1 from 192.168.1.10 port 22 ssh2
Jan 10 10:00:00 localhost sshd[1234]: Accepted password for user user1 from 192.168.1.10 port 22 ssh2
Jan 10 10:00:00 localhost sshd[1234]: Accepted password for user user1 from 192.168.1.10 port 22 ssh2
Jan 10 10:00:00 localhost sshd[1234]: Accepted password for user user1 from 192.168.1.10 port 22 ssh2
Jan 10 10:00:00 localhost sshd[1234]: Accepted password for user user1 from 192.168.1.10 port 22 ssh2
Jan 10 10:00:00 localhost sshd[1234]: Accepted password for user user1 from 192.168.1.10 port 22 ssh2
Jan 10 10:00:00 localhost sshd[1234]: Accepted password for user user1 from 192.168.1.10 port 22 ssh2
Jan 10 10:00:00 localhost sshd[1234]: Accepted password for user user1 from 192.168.1.10 port 22 ssh2
Jan 10 10:00:00 localhost sshd[1234]: Accepted password for user user1 from 192.168.1.10 port 22 ssh2
Jan 10 10:00:00 localhost sshd[1234]: Accepted password for user user1 from 192.168.1.10 port 22 ssh2
Jan 10 10:00:00 localhost sshd[1234]: Accepted password for user user1 from 192.168.1.10 port 22 ssh2
Jan 10 10:00:00 localhost sshd[1234]: Accepted password for user user1 from 192.168.1.10 port 22 ssh2
Jan 10 10:02:00 localhost sudo:  hacker : TTY=pts/0 ; PWD=/home/hacker ; USER=root ; COMMAND=/bin/bash
Jan 10 10:00:00 localhost sshd[1234]: Accepted password for user user1 from 192.168.1.10 port 22 ssh2
Jan 10 10:00:00 localhost sshd[1234]: Accepted password for user user1 from 192.168.1.10 port 22 ssh2
Jan 10 10:01:00 localhost sshd[1234]: Failed password for user root from 10.0.0.5 port 22 ssh2
Jan 10 10:00:00 localhost sshd[1234]: Accepted password for user user1 from 192.168.1.10 port 22 ssh2
Jan 10 10:00:00 localhost sshd[1234]: Accepted password for user user1 from 192.168.1.10 port 22 ssh2
Jan 10 10:01:00 localhost sshd[1234]: Failed password for user root from 10.0.0.5 port 22 ssh2
Jan 10 10:00:00 localhost sshd[1234]: Accepted password for user user1 from 192.168.1.10 port 22 ssh2
Jan 10 10:00:00 localhost sshd[1234]: Accepted password for user user1 from 192.168.1.10 port 22 ssh2
Jan 10 10:00:00 localhost sshd[1234]: Accepted password for user user1 from 192.168.1.10 port 22 ssh2
Jan 10 10:00:00 localhost sshd[1234]: Accepted password for user user1 from 192.168.1.10 port 22 ssh2
Jan 10 10:01:00 localhost sshd[1234]: Failed password for user root from 10.0.0.5 port 22 ssh2
Jan 10 10:00:00 localhost sshd[1234]: Accepted password for user user1 from 192.168.1.10 port 22 ssh2
Jan 10 10:00:00 localhost sshd[1234]: Accepted password for user user1 from 192.168.1.10 port 22 ssh2
Jan 10 10:00:00 localhost sshd[1234]: Accepted password for user user1 from 192.168.1.10 port 22 ssh2
Jan 10 10:00:00 localhost sshd[1234]: Accepted password for user user1 from 192.168.1.10 port 22 ssh2
Jan 10 10:00:00 localhost sshd[1234]: Accepted password for user user1 from 192.168.1.10 port 22 ssh2
Jan 10 10:02:00 localhost sudo:  hacker : TTY=pts/0 ; PWD=/home/hacker ; USER=root ; COMMAND=/bin/bash
Jan 10 10:00:00 localhost sshd[1234]: Accepted password for user user1 from 192.168.1.10 port 22 ssh2
Jan 10 10:00:00 localhost sshd[1234]: Accepted password for user user1 from 192.168.1.10 port 22 ssh2
Jan 10 10:01:00 localhost sshd[1234]: Failed password for user root from 10.0.0.5 port 22 ssh2
Jan 10 10:00:00 localhost sshd[1234]: Accepted password for user user1 from 192.168.1.10 port 22 ssh2
Jan 10 10:00:00 localhost sshd[1234]: Accepted password for user user1 from 192.168.1.10 port 22 ssh2
Jan 10 10:00:00 localhost sshd[1234]: Accepted password for user user1 from 192.168.1.10 port 22 ssh2
Jan 10 10:00:00 localhost sshd[1234]: Accepted password for user user1 from 192.168.1.10 port 22 ssh2
Jan 10 10:02:00 localhost sudo:  hacker : TTY=pts/0 ; PWD=/home/hacker ; USER=root ; COMMAND=/bin/bash
Jan 10 10:00:00 localhost sshd[1234]: Accepted password for user user1 from 192.168.1.10 port 22 ssh2
Jan 10 10:00:00 localhost sshd[1234]: Accepted password for user user1 from 192.168.1.10 port 22 ssh2
Jan 10 10:00:00 localhost sshd[1234]: Accepted password for user user1 from 192.168.1.10 port 22 ssh2
Jan 10 10:00:00 localhost sshd[1234]: Accepted password for user user1 from 192.168.1.10 port 22 ssh2
Jan 10 10:01:00 localhost sshd[1234]: Failed password for user root from 10.0.0.5 port 22 ssh2
Jan 10 10:00:00 localhost sshd[1234]: Accepted password for user user1 from 192.168.1.10 port 22 ssh2
Jan 10 10:00:00 localhost sshd[1234]: Accepted password for user user1 from 192.168.1.10 port 22 ssh2
Jan 10 10:00:00 localhost sshd[1234]: Accepted password for user user1 from 192.168.1.10 port 22 ssh2
Jan 10 10:00:00 localhost sshd[1234]: Accepted password for user user1 from 192.168.1.10 port 22 ssh2
Jan 10 10:00:00 localhost sshd[1234]: Accepted password for user user1 from 192.168.1.10 port 22 ssh2
Jan 10 10:03:00 localhost app[999]: Query: SELECT * FROM users WHERE id=1 OR 1=1
Jan 10 10:00:00 localhost sshd[1234]: Accepted password for user user1 from 192.168.1.10 port 22 ssh2
Jan 10 10:00:00 localhost sshd[1234]: Accepted password for user user1 from 192.168.1.10 port 22 ssh2
Jan 10 10:02:00 localhost sudo:  hacker : TTY=pts/0 ; PWD=/home/hacker ; USER=root ; COMMAND=/bin/bash
Jan 10 10:00:00 localhost sshd[1234]: Accepted password for user user1 from 192.168.1.10 port 22 ssh2
Jan 10 10:00:00 localhost sshd[1234]: Accepted password for user user1 from 192.168.1.10 port 22 ssh2
Jan 10 10:03:00 localhost app[999]: Query: SELECT * FROM users WHERE id=1 OR 1=1
Jan 10 10:00:00 localhost sshd[1234]: Accepted password for user user1 from 192.168.1.10 port 22 ssh2
Jan 10 10:00:00 localhost sshd[1234]: Accepted password for user user1 from 192.168.1.10 port 22 ssh2
Jan 10 10:00:00 localhost sshd[1234]: Accepted password for user user1 from 192.168.1.10 port 22 ssh2
Jan 10 10:03:00 localhost app[999]: Query: SELECT * FROM users WHERE id=1 OR 1=1
Jan 10 10:00:00 localhost sshd[1234]: Accepted password for user user1 from 192.168.1.10 port 22 ssh2
Jan 10 10:00:00 localhost sshd[1234]: Accepted password for user user1 from 192.168.1.10 port 22 ssh2
Jan 10 10:00:00 localhost sshd[1234]: Accepted password for user user1 from 192.168.1.10 port 22 ssh2
Jan 10 10:00:00 localhost sshd[1234]: Accepted password for user user1 from 192.168.1.10 port 22 ssh2
Jan 10 10:00:00 localhost sshd[1234]: Accepted password for user user1 from 192.168.1.10 port 22 ssh2
Jan 10 10:00:00 localhost sshd[1234]: Accepted password for user user1 from 192.168.1.10 port 22 ssh2
Jan 10 10:00:00 localhost sshd[1234]: Accepted password for user user1 from 192.168.1.10 port 22 ssh2
Jan 10 10:00:00 localhost sshd[1234]: Accepted password for user user1 from 192.168.1.10 port 22 ssh2
Jan 10 10:03:00 localhost app[999]: Query: SELECT * FROM users WHERE id=1 OR 1=1
Jan 10 10:00:00 localhost sshd[1234]: Accepted password for user user1 from 192.168.1.10 port 22 ssh2
Jan 10 10:02:00 localhost sudo:  hacker : TTY=pts/0 ; PWD=/home/hacker ; USER=root ; COMMAND=/bin/bash
Jan 10 10:00:00 localhost sshd[1234]: Accepted password for user user1 from 192.168.1.10 port 22 ssh2
Jan 10 10:00:00 localhost sshd[1234]: Accepted password for user user1 from 192.168.1.10 port 22 ssh2
Jan 10 10:00:00 localhost sshd[1234]: Accepted password for user user1 from 192.168.1.10 port 22 ssh2
Jan 10 10:00:00 localhost sshd[1234]: Accepted password for user user1 from 192.168.1.10 port 22 ssh2
Jan 10 10:00:00 localhost sshd[1234]: Accepted password for user user1 from 192.168.1.10 port 22 ssh2
Jan 10 10:00:00 localhost sshd[1234]: Accepted password for user user1 from 192.168.1.10 port 22 ssh2
Jan 10 10:02:00 localhost sudo:  hacker : TTY=pts/0 ; PWD=/home/hacker ; USER=root ; COMMAND=/bin/bash
Jan 10 10:00:00 localhost sshd[1234]: Accepted password for user user1 from 192.168.1.10 port 22 ssh2
Jan 10 10:00:00 localhost sshd[1234]: Accepted password for user user1 from 192.168.1.10 port 22 ssh2
Jan 10 10:01:00 localhost sshd[1234]: Failed password for user root from 10.0.0.5 port 22 ssh2
Jan 10 10:00:00 localhost sshd[1234]: Accepted password for user user1 from 192.168.1.10 port 22 ssh2
Jan 10 10:00:00 localhost sshd[1234]: Accepted password for user user1 from 192.168.1.10 port 22 ssh2
Jan 10 10:03:00 localhost app[999]: Query: SELECT * FROM users WHERE id=1 OR 1=1
Jan 10 10:00:00 localhost sshd[1234]: Accepted password for user user1 from 192.168.1.10 port 22 ssh2
Jan 10 10:00:00 localhost sshd[1234]: Accepted password for user user1 from 192.168.1.10 port 22 ssh2
Jan 10 10:00:00 localhost sshd[1234]: Accepted password for user user1 from 192.168.1.10 port 22 ssh2
Jan 10 10:00:00 localhost sshd[1234]: Accepted password for user user1 from 192.168.1.10 port 22 ssh2
Jan 10 10:00:00 localhost sshd[1234]: Accepted password for user user1 from 192.168.1.10 port 22 ssh2
Jan 10 10:00:00 localhost sshd[1234]: Accepted password for user user1 from 192.168.1.10 port 22 ssh2
Jan 10 10:00:00 localhost sshd[1234]: Accepted password for user user1 from 192.168.1.10 port 22 ssh2
Jan 10 10:01:00 localhost sshd[1234]: Failed password for user root from 10.0.0.5 port 22 ssh2
Jan 10 10:00:00 localhost sshd[1234]: Accepted password for user user1 from 192.168.1.10 port 22 ssh2
Jan 10 10:00:00 localhost sshd[1234]: Accepted password for user user1 from 192.168.1.10 port 22 ssh2
Jan 10 10:00:00 localhost sshd[1234]: Accepted password for user user1 from 192.168.1.10 port 22 ssh2
Jan 10 10:02:00 localhost sudo:  hacker : TTY=pts/0 ; PWD=/home/hacker ; USER=root ; COMMAND=/bin/bash
Jan 10 10:00:00 localhost sshd[1234]: Accepted password for user user1 from 192.168.1.10 port 22 ssh2
Jan 10 10:01:00 localhost sshd[1234]: Failed password for user root from 10.0.0.5 port 22 ssh2
Jan 10 10:00:00 localhost sshd[1234]: Accepted password for user user1 from 192.168.1.10 port 22 ssh2
Jan 10 10:00:00 localhost sshd[1234]: Accepted password for user user1 from 192.168.1.10 port 22 ssh2
Jan 10 10:00:00 localhost sshd[1234]: Accepted password for user user1 from 192.168.1.10 port 22 ssh2
Jan 10 10:00:00 localhost sshd[1234]: Accepted password for user user1 from 192.168.1.10 port 22 ssh2
Jan 10 10:00:00 localhost sshd[1234]: Accepted password for user user1 from 192.168.1.10 port 22 ssh2
Jan 10 10:00:00 localhost sshd[1234]: Accepted password for user user1 from 192.168.1.10 port 22 ssh2
Jan 10 10:00:00 localhost sshd[1234]: Accepted password for user user1 from 192.168.1.10 port 22 ssh2
Jan 10 10:00:00 localhost sshd[1234]: Accepted password for user user1 from 192.168.1.10 port 22 ssh2
Jan 10 10:00:00 localhost sshd[1234]: Accepted password for user user1 from 192.168.1.10 port 22 ssh2
Jan 10 10:00:00 localhost sshd[1234]: Accepted password for user user1 from 192.168.1.10 port 22 ssh2
Jan 10 10:00:00 localhost sshd[1234]: Accepted password for user user1 from 192.168.1.10 port 22 ssh2
Jan 10 10:01:00 localhost sshd[1234]: Failed password for user root from 10.0.0.5 port 22 ssh2
Jan 10 10:00:00 localhost sshd[1234]: Accepted password for user user1 from 192.168.1.10 port 22 ssh2
Jan 10 10:03:00 localhost app[999]: Query: SELECT * FROM users WHERE id=1 OR 1=1
Jan 10 10:00:00 localhost sshd[1234]: Accepted password for user user1 from 192.168.1.10 port 22 ssh2
Jan 10 10:00:00 localhost sshd[1234]: Accepted password for user user1 from 192.168.1.10 port 22 ssh2
Jan 10 10:01:00 localhost sshd[1234]: Failed password for user root from 10.0.0.5 port 22 ssh2
Jan 10 10:00:00 localhost sshd[1234]: Accepted password for user user1 from 192.168.1.10 port 22 ssh2
Jan 10 10:00:00 localhost sshd[1234]: Accepted password for user user1 from 192.168.1.10 port 22 ssh2
Jan 10 10:01:00 localhost sshd[1234]: Failed password for user root from 10.0.0.5 port 22 ssh2
Jan 10 10:00:00 localhost sshd[1234]: Accepted password for user user1 from 192.168.1.10 port 22 ssh2
Jan 10 10:00:00 localhost sshd[1234]: Accepted password for user user1 from 192.168.1.10 port 22 ssh2
Jan 10 10:01:00 localhost sshd[1234]: Failed password for user root from 10.0.0.5 port 22 ssh2
Jan 10 10:00:00 localhost sshd[1234]: Accepted password for user user1 from 192.168.1.10 port 22 ssh2
Jan 10 10:00:00 localhost sshd[1234]: Accepted password for user user1 from 192.168.1.10 port 22 ssh2
Jan 10 10:03:00 localhost app[999]: Query: SELECT * FROM users WHERE id=1 OR 1=1
Jan 10 10:00:00 localhost sshd[1234]: Accepted password for user user1 from 192.168.1.10 port 22 ssh2
Jan 10 10:00:00 localhost sshd[1234]: Accepted password for user user1 from 192.168.1.10 port 22 ssh2
Jan 10 10:00:00 localhost sshd[1234]: Accepted password for user user1 from 192.168.1.10 port 22 ssh2
Jan 10 10:00:00 localhost sshd[1234]: Accepted password for user user1 from 192.168.1.10 port 22 ssh2
Jan 10 10:00:00 localhost sshd[1234]: Accepted password for user user1 from 192.168.1.10 port 22 ssh2
Jan 10 10:00:00 localhost sshd[1234]: Accepted password for user user1 from 192.168.1.10 port 22 ssh2
Jan 10 10:03:00 localhost app[999]: Query: SELECT * FROM users WHERE id=1 OR 1=1
Jan 10 10:00:00 localhost sshd[1234]: Accepted password for user user1 from 192.168.1.10 port 22 ssh2
Jan 10 10:02:00 localhost sudo:  hacker : TTY=pts/0 ; PWD=/home/hacker ; USER=root ; COMMAND=/bin/bash
Jan 10 10:00:00 localhost sshd[1234]: Accepted password for user user1 from 192.168.1.10 port 22 ssh2
Jan 10 10:00:00 localhost sshd[1234]: Accepted password for user user1 from 192.168.1.10 port 22 ssh2
Jan 10 10:00:00 localhost sshd[1234]: Accepted password for user user1 from 192.168.1.10 port 22 ssh2
Jan 10 10:00:00 localhost sshd[1234]: Accepted password for user user1 from 192.168.1.10 port 22 ssh2
Jan 10 10:00:00 localhost sshd[1234]: Accepted password for user user1 from 192.168.1.10 port 22 ssh2
Jan 10 10:02:00 localhost sudo:  hacker : TTY=pts/0 ; PWD=/home/hacker ; USER=root ; COMMAND=/bin/bash
Jan 10 10:00:00 localhost sshd[1234]: Accepted password for user user1 from 192.168.1.10 port 22 ssh2
Jan 10 10:00:00 localhost sshd[1234]: Accepted password for user user1 from 192.168.1.10 port 22 ssh2
Jan 10 10:02:00 localhost sudo:  hacker : TTY=pts/0 ; PWD=/home/hacker ; USER=root ; COMMAND=/bin/bash
Jan 10 10:00:00 localhost sshd[1234]: Accepted password for user user1 from 192.168.1.10 port 22 ssh2
Jan 10 10:01:00 localhost sshd[1234]: Failed password for user root from 10.0.0.5 port 22 ssh2
Jan 10 10:00:00 localhost sshd[1234]: Accepted password for user user1 from 192.168.1.10 port 22 ssh2
Jan 10 10:02:00 localhost sudo:  hacker : TTY=pts/0 ; PWD=/home/hacker ; USER=root ; COMMAND=/bin/bash
Jan 10 10:00:00 localhost sshd[1234]: Accepted password for user user1 from 192.168.1.10 port 22 ssh2
Jan 10 10:01:00 localhost sshd[1234]: Failed password for user root from 10.0.0.5 port 22 ssh2
Jan 10 10:00:00 localhost sshd[1234]: Accepted password for user user1 from 192.168.1.10 port 22 ssh2
Jan 10 10:03:00 localhost app[999]: Query: SELECT * FROM users WHERE id=1 OR 1=1
Jan 10 10:00:00 localhost sshd[1234]: Accepted password for user user1 from 192.168.1.10 port 22 ssh2
Jan 10 10:03:00 localhost app[999]: Query: SELECT * FROM users WHERE id=1 OR 1=1
Jan 10 10:00:00 localhost sshd[1234]: Accepted password for user user1 from 192.168.1.10 port 22 ssh2
Jan 10 10:00:00 localhost sshd[1234]: Accepted password for user user1 from 192.168.1.10 port 22 ssh2
Jan 10 10:00:00 localhost sshd[1234]: Accepted password for user user1 from 192.168.1.10 port 22 ssh2
Jan 10 10:00:00 localhost sshd[1234]: Accepted password for user user1 from 192.168.1.10 port 22 ssh2
Jan 10 10:02:00 localhost sudo:  hacker : TTY=pts/0 ; PWD=/home/hacker ; USER=root ; COMMAND=/bin/bash
Jan 10 10:00:00 localhost sshd[1234]: Accepted password for user user1 from 192.168.1.10 port 22 ssh2
Jan 10 10:03:00 localhost app[999]: Query: SELECT * FROM users WHERE id=1 OR 1=1
Jan 10 10:00:00 localhost sshd[1234]: Accepted password for user user1 from 192.168.1.10 port 22 ssh2
Jan 10 10:01:00 localhost sshd[1234]: Failed password for user root from 10.0.0.5 port 22 ssh2
Jan 10 10:00:00 localhost sshd[1234]: Accepted password for user user1 from 192.168.1.10 port 22 ssh2
Jan 10 10:00:00 localhost sshd[1234]: Accepted password for user user1 from 192.168.1.10 port 22 ssh2
Jan 10 10:00:00 localhost sshd[1234]: Accepted password for user user1 from 192.168.1.10 port 22 ssh2
Jan 10 10:00:00 localhost sshd[1234]: Accepted password for user user1 from 192.168.1.10 port 22 ssh2
Jan 10 10:02:00 localhost sudo:  hacker : TTY=pts/0 ; PWD=/home/hacker ; USER=root ; COMMAND=/bin/bash
Jan 10 10:00:00 localhost sshd[1234]: Accepted password for user user1 from 192.168.1.10 port 22 ssh2
Jan 10 10:00:00 localhost sshd[1234]: Accepted password for user user1 from 192.168.1.10 port 22 ssh2
Jan 10 10:00:00 localhost sshd[1234]: Accepted password for user user1 from 192.168.1.10 port 22 ssh2
Jan 10 10:03:00 localhost app[999]: Query: SELECT * FROM users WHERE id=1 OR 1=1
Jan 10 10:00:00 localhost sshd[1234]: Accepted password for user user1 from 192.168.1.10 port 22 ssh2
Jan 10 10:00:00 localhost sshd[1234]: Accepted password for user user1 from 192.168.1.10 port 22 ssh2
Jan 10 10:00:00 localhost sshd[1234]: Accepted password for user user1 from 192.168.1.10 port 22 ssh2
Jan 10 10:00:00 localhost sshd[1234]: Accepted password for user user1 from 192.168.1.10 port 22 ssh2
Jan 10 10:00:00 localhost sshd[1234]: Accepted password for user user1 from 192.168.1.10 port 22 ssh2
Jan 10 10:00:00 localhost sshd[1234]: Accepted password for user user1 from 192.168.1.10 port 22 ssh2
Jan 10 10:00:00 localhost sshd[1234]: Accepted password for user user1 from 192.168.1.10 port 22 ssh2
Jan 10 10:01:00 localhost sshd[1234]: Failed password for user root from 10.0.0.5 port 22 ssh2
Jan 10 10:00:00 localhost sshd[1234]: Accepted password for user user1 from 192.168.1.10 port 22 ssh2
Jan 10 10:00:00 localhost sshd[1234]: Accepted password for user user1 from 192.168.1.10 port 22 ssh2
Jan 10 10:00:00 localhost sshd[1234]: Accepted password for user user1 from 192.168.1.10 port 22 ssh2
Jan 10 10:00:00 localhost sshd[1234]: Accepted password for user user1 from 192.168.1.10 port 22 ssh2
Jan 10 10:00:00 localhost sshd[1234]: Accepted password for user user1 from 192.168.1.10 port 22 ssh2
Jan 10 10:00:00 localhost sshd[1234]: Accepted password for user user1 from 192.168.1.10 port 22 ssh2
Jan 10 10:03:00 localhost app[999]: Query: SELECT * FROM users WHERE id=1 OR 1=1
Jan 10 10:00:00 localhost sshd[1234]: Accepted password for user user1 from 192.168.1.10 port 22 ssh2
Jan 10 10:02:00 localhost sudo:  hacker : TTY=pts/0 ; PWD=/home/hacker ; USER=root ; COMMAND=/bin/bash
Jan 10 10:00:00 localhost sshd[1234]: Accepted password for user user1 from 192.168.1.10 port 22 ssh2
Jan 10 10:02:00 localhost sudo:  hacker : TTY=pts/0 ; PWD=/home/hacker ; USER=root ; COMMAND=/bin/bash
Jan 10 10:00:00 localhost sshd[1234]: Accepted password for user user1 from 192.168.1.10 port 22 ssh2
Jan 10 10:00:00 localhost sshd[1234]: Accepted password for user user1 from 192.168.1.10 port 22 ssh2
Jan 10 10:02:00 localhost sudo:  hacker : TTY=pts/0 ; PWD=/home/hacker ; USER=root ; COMMAND=/bin/bash
Jan 10 10:00:00 localhost sshd[1234]: Accepted password for user user1 from 192.168.1.10 port 22 ssh2
Jan 10 10:00:00 localhost sshd[1234]: Accepted password for user user1 from 192.168.1.10 port 22 ssh2
Jan 10 10:00:00 localhost sshd[1234]: Accepted password for user user1 from 192.168.1.10 port 22 ssh2
Jan 10 10:00:00 localhost sshd[1234]: Accepted password for user user1 from 192.168.1.10 port 22 ssh2
Jan 10 10:00:00 localhost sshd[1234]: Accepted password for user user1 from 192.168.1.10 port 22 ssh2
Jan 10 10:00:00 localhost sshd[1234]: Accepted password for user user1 from 192.168.1.10 port 22 ssh2
Jan 10 10:00:00 localhost sshd[1234]: Accepted password for user user1 from 192.168.1.10 port 22 ssh2
Jan 10 10:00:00 localhost sshd[1234]: Accepted password for user user1 from 192.168.1.10 port 22 ssh2
Jan 10 10:00:00 localhost sshd[1234]: Accepted password for user user1 from 192.168.1.10 port 22 ssh2
Jan 10 10:01:00 localhost sshd[1234]: Failed password for user root from 10.0.0.5 port 22 ssh2
Jan 10 10:00:00 localhost sshd[1234]: Accepted password for user user1 from 192.168.1.10 port 22 ssh2
Jan 10 10:00:00 localhost sshd[1234]: Accepted password for user user1 from 192.168.1.10 port 22 ssh2
Jan 10 10:00:00 localhost sshd[1234]: Accepted password for user user1 from 192.168.1.10 port 22 ssh2
Jan 10 10:02:00 localhost sudo:  hacker : TTY=pts/0 ; PWD=/home/hacker ; USER=root ; COMMAND=/bin/bash
Jan 10 10:00:00 localhost sshd[1234]: Accepted password for user user1 from 192.168.1.10 port 22 ssh2
Jan 10 10:03:00 localhost app[999]: Query: SELECT * FROM users WHERE id=1 OR 1=1
Jan 10 10:00:00 localhost sshd[1234]: Accepted password for user user1 from 192.168.1.10 port 22 ssh2
Jan 10 10:00:00 localhost sshd[1234]: Accepted password for user user1 from 192.168.1.10 port 22 ssh2
Jan 10 10:00:00 localhost sshd[1234]: Accepted password for user user1 from 192.168.1.10 port 22 ssh2
Jan 10 10:03:00 localhost app[999]: Query: SELECT * FROM users WHERE id=1 OR 1=1
Jan 10 10:00:00 localhost sshd[1234]: Accepted password for user user1 from 192.168.1.10 port 22 ssh2
Jan 10 10:02:00 localhost sudo:  hacker : TTY=pts/0 ; PWD=/home/hacker ; USER=root ; COMMAND=/bin/bash
Jan 10 10:00:00 localhost sshd[1234]: Accepted password for user user1 from 192.168.1.10 port 22 ssh2
Jan 10 10:00:00 localhost sshd[1234]: Accepted password for user user1 from 192.168.1.10 port 22 ssh2
Jan 10 10:02:00 localhost sudo:  hacker : TTY=pts/0 ; PWD=/home/hacker ; USER=root ; COMMAND=/bin/bash
Jan 10 10:00:00 localhost sshd[1234]: Accepted password for user user1 from 192.168.1.10 port 22 ssh2
Jan 10 10:00:00 localhost sshd[1234]: Accepted password for user user1 from 192.168.1.10 port 22 ssh2
Jan 10 10:00:00 localhost sshd[1234]: Accepted password for user user1 from 192.168.1.10 port 22 ssh2
Jan 10 10:00:00 localhost sshd[1234]: Accepted password for user user1 from 192.168.1.10 port 22 ssh2
Jan 10 10:01:00 localhost sshd[1234]: Failed password for user root from 10.0.0.5 port 22 ssh2
Jan 10 10:00:00 localhost sshd[1234]: Accepted password for user user1 from 192.168.1.10 port 22 ssh2
Jan 10 10:03:00 localhost app[999]: Query: SELECT * FROM users WHERE id=1 OR 1=1
Jan 10 10:00:00 localhost sshd[1234]: Accepted password for user user1 from 192.168.1.10 port 22 ssh2
Jan 10 10:00:00 localhost sshd[1234]: Accepted password for user user1 from 192.168.1.10 port 22 ssh2
Jan 10 10:03:00 localhost app[999]: Query: SELECT * FROM users WHERE id=1 OR 1=1
Jan 10 10:00:00 localhost sshd[1234]: Accepted password for user user1 from 192.168.1.10 port 22 ssh2
Jan 10 10:02:00 localhost sudo:  hacker : TTY=pts/0 ; PWD=/home/hacker ; USER=root ; COMMAND=/bin/bash
Jan 10 10:00:00 localhost sshd[1234]: Accepted password for user user1 from 192.168.1.10 port 22 ssh2
Jan 10 10:00:00 localhost sshd[1234]: Accepted password for user user1 from 192.168.1.10 port 22 ssh2
Jan 10 10:03:00 localhost app[999]: Query: SELECT * FROM users WHERE id=1 OR 1=1
Jan 10 10:00:00 localhost sshd[1234]: Accepted password for user user1 from 192.168.1.10 port 22 ssh2
Jan 10 10:00:00 localhost sshd[1234]: Accepted password for user user1 from 192.168.1.10 port 22 ssh2
Jan 10 10:00:00 localhost sshd[1234]: Accepted password for user user1 from 192.168.1.10 port 22 ssh2
Jan 10 10:02:00 localhost sudo:  hacker : TTY=pts/0 ; PWD=/home/hacker ; USER=root ; COMMAND=/bin/bash
Jan 10 10:00:00 localhost sshd[1234]: Accepted password for user user1 from 192.168.1.10 port 22 ssh2
Jan 10 10:01:00 localhost sshd[1234]: Failed password for user root from 10.0.0.5 port 22 ssh2
Jan 10 10:00:00 localhost sshd[1234]: Accepted password for user user1 from 192.168.1.10 port 22 ssh2
Jan 10 10:00:00 localhost sshd[1234]: Accepted password for user user1 from 192.168.1.10 port 22 ssh2
Jan 10 10:00:00 localhost sshd[1234]: Accepted password for user user1 from 192.168.1.10 port 22 ssh2
Jan 10 10:02:00 localhost sudo:  hacker : TTY=pts/0 ; PWD=/home/hacker ; USER=root ; COMMAND=/bin/bash
Jan 10 10:00:00 localhost sshd[1234]: Accepted password for user user1 from 192.168.1.10 port 22 ssh2
Jan 10 10:00:00 localhost sshd[1234]: Accepted password for user user1 from 192.168.1.10 port 22 ssh2
Jan 10 10:00:00 localhost sshd[1234]: Accepted password for user user1 from 192.168.1.10 port 22 ssh2
Jan 10 10:00:00 localhost sshd[1234]: Accepted password for user user1 from 192.168.1.10 port 22 ssh2
Jan 10 10:02:00 localhost sudo:  hacker : TTY=pts/0 ; PWD=/home/hacker ; USER=root ; COMMAND=/bin/bash
Jan 10 10:00:00 localhost sshd[1234]: Accepted password for user user1 from 192.168.1.10 port 22 ssh2
Jan 10 10:00:00 localhost sshd[1234]: Accepted password for user user1 from 192.168.1.10 port 22 ssh2
Jan 10 10:03:00 localhost app[999]: Query: SELECT * FROM users WHERE id=1 OR 1=1
Jan 10 10:00:00 localhost sshd[1234]: Accepted password for user user1 from 192.168.1.10 port 22 ssh2
Jan 10 10:02:00 localhost sudo:  hacker : TTY=pts/0 ; PWD=/home/hacker ; USER=root ; COMMAND=/bin/bash
Jan 10 10:00:00 localhost sshd[1234]: Accepted password for user user1 from 192.168.1.10 port 22 ssh2
Jan 10 10:00:00 localhost sshd[1234]: Accepted password for user user1 from 192.168.1.10 port 22 ssh2
Jan 10 10:00:00 localhost sshd[1234]: Accepted password for user user1 from 192.168.1.10 port 22 ssh2
Jan 10 10:02:00 localhost sudo:  hacker : TTY=pts/0 ; PWD=/home/hacker ; USER=root ; COMMAND=/bin/bash
Jan 10 10:00:00 localhost sshd[1234]: Accepted password for user user1 from 192.168.1.10 port 22 ssh2
Jan 10 10:01:00 localhost sshd[1234]: Failed password for user root from 10.0.0.5 port 22 ssh2
Jan 10 10:00:00 localhost sshd[1234]: Accepted password for user user1 from 192.168.1.10 port 22 ssh2
Jan 10 10:00:00 localhost sshd[1234]: Accepted password for user user1 from 192.168.1.10 port 22 ssh2
Jan 10 10:00:00 localhost sshd[1234]: Accepted password for user user1 from 192.168.1.10 port 22 ssh2
Jan 10 10:00:00 localhost sshd[1234]: Accepted password for user user1 from 192.168.1.10 port 22 ssh2
Jan 10 10:01:00 localhost sshd[1234]: Failed password for user root from 10.0.0.5 port 22 ssh2
Jan 10 10:00:00 localhost sshd[1234]: Accepted password for user user1 from 192.168.1.10 port 22 ssh2
Jan 10 10:00:00 localhost sshd[1234]: Accepted password for user user1 from 192.168.1.10 port 22 ssh2
Jan 10 10:00:00 localhost sshd[1234]: Accepted password for user user1 from 192.168.1.10 port 22 ssh2
Jan 10 10:00:00 localhost sshd[1234]: Accepted password for user user1 from 192.168.1.10 port 22 ssh2
Jan 10 10:00:00 localhost sshd[1234]: Accepted password for user user1 from 192.168.1.10 port 22 ssh2
Jan 10 10:03:00 localhost app[999]: Query: SELECT * FROM users WHERE id=1 OR 1=1
Jan 10 10:00:00 localhost sshd[1234]: Accepted password for user user1 from 192.168.1.10 port 22 ssh2
Jan 10 10:00:00 localhost sshd[1234]: Accepted password for user user1 from 192.168.1.10 port 22 ssh2
Jan 10 10:00:00 localhost sshd[1234]: Accepted password for user user1 from 192.168.1.10 port 22 ssh2
Jan 10 10:02:00 localhost sudo:  hacker : TTY=pts/0 ; PWD=/home/hacker ; USER=root ; COMMAND=/bin/bash
Jan 10 10:00:00 localhost sshd[1234]: Accepted password for user user1 from 192.168.1.10 port 22 ssh2
Jan 10 10:00:00 localhost sshd[1234]: Accepted password for user user1 from 192.168.1.10 port 22 ssh2
Jan 10 10:00:00 localhost sshd[1234]: Accepted password for user user1 from 192.168.1.10 port 22 ssh2
Jan 10 10:02:00 localhost sudo:  hacker : TTY=pts/0 ; PWD=/home/hacker ; USER=root ; COMMAND=/bin/bash
Jan 10 10:00:00 localhost sshd[1234]: Accepted password for user user1 from 192.168.1.10 port 22 ssh2
Jan 10 10:00:00 localhost sshd[1234]: Accepted password for user user1 from 192.168.1.10 port 22 ssh2
Jan 10 10:02:00 localhost sudo:  hacker : TTY=pts/0 ; PWD=/home/hacker ; USER=root ; COMMAND=/bin/bash
Jan 10 10:00:00 localhost sshd[1234]: Accepted password for user user1 from 192.168.1.10 port 22 ssh2
Jan 10 10:00:00 localhost sshd[1234]: Accepted password for user user1 from 192.168.1.10 port 22 ssh2
Jan 10 10:00:00 localhost sshd[1234]: Accepted password for user user1 from 192.168.1.10 port 22 ssh2
Jan 10 10:02:00 localhost sudo:  hacker : TTY=pts/0 ; PWD=/home/hacker ; USER=root ; COMMAND=/bin/bash
Jan 10 10:00:00 localhost sshd[1234]: Accepted password for user user1 from 192.168.1.10 port 22 ssh2
Jan 10 10:03:00 localhost app[999]: Query: SELECT * FROM users WHERE id=1 OR 1=1
Jan 10 10:00:00 localhost sshd[1234]: Accepted password for user user1 from 192.168.1.10 port 22 ssh2
Jan 10 10:00:00 localhost sshd[1234]: Accepted password for user user1 from 192.168.1.10 port 22 ssh2
Jan 10 10:03:00 localhost app[999]: Query: SELECT * FROM users WHERE id=1 OR 1=1
Jan 10 10:00:00 localhost sshd[1234]: Accepted password for user user1 from 192.168.1.10 port 22 ssh2
Jan 10 10:00:00 localhost sshd[1234]: Accepted password for user user1 from 192.168.1.10 port 22 ssh2
Jan 10 10:01:00 localhost sshd[1234]: Failed password for user root from 10.0.0.5 port 22 ssh2
Jan 10 10:00:00 localhost sshd[1234]: Accepted password for user user1 from 192.168.1.10 port 22 ssh2
Jan 10 10:02:00 localhost sudo:  hacker : TTY=pts/0 ; PWD=/home/hacker ; USER=root ; COMMAND=/bin/bash
Jan 10 10:00:00 localhost sshd[1234]: Accepted password for user user1 from 192.168.1.10 port 22 ssh2
Jan 10 10:00:00 localhost sshd[1234]: Accepted password for user user1 from 192.168.1.10 port 22 ssh2
Jan 10 10:03:00 localhost app[999]: Query: SELECT * FROM users WHERE id=1 OR 1=1
Jan 10 10:00:00 localhost sshd[1234]: Accepted password for user user1 from 192.168.1.10 port 22 ssh2
Jan 10 10:00:00 localhost sshd[1234]: Accepted password for user user1 from 192.168.1.10 port 22 ssh2
Jan 10 10:00:00 localhost sshd[1234]: Accepted password for user user1 from 192.168.1.10 port 22 ssh2
Jan 10 10:00:00 localhost sshd[1234]: Accepted password for user user1 from 192.168.1.10 port 22 ssh2
Jan 10 10:00:00 localhost sshd[1234]: Accepted password for user user1 from 192.168.1.10 port 22 ssh2
Jan 10 10:00:00 localhost sshd[1234]: Accepted password for user user1 from 192.168.1.10 port 22 ssh2
Jan 10 10:00:00 localhost sshd[1234]: Accepted password for user user1 from 192.168.1.10 port 22 ssh2
Jan 10 10:01:00 localhost sshd[1234]: Failed password for user root from 10.0.0.5 port 22 ssh2
Jan 10 10:00:00 localhost sshd[1234]: Accepted password for user user1 from 192.168.1.10 port 22 ssh2
Jan 10 10:00:00 localhost sshd[1234]: Accepted password for user user1 from 192.168.1.10 port 22 ssh2
Jan 10 10:00:00 localhost sshd[1234]: Accepted password for user user1 from 192.168.1.10 port 22 ssh2
Jan 10 10:00:00 localhost sshd[1234]: Accepted password for user user1 from 192.168.1.10 port 22 ssh2
Jan 10 10:02:00 localhost sudo:  hacker : TTY=pts/0 ; PWD=/home/hacker ; USER=root ; COMMAND=/bin/bash
Jan 10 10:00:00 localhost sshd[1234]: Accepted password for user user1 from 192.168.1.10 port 22 ssh2
Jan 10 10:00:00 localhost sshd[1234]: Accepted password for user user1 from 192.168.1.10 port 22 ssh2
Jan 10 10:00:00 localhost sshd[1234]: Accepted password for user user1 from 192.168.1.10 port 22 ssh2
Jan 10 10:00:00 localhost sshd[1234]: Accepted password for user user1 from 192.168.1.10 port 22 ssh2
Jan 10 10:01:00 localhost sshd[1234]: Failed password for user root from 10.0.0.5 port 22 ssh2
Jan 10 10:00:00 localhost sshd[1234]: Accepted password for user user1 from 192.168.1.10 port 22 ssh2
Jan 10 10:03:00 localhost app[999]: Query: SELECT * FROM users WHERE id=1 OR 1=1
Jan 10 10:00:00 localhost sshd[1234]: Accepted password for user user1 from 192.168.1.10 port 22 ssh2
Jan 10 10:03:00 localhost app[999]: Query: SELECT * FROM users WHERE id=1 OR 1=1
Jan 10 10:00:00 localhost sshd[1234]: Accepted password for user user1 from 192.168.1.10 port 22 ssh2
Jan 10 10:00:00 localhost sshd[1234]: Accepted password for user user1 from 192.168.1.10 port 22 ssh2
Jan 10 10:00:00 localhost sshd[1234]: Accepted password for user user1 from 192.168.1.10 port 22 ssh2
Jan 10 10:02:00 localhost sudo:  hacker : TTY=pts/0 ; PWD=/home/hacker ; USER=root ; COMMAND=/bin/bash
Jan 10 10:00:00 localhost sshd[1234]: Accepted password for user user1 from 192.168.1.10 port 22 ssh2
Jan 10 10:02:00 localhost sudo:  hacker : TTY=pts/0 ; PWD=/home/hacker ; USER=root ; COMMAND=/bin/bash
Jan 10 10:00:00 localhost sshd[1234]: Accepted password for user user1 from 192.168.1.10 port 22 ssh2
Jan 10 10:00:00 localhost sshd[1234]: Accepted password for user user1 from 192.168.1.10 port 22 ssh2
Jan 10 10:00:00 localhost sshd[1234]: Accepted password for user user1 from 192.168.1.10 port 22 ssh2
Jan 10 10:00:00 localhost sshd[1234]: Accepted password for user user1 from 192.168.1.10 port 22 ssh2
Jan 10 10:01:00 localhost sshd[1234]: Failed password for user root from 10.0.0.5 port 22 ssh2
Jan 10 10:00:00 localhost sshd[1234]: Accepted password for user user1 from 192.168.1.10 port 22 ssh2
Jan 10 10:00:00 localhost sshd[1234]: Accepted password for user user1 from 192.168.1.10 port 22 ssh2
Jan 10 10:01:00 localhost sshd[1234]: Failed password for user root from 10.0.0.5 port 22 ssh2
Jan 10 10:00:00 localhost sshd[1234]: Accepted password for user user1 from 192.168.1.10 port 22 ssh2
Jan 10 10:00:00 localhost sshd[1234]: Accepted password for user user1 from 192.168.1.10 port 22 ssh2
Jan 10 10:00:00 localhost sshd[1234]: Accepted password for user user1 from 192.168.1.10 port 22 ssh2
Jan 10 10:00:00 localhost sshd[1234]: Accepted password for user user1 from 192.168.1.10 port 22 ssh2
Jan 10 10:00:00 localhost sshd[1234]: Accepted password for user user1 from 192.168.1.10 port 22 ssh2
Jan 10 10:00:00 localhost sshd[1234]: Accepted password for user user1 from 192.168.1.10 port 22 ssh2
Jan 10 10:03:00 localhost app[999]: Query: SELECT * FROM users WHERE id=1 OR 1=1
Jan 10 10:00:00 localhost sshd[1234]: Accepted password for user user1 from 192.168.1.10 port 22 ssh2
Jan 10 10:00:00 localhost sshd[1234]: Accepted password for user user1 from 192.168.1.10 port 22 ssh2
Jan 10 10:02:00 localhost sudo:  hacker : TTY=pts/0 ; PWD=/home/hacker ; USER=root ; COMMAND=/bin/bash
Jan 10 10:00:00 localhost sshd[1234]: Accepted password for user user1 from 192.168.1.10 port 22 ssh2
Jan 10 10:02:00 localhost sudo:  hacker : TTY=pts/0 ; PWD=/home/hacker ; USER=root ; COMMAND=/bin/bash
Jan 10 10:00:00 localhost sshd[1234]: Accepted password for user user1 from 192.168.1.10 port 22 ssh2
Jan 10 10:03:00 localhost app[999]: Query: SELECT * FROM users WHERE id=1 OR 1=1
Jan 10 10:00:00 localhost sshd[1234]: Accepted password for user user1 from 192.168.1.10 port 22 ssh2
Jan 10 10:00:00 localhost sshd[1234]: Accepted password for user user1 from 192.168.1.10 port 22 ssh2
Jan 10 10:02:00 localhost sudo:  hacker : TTY=pts/0 ; PWD=/home/hacker ; USER=root ; COMMAND=/bin/bash
Jan 10 10:00:00 localhost sshd[1234]: Accepted password for user user1 from 192.168.1.10 port 22 ssh2
Jan 10 10:00:00 localhost sshd[1234]: Accepted password for user user1 from 192.168.1.10 port 22 ssh2
Jan 10 10:01:00 localhost sshd[1234]: Failed password for user root from 10.0.0.5 port 22 ssh2
Jan 10 10:00:00 localhost sshd[1234]: Accepted password for user user1 from 192.168.1.10 port 22 ssh2
Jan 10 10:03:00 localhost app[999]: Query: SELECT * FROM users WHERE id=1 OR 1=1
Jan 10 10:00:00 localhost sshd[1234]: Accepted password for user user1 from 192.168.1.10 port 22 ssh2
Jan 10 10:00:00 localhost sshd[1234]: Accepted password for user user1 from 192.168.1.10 port 22 ssh2
Jan 10 10:00:00 localhost sshd[1234]: Accepted password for user user1 from 192.168.1.10 port 22 ssh2
Jan 10 10:02:00 localhost sudo:  hacker : TTY=pts/0 ; PWD=/home/hacker ; USER=root ; COMMAND=/bin/bash
Jan 10 10:00:00 localhost sshd[1234]: Accepted password for user user1 from 192.168.1.10 port 22 ssh2
Jan 10 10:03:00 localhost app[999]: Query: SELECT * FROM users WHERE id=1 OR 1=1
Jan 10 10:00:00 localhost sshd[1234]: Accepted password for user user1 from 192.168.1.10 port 22 ssh2
Jan 10 10:00:00 localhost sshd[1234]: Accepted password for user user1 from 192.168.1.10 port 22 ssh2
Jan 10 10:00:00 localhost sshd[1234]: Accepted password for user user1 from 192.168.1.10 port 22 ssh2
Jan 10 10:00:00 localhost sshd[1234]: Accepted password for user user1 from 192.168.1.10 port 22 ssh2
Jan 10 10:00:00 localhost sshd[1234]: Accepted password for user user1 from 192.168.1.10 port 22 ssh2
Jan 10 10:00:00 localhost sshd[1234]: Accepted password for user user1 from 192.168.1.10 port 22 ssh2
Jan 10 10:02:00 localhost sudo:  hacker : TTY=pts/0 ; PWD=/home/hacker ; USER=root ; COMMAND=/bin/bash
Jan 10 10:00:00 localhost sshd[1234]: Accepted password for user user1 from 192.168.1.10 port 22 ssh2
Jan 10 10:00:00 localhost sshd[1234]: Accepted password for user user1 from 192.168.1.10 port 22 ssh2
Jan 10 10:00:00 localhost sshd[1234]: Accepted password for user user1 from 192.168.1.10 port 22 ssh2
Jan 10 10:03:00 localhost app[999]: Query: SELECT * FROM users WHERE id=1 OR 1=1
Jan 10 10:00:00 localhost sshd[1234]: Accepted password for user user1 from 192.168.1.10 port 22 ssh2
Jan 10 10:00:00 localhost sshd[1234]: Accepted password for user user1 from 192.168.1.10 port 22 ssh2
Jan 10 10:00:00 localhost sshd[1234]: Accepted password for user user1 from 192.168.1.10 port 22 ssh2
Jan 10 10:00:00 localhost sshd[1234]: Accepted password for user user1 from 192.168.1.10 port 22 ssh2
Jan 10 10:00:00 localhost sshd[1234]: Accepted password for user user1 from 192.168.1.10 port 22 ssh2
Jan 10 10:00:00 localhost sshd[1234]: Accepted password for user user1 from 192.168.1.10 port 22 ssh2
Jan 10 10:00:00 localhost sshd[1234]: Accepted password for user user1 from 192.168.1.10 port 22 ssh2
Jan 10 10:02:00 localhost sudo:  hacker : TTY=pts/0 ; PWD=/home/hacker ; USER=root ; COMMAND=/bin/bash
Jan 10 10:00:00 localhost sshd[1234]: Accepted password for user user1 from 192.168.1.10 port 22 ssh2
Jan 10 10:02:00 localhost sudo:  hacker : TTY=pts/0 ; PWD=/home/hacker ; USER=root ; COMMAND=/bin/bash
Jan 10 10:00:00 localhost sshd[1234]: Accepted password for user user1 from 192.168.1.10 port 22 ssh2
Jan 10 10:00:00 localhost sshd[1234]: Accepted password for user user1 from 192.168.1.10 port 22 ssh2
Jan 10 10:00:00 localhost sshd[1234]: Accepted password for user user1 from 192.168.1.10 port 22 ssh2
Jan 10 10:02:00 localhost sudo:  hacker : TTY=pts/0 ; PWD=/home/hacker ; USER=root ; COMMAND=/bin/bash
Jan 10 10:00:00 localhost sshd[1234]: Accepted password for user user1 from 192.168.1.10 port 22 ssh2
Jan 10 10:00:00 localhost sshd[1234]: Accepted password for user user1 from 192.168.1.10 port 22 ssh2
Jan 10 10:00:00 localhost sshd[1234]: Accepted password for user user1 from 192.168.1.10 port 22 ssh2
Jan 10 10:00:00 localhost sshd[1234]: Accepted password for user user1 from 192.168.1.10 port 22 ssh2
Jan 10 10:00:00 localhost sshd[1234]: Accepted password for user user1 from 192.168.1.10 port 22 ssh2
Jan 10 10:00:00 localhost sshd[1234]: Accepted password for user user1 from 192.168.1.10 port 22 ssh2
Jan 10 10:00:00 localhost sshd[1234]: Accepted password for user user1 from 192.168.1.10 port 22 ssh2
Jan 10 10:00:00 localhost sshd[1234]: Accepted password for user user1 from 192.168.1.10 port 22 ssh2
Jan 10 10:01:00 localhost sshd[1234]: Failed password for user root from 10.0.0.5 port 22 ssh2
Jan 10 10:00:00 localhost sshd[1234]: Accepted password for user user1 from 192.168.1.10 port 22 ssh2
Jan 10 10:00:00 localhost sshd[1234]: Accepted password for user user1 from 192.168.1.10 port 22 ssh2
Jan 10 10:02:00 localhost sudo:  hacker : TTY=pts/0 ; PWD=/home/hacker ; USER=root ; COMMAND=/bin/bash
Jan 10 10:00:00 localhost sshd[1234]: Accepted password for user user1 from 192.168.1.10 port 22 ssh2
Jan 10 10:02:00 localhost sudo:  hacker : TTY=pts/0 ; PWD=/home/hacker ; USER=root ; COMMAND=/bin/bash
Jan 10 10:00:00 localhost sshd[1234]: Accepted password for user user1 from 192.168.1.10 port 22 ssh2
Jan 10 10:03:00 localhost app[999]: Query: SELECT * FROM users WHERE id=1 OR 1=1
Jan 10 10:00:00 localhost sshd[1234]: Accepted password for user user1 from 192.168.1.10 port 22 ssh2
Jan 10 10:00:00 localhost sshd[1234]: Accepted password for user user1 from 192.168.1.10 port 22 ssh2
Jan 10 10:00:00 localhost sshd[1234]: Accepted password for user user1 from 192.168.1.10 port 22 ssh2
Jan 10 10:00:00 localhost sshd[1234]: Accepted password for user user1 from 192.168.1.10 port 22 ssh2
Jan 10 10:00:00 localhost sshd[1234]: Accepted password for user user1 from 192.168.1.10 port 22 ssh2
Jan 10 10:00:00 localhost sshd[1234]: Accepted password for user user1 from 192.168.1.10 port 22 ssh2
Jan 10 10:00:00 localhost sshd[1234]: Accepted password for user user1 from 192.168.1.10 port 22 ssh2
Jan 10 10:00:00 localhost sshd[1234]: Accepted password for user user1 from 192.168.1.10 port 22 ssh2
Jan 10 10:00:00 localhost sshd[1234]: Accepted password for user user1 from 192.168.1.10 port 22 ssh2
Jan 10 10:03:00 localhost app[999]: Query: SELECT * FROM users WHERE id=1 OR 1=1
Jan 10 10:00:00 localhost sshd[1234]: Accepted password for user user1 from 192.168.1.10 port 22 ssh2
Jan 10 10:00:00 localhost sshd[1234]: Accepted password for user user1 from 192.168.1.10 port 22 ssh2
Jan 10 10:02:00 localhost sudo:  hacker : TTY=pts/0 ; PWD=/home/hacker ; USER=root ; COMMAND=/bin/bash
Jan 10 10:00:00 localhost sshd[1234]: Accepted password for user user1 from 192.168.1.10 port 22 ssh2
Jan 10 10:00:00 localhost sshd[1234]: Accepted password for user user1 from 192.168.1.10 port 22 ssh2
Jan 10 10:02:00 localhost sudo:  hacker : TTY=pts/0 ; PWD=/home/hacker ; USER=root ; COMMAND=/bin/bash
Jan 10 10:00:00 localhost sshd[1234]: Accepted password for user user1 from 192.168.1.10 port 22 ssh2
Jan 10 10:02:00 localhost sudo:  hacker : TTY=pts/0 ; PWD=/home/hacker ; USER=root ; COMMAND=/bin/bash
Jan 10 10:00:00 localhost sshd[1234]: Accepted password for user user1 from 192.168.1.10 port 22 ssh2
Jan 10 10:00:00 localhost sshd[1234]: Accepted password for user user1 from 192.168.1.10 port 22 ssh2
Jan 10 10:00:00 localhost sshd[1234]: Accepted password for user user1 from 192.168.1.10 port 22 ssh2
Jan 10 10:01:00 localhost sshd[1234]: Failed password for user root from 10.0.0.5 port 22 ssh2
Jan 10 10:00:00 localhost sshd[1234]: Accepted password for user user1 from 192.168.1.10 port 22 ssh2
Jan 10 10:02:00 localhost sudo:  hacker : TTY=pts/0 ; PWD=/home/hacker ; USER=root ; COMMAND=/bin/bash
Jan 10 10:00:00 localhost sshd[1234]: Accepted password for user user1 from 192.168.1.10 port 22 ssh2
Jan 10 10:00:00 localhost sshd[1234]: Accepted password for user user1 from 192.168.1.10 port 22 ssh2
Jan 10 10:01:00 localhost sshd[1234]: Failed password for user root from 10.0.0.5 port 22 ssh2
Jan 10 10:00:00 localhost sshd[1234]: Accepted password for user user1 from 192.168.1.10 port 22 ssh2
Jan 10 10:01:00 localhost sshd[1234]: Failed password for user root from 10.0.0.5 port 22 ssh2
Jan 10 10:00:00 localhost sshd[1234]: Accepted password for user user1 from 192.168.1.10 port 22 ssh2
Jan 10 10:03:00 localhost app[999]: Query: SELECT * FROM users WHERE id=1 OR 1=1
Jan 10 10:00:00 localhost sshd[1234]: Accepted password for user user1 from 192.168.1.10 port 22 ssh2
Jan 10 10:02:00 localhost sudo:  hacker : TTY=pts/0 ; PWD=/home/hacker ; USER=root ; COMMAND=/bin/bash
Jan 10 10:00:00 localhost sshd[1234]: Accepted password for user user1 from 192.168.1.10 port 22 ssh2
Jan 10 10:00:00 localhost sshd[1234]: Accepted password for user user1 from 192.168.1.10 port 22 ssh2
Jan 10 10:01:00 localhost sshd[1234]: Failed password for user root from 10.0.0.5 port 22 ssh2
Jan 10 10:00:00 localhost sshd[1234]: Accepted password for user user1 from 192.168.1.10 port 22 ssh2
Jan 10 10:00:00 localhost sshd[1234]: Accepted password for user user1 from 192.168.1.10 port 22 ssh2
Jan 10 10:00:00 localhost sshd[1234]: Accepted password for user user1 from 192.168.1.10 port 22 ssh2
Jan 10 10:02:00 localhost sudo:  hacker : TTY=pts/0 ; PWD=/home/hacker ; USER=root ; COMMAND=/bin/bash
Jan 10 10:00:00 localhost sshd[1234]: Accepted password for user user1 from 192.168.1.10 port 22 ssh2
Jan 10 10:00:00 localhost sshd[1234]: Accepted password for user user1 from 192.168.1.10 port 22 ssh2
Jan 10 10:00:00 localhost sshd[1234]: Accepted password for user user1 from 192.168.1.10 port 22 ssh2
Jan 10 10:01:00 localhost sshd[1234]: Failed password for user root from 10.0.0.5 port 22 ssh2
Jan 10 10:00:00 localhost sshd[1234]: Accepted password for user user1 from 192.168.1.10 port 22 ssh2
Jan 10 10:02:00 localhost sudo:  hacker : TTY=pts/0 ; PWD=/home/hacker ; USER=root ; COMMAND=/bin/bash
Jan 10 10:00:00 localhost sshd[1234]: Accepted password for user user1 from 192.168.1.10 port 22 ssh2
Jan 10 10:00:00 localhost sshd[1234]: Accepted password for user user1 from 192.168.1.10 port 22 ssh2
Jan 10 10:00:00 localhost sshd[1234]: Accepted password for user user1 from 192.168.1.10 port 22 ssh2
Jan 10 10:03:00 localhost app[999]: Query: SELECT * FROM users WHERE id=1 OR 1=1
Jan 10 10:00:00 localhost sshd[1234]: Accepted password for user user1 from 192.168.1.10 port 22 ssh2
Jan 10 10:00:00 localhost sshd[1234]: Accepted password for user user1 from 192.168.1.10 port 22 ssh2
Jan 10 10:00:00 localhost sshd[1234]: Accepted password for user user1 from 192.168.1.10 port 22 ssh2
Jan 10 10:00:00 localhost sshd[1234]: Accepted password for user user1 from 192.168.1.10 port 22 ssh2
Jan 10 10:00:00 localhost sshd[1234]: Accepted password for user user1 from 192.168.1.10 port 22 ssh2
Jan 10 10:00:00 localhost sshd[1234]: Accepted password for user user1 from 192.168.1.10 port 22 ssh2
Jan 10 10:00:00 localhost sshd[1234]: Accepted password for user user1 from 192.168.1.10 port 22 ssh2
Jan 10 10:00:00 localhost sshd[1234]: Accepted password for user user1 from 192.168.1.10 port 22 ssh2
Jan 10 10:01:00 localhost sshd[1234]: Failed password for user root from 10.0.0.5 port 22 ssh2
Jan 10 10:00:00 localhost sshd[1234]: Accepted password for user user1 from 192.168.1.10 port 22 ssh2
Jan 10 10:00:00 localhost sshd[1234]: Accepted password for user user1 from 192.168.1.10 port 22 ssh2
Jan 10 10:02:00 localhost sudo:  hacker : TTY=pts/0 ; PWD=/home/hacker ; USER=root ; COMMAND=/bin/bash
Jan 10 10:00:00 localhost sshd[1234]: Accepted password for user user1 from 192.168.1.10 port 22 ssh2
Jan 10 10:00:00 localhost sshd[1234]: Accepted password for user user1 from 192.168.1.10 port 22 ssh2
Jan 10 10:02:00 localhost sudo:  hacker : TTY=pts/0 ; PWD=/home/hacker ; USER=root ; COMMAND=/bin/bash
Jan 10 10:00:00 localhost sshd[1234]: Accepted password for user user1 from 192.168.1.10 port 22 ssh2
Jan 10 10:00:00 localhost sshd[1234]: Accepted password for user user1 from 192.168.1.10 port 22 ssh2
Jan 10 10:00:00 localhost sshd[1234]: Accepted password for user user1 from 192.168.1.10 port 22 ssh2
Jan 10 10:01:00 localhost sshd[1234]: Failed password for user root from 10.0.0.5 port 22 ssh2
Jan 10 10:00:00 localhost sshd[1234]: Accepted password for user user1 from 192.168.1.10 port 22 ssh2
Jan 10 10:00:00 localhost sshd[1234]: Accepted password for user user1 from 192.168.1.10 port 22 ssh2
Jan 10 10:00:00 localhost sshd[1234]: Accepted password for user user1 from 192.168.1.10 port 22 ssh2
Jan 10 10:03:00 localhost app[999]: Query: SELECT * FROM users WHERE id=1 OR 1=1
Jan 10 10:00:00 localhost sshd[1234]: Accepted password for user user1 from 192.168.1.10 port 22 ssh2
Jan 10 10:00:00 localhost sshd[1234]: Accepted password for user user1 from 192.168.1.10 port 22 ssh2
Jan 10 10:00:00 localhost sshd[1234]: Accepted password for user user1 from 192.168.1.10 port 22 ssh2
Jan 10 10:03:00 localhost app[999]: Query: SELECT * FROM users WHERE id=1 OR 1=1
Jan 10 10:00:00 localhost sshd[1234]: Accepted password for user user1 from 192.168.1.10 port 22 ssh2
Jan 10 10:00:00 localhost sshd[1234]: Accepted password for user user1 from 192.168.1.10 port 22 ssh2
Jan 10 10:00:00 localhost sshd[1234]: Accepted password for user user1 from 192.168.1.10 port 22 ssh2
Jan 10 10:00:00 localhost sshd[1234]: Accepted password for user user1 from 192.168.1.10 port 22 ssh2
Jan 10 10:01:00 localhost sshd[1234]: Failed password for user root from 10.0.0.5 port 22 ssh2
Jan 10 10:00:00 localhost sshd[1234]: Accepted password for user user1 from 192.168.1.10 port 22 ssh2
Jan 10 10:00:00 localhost sshd[1234]: Accepted password for user user1 from 192.168.1.10 port 22 ssh2
Jan 10 10:00:00 localhost sshd[1234]: Accepted password for user user1 from 192.168.1.10 port 22 ssh2
Jan 10 10:02:00 localhost sudo:  hacker : TTY=pts/0 ; PWD=/home/hacker ; USER=root ; COMMAND=/bin/bash
Jan 10 10:00:00 localhost sshd[1234]: Accepted password for user user1 from 192.168.1.10 port 22 ssh2
Jan 10 10:02:00 localhost sudo:  hacker : TTY=pts/0 ; PWD=/home/hacker ; USER=root ; COMMAND=/bin/bash
Jan 10 10:00:00 localhost sshd[1234]: Accepted password for user user1 from 192.168.1.10 port 22 ssh2
Jan 10 10:00:00 localhost sshd[1234]: Accepted password for user user1 from 192.168.1.10 port 22 ssh2
Jan 10 10:03:00 localhost app[999]: Query: SELECT * FROM users WHERE id=1 OR 1=1
Jan 10 10:00:00 localhost sshd[1234]: Accepted password for user user1 from 192.168.1.10 port 22 ssh2
Jan 10 10:00:00 localhost sshd[1234]: Accepted password for user user1 from 192.168.1.10 port 22 ssh2
Jan 10 10:00:00 localhost sshd[1234]: Accepted password for user user1 from 192.168.1.10 port 22 ssh2
Jan 10 10:00:00 localhost sshd[1234]: Accepted password for user user1 from 192.168.1.10 port 22 ssh2
Jan 10 10:00:00 localhost sshd[1234]: Accepted password for user user1 from 192.168.1.10 port 22 ssh2
Jan 10 10:02:00 localhost sudo:  hacker : TTY=pts/0 ; PWD=/home/hacker ; USER=root ; COMMAND=/bin/bash
Jan 10 10:00:00 localhost sshd[1234]: Accepted password for user user1 from 192.168.1.10 port 22 ssh2
Jan 10 10:03:00 localhost app[999]: Query: SELECT * FROM users WHERE id=1 OR 1=1
Jan 10 10:00:00 localhost sshd[1234]: Accepted password for user user1 from 192.168.1.10 port 22 ssh2
Jan 10 10:03:00 localhost app[999]: Query: SELECT * FROM users WHERE id=1 OR 1=1
Jan 10 10:00:00 localhost sshd[1234]: Accepted password for user user1 from 192.168.1.10 port 22 ssh2
Jan 10 10:02:00 localhost sudo:  hacker : TTY=pts/0 ; PWD=/home/hacker ; USER=root ; COMMAND=/bin/bash
Jan 10 10:00:00 localhost sshd[1234]: Accepted password for user user1 from 192.168.1.10 port 22 ssh2
Jan 10 10:00:00 localhost sshd[1234]: Accepted password for user user1 from 192.168.1.10 port 22 ssh2
Jan 10 10:00:00 localhost sshd[1234]: Accepted password for user user1 from 192.168.1.10 port 22 ssh2
Jan 10 10:00:00 localhost sshd[1234]: Accepted password for user user1 from 192.168.1.10 port 22 ssh2
Jan 10 10:00:00 localhost sshd[1234]: Accepted password for user user1 from 192.168.1.10 port 22 ssh2
Jan 10 10:00:00 localhost sshd[1234]: Accepted password for user user1 from 192.168.1.10 port 22 ssh2
Jan 10 10:00:00 localhost sshd[1234]: Accepted password for user user1 from 192.168.1.10 port 22 ssh2
Jan 10 10:00:00 localhost sshd[1234]: Accepted password for user user1 from 192.168.1.10 port 22 ssh2
Jan 10 10:00:00 localhost sshd[1234]: Accepted password for user user1 from 192.168.1.10 port 22 ssh2
Jan 10 10:00:00 localhost sshd[1234]: Accepted password for user user1 from 192.168.1.10 port 22 ssh2
Jan 10 10:00:00 localhost sshd[1234]: Accepted password for user user1 from 192.168.1.10 port 22 ssh2
Jan 10 10:00:00 localhost sshd[1234]: Accepted password for user user1 from 192.168.1.10 port 22 ssh2
Jan 10 10:00:00 localhost sshd[1234]: Accepted password for user user1 from 192.168.1.10 port 22 ssh2
Jan 10 10:00:00 localhost sshd[1234]: Accepted password for user user1 from 192.168.1.10 port 22 ssh2
Jan 10 10:00:00 localhost sshd[1234]: Accepted password for user user1 from 192.168.1.10 port 22 ssh2
Jan 10 10:02:00 localhost sudo:  hacker : TTY=pts/0 ; PWD=/home/hacker ; USER=root ; COMMAND=/bin/bash
Jan 10 10:00:00 localhost sshd[1234]: Accepted password for user user1 from 192.168.1.10 port 22 ssh2
Jan 10 10:03:00 localhost app[999]: Query: SELECT * FROM users WHERE id=1 OR 1=1
Jan 10 10:00:00 localhost sshd[1234]: Accepted password for user user1 from 192.168.1.10 port 22 ssh2
Jan 10 10:00:00 localhost sshd[1234]: Accepted password for user user1 from 192.168.1.10 port 22 ssh2
Jan 10 10:00:00 localhost sshd[1234]: Accepted password for user user1 from 192.168.1.10 port 22 ssh2
Jan 10 10:03:00 localhost app[999]: Query: SELECT * FROM users WHERE id=1 OR 1=1
Jan 10 10:00:00 localhost sshd[1234]: Accepted password for user user1 from 192.168.1.10 port 22 ssh2
Jan 10 10:02:00 localhost sudo:  hacker : TTY=pts/0 ; PWD=/home/hacker ; USER=root ; COMMAND=/bin/bash
Jan 10 10:00:00 localhost sshd[1234]: Accepted password for user user1 from 192.168.1.10 port 22 ssh2
Jan 10 10:00:00 localhost sshd[1234]: Accepted password for user user1 from 192.168.1.10 port 22 ssh2
Jan 10 10:00:00 localhost sshd[1234]: Accepted password for user user1 from 192.168.1.10 port 22 ssh2
Jan 10 10:00:00 localhost sshd[1234]: Accepted password for user user1 from 192.168.1.10 port 22 ssh2
Jan 10 10:00:00 localhost sshd[1234]: Accepted password for user user1 from 192.168.1.10 port 22 ssh2
Jan 10 10:00:00 localhost sshd[1234]: Accepted password for user user1 from 192.168.1.10 port 22 ssh2
Jan 10 10:00:00 localhost sshd[1234]: Accepted password for user user1 from 192.168.1.10 port 22 ssh2
Jan 10 10:00:00 localhost sshd[1234]: Accepted password for user user1 from 192.168.1.10 port 22 ssh2
Jan 10 10:00:00 localhost sshd[1234]: Accepted password for user user1 from 192.168.1.10 port 22 ssh2
Jan 10 10:00:00 localhost sshd[1234]: Accepted password for user user1 from 192.168.1.10 port 22 ssh2
Jan 10 10:00:00 localhost sshd[1234]: Accepted password for user user1 from 192.168.1.10 port 22 ssh2
Jan 10 10:00:00 localhost sshd[1234]: Accepted password for user user1 from 192.168.1.10 port 22 ssh2
Jan 10 10:00:00 localhost sshd[1234]: Accepted password for user user1 from 192.168.1.10 port 22 ssh2
Jan 10 10:03:00 localhost app[999]: Query: SELECT * FROM users WHERE id=1 OR 1=1
Jan 10 10:00:00 localhost sshd[1234]: Accepted password for user user1 from 192.168.1.10 port 22 ssh2
Jan 10 10:00:00 localhost sshd[1234]: Accepted password for user user1 from 192.168.1.10 port 22 ssh2
Jan 10 10:00:00 localhost sshd[1234]: Accepted password for user user1 from 192.168.1.10 port 22 ssh2
Jan 10 10:00:00 localhost sshd[1234]: Accepted password for user user1 from 192.168.1.10 port 22 ssh2
Jan 10 10:02:00 localhost sudo:  hacker : TTY=pts/0 ; PWD=/home/hacker ; USER=root ; COMMAND=/bin/bash
Jan 10 10:00:00 localhost sshd[1234]: Accepted password for user user1 from 192.168.1.10 port 22 ssh2
Jan 10 10:01:00 localhost sshd[1234]: Failed password for user root from 10.0.0.5 port 22 ssh2
Jan 10 10:00:00 localhost sshd[1234]: Accepted password for user user1 from 192.168.1.10 port 22 ssh2
Jan 10 10:00:00 localhost sshd[1234]: Accepted password for user user1 from 192.168.1.10 port 22 ssh2
Jan 10 10:00:00 localhost sshd[1234]: Accepted password for user user1 from 192.168.1.10 port 22 ssh2
Jan 10 10:00:00 localhost sshd[1234]: Accepted password for user user1 from 192.168.1.10 port 22 ssh2
Jan 10 10:00:00 localhost sshd[1234]: Accepted password for user user1 from 192.168.1.10 port 22 ssh2
Jan 10 10:00:00 localhost sshd[1234]: Accepted password for user user1 from 192.168.1.10 port 22 ssh2
Jan 10 10:00:00 localhost sshd[1234]: Accepted password for user user1 from 192.168.1.10 port 22 ssh2
Jan 10 10:03:00 localhost app[999]: Query: SELECT * FROM users WHERE id=1 OR 1=1
Jan 10 10:00:00 localhost sshd[1234]: Accepted password for user user1 from 192.168.1.10 port 22 ssh2
Jan 10 10:00:00 localhost sshd[1234]: Accepted password for user user1 from 192.168.1.10 port 22 ssh2
Jan 10 10:00:00 localhost sshd[1234]: Accepted password for user user1 from 192.168.1.10 port 22 ssh2
Jan 10 10:02:00 localhost sudo:  hacker : TTY=pts/0 ; PWD=/home/hacker ; USER=root ; COMMAND=/bin/bash
Jan 10 10:00:00 localhost sshd[1234]: Accepted password for user user1 from 192.168.1.10 port 22 ssh2
Jan 10 10:00:00 localhost sshd[1234]: Accepted password for user user1 from 192.168.1.10 port 22 ssh2
Jan 10 10:00:00 localhost sshd[1234]: Accepted password for user user1 from 192.168.1.10 port 22 ssh2
Jan 10 10:00:00 localhost sshd[1234]: Accepted password for user user1 from 192.168.1.10 port 22 ssh2
Jan 10 10:03:00 localhost app[999]: Query: SELECT * FROM users WHERE id=1 OR 1=1
Jan 10 10:00:00 localhost sshd[1234]: Accepted password for user user1 from 192.168.1.10 port 22 ssh2
Jan 10 10:00:00 localhost sshd[1234]: Accepted password for user user1 from 192.168.1.10 port 22 ssh2
Jan 10 10:00:00 localhost sshd[1234]: Accepted password for user user1 from 192.168.1.10 port 22 ssh2
Jan 10 10:00:00 localhost sshd[1234]: Accepted password for user user1 from 192.168.1.10 port 22 ssh2
Jan 10 10:00:00 localhost sshd[1234]: Accepted password for user user1 from 192.168.1.10 port 22 ssh2
Jan 10 10:00:00 localhost sshd[1234]: Accepted password for user user1 from 192.168.1.10 port 22 ssh2
Jan 10 10:01:00 localhost sshd[1234]: Failed password for user root from 10.0.0.5 port 22 ssh2
Jan 10 10:00:00 localhost sshd[1234]: Accepted password for user user1 from 192.168.1.10 port 22 ssh2
Jan 10 10:00:00 localhost sshd[1234]: Accepted password for user user1 from 192.168.1.10 port 22 ssh2
Jan 10 10:01:00 localhost sshd[1234]: Failed password for user root from 10.0.0.5 port 22 ssh2
Jan 10 10:00:00 localhost sshd[1234]: Accepted password for user user1 from 192.168.1.10 port 22 ssh2
Jan 10 10:00:00 localhost sshd[1234]: Accepted password for user user1 from 192.168.1.10 port 22 ssh2
Jan 10 10:00:00 localhost sshd[1234]: Accepted password for user user1 from 192.168.1.10 port 22 ssh2
Jan 10 10:00:00 localhost sshd[1234]: Accepted password for user user1 from 192.168.1.10 port 22 ssh2
Jan 10 10:00:00 localhost sshd[1234]: Accepted password for user user1 from 192.168.1.10 port 22 ssh2
Jan 10 10:02:00 localhost sudo:  hacker : TTY=pts/0 ; PWD=/home/hacker ; USER=root ; COMMAND=/bin/bash
Jan 10 10:00:00 localhost sshd[1234]: Accepted password for user user1 from 192.168.1.10 port 22 ssh2
Jan 10 10:00:00 localhost sshd[1234]: Accepted password for user user1 from 192.168.1.10 port 22 ssh2
Jan 10 10:00:00 localhost sshd[1234]: Accepted password for user user1 from 192.168.1.10 port 22 ssh2
Jan 10 10:03:00 localhost app[999]: Query: SELECT * FROM users WHERE id=1 OR 1=1
Jan 10 10:00:00 localhost sshd[1234]: Accepted password for user user1 from 192.168.1.10 port 22 ssh2
Jan 10 10:01:00 localhost sshd[1234]: Failed password for user root from 10.0.0.5 port 22 ssh2
Jan 10 10:00:00 localhost sshd[1234]: Accepted password for user user1 from 192.168.1.10 port 22 ssh2
Jan 10 10:01:00 localhost sshd[1234]: Failed password for user root from 10.0.0.5 port 22 ssh2
Jan 10 10:00:00 localhost sshd[1234]: Accepted password for user user1 from 192.168.1.10 port 22 ssh2
Jan 10 10:00:00 localhost sshd[1234]: Accepted password for user user1 from 192.168.1.10 port 22 ssh2
Jan 10 10:00:00 localhost sshd[1234]: Accepted password for user user1 from 192.168.1.10 port 22 ssh2
Jan 10 10:01:00 localhost sshd[1234]: Failed password for user root from 10.0.0.5 port 22 ssh2
Jan 10 10:00:00 localhost sshd[1234]: Accepted password for user user1 from 192.168.1.10 port 22 ssh2
Jan 10 10:00:00 localhost sshd[1234]: Accepted password for user user1 from 192.168.1.10 port 22 ssh2
Jan 10 10:00:00 localhost sshd[1234]: Accepted password for user user1 from 192.168.1.10 port 22 ssh2
Jan 10 10:02:00 localhost sudo:  hacker : TTY=pts/0 ; PWD=/home/hacker ; USER=root ; COMMAND=/bin/bash
Jan 10 10:00:00 localhost sshd[1234]: Accepted password for user user1 from 192.168.1.10 port 22 ssh2
Jan 10 10:01:00 localhost sshd[1234]: Failed password for user root from 10.0.0.5 port 22 ssh2
Jan 10 10:00:00 localhost sshd[1234]: Accepted password for user user1 from 192.168.1.10 port 22 ssh2
Jan 10 10:00:00 localhost sshd[1234]: Accepted password for user user1 from 192.168.1.10 port 22 ssh2
Jan 10 10:00:00 localhost sshd[1234]: Accepted password for user user1 from 192.168.1.10 port 22 ssh2
Jan 10 10:03:00 localhost app[999]: Query: SELECT * FROM users WHERE id=1 OR 1=1
Jan 10 10:00:00 localhost sshd[1234]: Accepted password for user user1 from 192.168.1.10 port 22 ssh2
Jan 10 10:02:00 localhost sudo:  hacker : TTY=pts/0 ; PWD=/home/hacker ; USER=root ; COMMAND=/bin/bash
Jan 10 10:00:00 localhost sshd[1234]: Accepted password for user user1 from 192.168.1.10 port 22 ssh2
Jan 10 10:00:00 localhost sshd[1234]: Accepted password for user user1 from 192.168.1.10 port 22 ssh2
Jan 10 10:00:00 localhost sshd[1234]: Accepted password for user user1 from 192.168.1.10 port 22 ssh2
Jan 10 10:00:00 localhost sshd[1234]: Accepted password for user user1 from 192.168.1.10 port 22 ssh2
Jan 10 10:02:00 localhost sudo:  hacker : TTY=pts/0 ; PWD=/home/hacker ; USER=root ; COMMAND=/bin/bash
Jan 10 10:00:00 localhost sshd[1234]: Accepted password for user user1 from 192.168.1.10 port 22 ssh2
Jan 10 10:00:00 localhost sshd[1234]: Accepted password for user user1 from 192.168.1.10 port 22 ssh2
Jan 10 10:03:00 localhost app[999]: Query: SELECT * FROM users WHERE id=1 OR 1=1
Jan 10 10:00:00 localhost sshd[1234]: Accepted password for user user1 from 192.168.1.10 port 22 ssh2
Jan 10 10:00:00 localhost sshd[1234]: Accepted password for user user1 from 192.168.1.10 port 22 ssh2
Jan 10 10:00:00 localhost sshd[1234]: Accepted password for user user1 from 192.168.1.10 port 22 ssh2
Jan 10 10:00:00 localhost sshd[1234]: Accepted password for user user1 from 192.168.1.10 port 22 ssh2
Jan 10 10:01:00 localhost sshd[1234]: Failed password for user root from 10.0.0.5 port 22 ssh2
Jan 10 10:00:00 localhost sshd[1234]: Accepted password for user user1 from 192.168.1.10 port 22 ssh2
Jan 10 10:00:00 localhost sshd[1234]: Accepted password for user user1 from 192.168.1.10 port 22 ssh2
Jan 10 10:00:00 localhost sshd[1234]: Accepted password for user user1 from 192.168.1.10 port 22 ssh2
Jan 10 10:00:00 localhost sshd[1234]: Accepted password for user user1 from 192.168.1.10 port 22 ssh2
Jan 10 10:00:00 localhost sshd[1234]: Accepted password for user user1 from 192.168.1.10 port 22 ssh2
Jan 10 10:00:00 localhost sshd[1234]: Accepted password for user user1 from 192.168.1.10 port 22 ssh2
Jan 10 10:03:00 localhost app[999]: Query: SELECT * FROM users WHERE id=1 OR 1=1
Jan 10 10:00:00 localhost sshd[1234]: Accepted password for user user1 from 192.168.1.10 port 22 ssh2
Jan 10 10:01:00 localhost sshd[1234]: Failed password for user root from 10.0.0.5 port 22 ssh2
Jan 10 10:00:00 localhost sshd[1234]: Accepted password for user user1 from 192.168.1.10 port 22 ssh2
Jan 10 10:03:00 localhost app[999]: Query: SELECT * FROM users WHERE id=1 OR 1=1
Jan 10 10:00:00 localhost sshd[1234]: Accepted password for user user1 from 192.168.1.10 port 22 ssh2
Jan 10 10:00:00 localhost sshd[1234]: Accepted password for user user1 from 192.168.1.10 port 22 ssh2
Jan 10 10:00:00 localhost sshd[1234]: Accepted password for user user1 from 192.168.1.10 port 22 ssh2
Jan 10 10:00:00 localhost sshd[1234]: Accepted password for user user1 from 192.168.1.10 port 22 ssh2
Jan 10 10:00:00 localhost sshd[1234]: Accepted password for user user1 from 192.168.1.10 port 22 ssh2
Jan 10 10:03:00 localhost app[999]: Query: SELECT * FROM users WHERE id=1 OR 1=1
Jan 10 10:00:00 localhost sshd[1234]: Accepted password for user user1 from 192.168.1.10 port 22 ssh2
Jan 10 10:03:00 localhost app[999]: Query: SELECT * FROM users WHERE id=1 OR 1=1
Jan 10 10:00:00 localhost sshd[1234]: Accepted password for user user1 from 192.168.1.10 port 22 ssh2
Jan 10 10:00:00 localhost sshd[1234]: Accepted password for user user1 from 192.168.1.10 port 22 ssh2
Jan 10 10:00:00 localhost sshd[1234]: Accepted password for user user1 from 192.168.1.10 port 22 ssh2
Jan 10 10:00:00 localhost sshd[1234]: Accepted password for user user1 from 192.168.1.10 port 22 ssh2
Jan 10 10:01:00 localhost sshd[1234]: Failed password for user root from 10.0.0.5 port 22 ssh2
Jan 10 10:00:00 localhost sshd[1234]: Accepted password for user user1 from 192.168.1.10 port 22 ssh2
Jan 10 10:00:00 localhost sshd[1234]: Accepted password for user user1 from 192.168.1.10 port 22 ssh2
Jan 10 10:00:00 localhost sshd[1234]: Accepted password for user user1 from 192.168.1.10 port 22 ssh2
Jan 10 10:01:00 localhost sshd[1234]: Failed password for user root from 10.0.0.5 port 22 ssh2
Jan 10 10:00:00 localhost sshd[1234]: Accepted password for user user1 from 192.168.1.10 port 22 ssh2
Jan 10 10:03:00 localhost app[999]: Query: SELECT * FROM users WHERE id=1 OR 1=1
Jan 10 10:00:00 localhost sshd[1234]: Accepted password for user user1 from 192.168.1.10 port 22 ssh2
Jan 10 10:00:00 localhost sshd[1234]: Accepted password for user user1 from 192.168.1.10 port 22 ssh2
Jan 10 10:00:00 localhost sshd[1234]: Accepted password for user user1 from 192.168.1.10 port 22 ssh2
Jan 10 10:02:00 localhost sudo:  hacker : TTY=pts/0 ; PWD=/home/hacker ; USER=root ; COMMAND=/bin/bash
Jan 10 10:00:00 localhost sshd[1234]: Accepted password for user user1 from 192.168.1.10 port 22 ssh2
Jan 10 10:00:00 localhost sshd[1234]: Accepted password for user user1 from 192.168.1.10 port 22 ssh2
Jan 10 10:03:00 localhost app[999]: Query: SELECT * FROM users WHERE id=1 OR 1=1
Jan 10 10:00:00 localhost sshd[1234]: Accepted password for user user1 from 192.168.1.10 port 22 ssh2
Jan 10 10:00:00 localhost sshd[1234]: Accepted password for user user1 from 192.168.1.10 port 22 ssh2
Jan 10 10:00:00 localhost sshd[1234]: Accepted password for user user1 from 192.168.1.10 port 22 ssh2
Jan 10 10:02:00 localhost sudo:  hacker : TTY=pts/0 ; PWD=/home/hacker ; USER=root ; COMMAND=/bin/bash
Jan 10 10:00:00 localhost sshd[1234]: Accepted password for user user1 from 192.168.1.10 port 22 ssh2
Jan 10 10:00:00 localhost sshd[1234]: Accepted password for user user1 from 192.168.1.10 port 22 ssh2
Jan 10 10:00:00 localhost sshd[1234]: Accepted password for user user1 from 192.168.1.10 port 22 ssh2
Jan 10 10:00:00 localhost sshd[1234]: Accepted password for user user1 from 192.168.1.10 port 22 ssh2
Jan 10 10:00:00 localhost sshd[1234]: Accepted password for user user1 from 192.168.1.10 port 22 ssh2
Jan 10 10:00:00 localhost sshd[1234]: Accepted password for user user1 from 192.168.1.10 port 22 ssh2
Jan 10 10:00:00 localhost sshd[1234]: Accepted password for user user1 from 192.168.1.10 port 22 ssh2
Jan 10 10:01:00 localhost sshd[1234]: Failed password for user root from 10.0.0.5 port 22 ssh2
Jan 10 10:00:00 localhost sshd[1234]: Accepted password for user user1 from 192.168.1.10 port 22 ssh2
Jan 10 10:01:00 localhost sshd[1234]: Failed password for user root from 10.0.0.5 port 22 ssh2
Jan 10 10:00:00 localhost sshd[1234]: Accepted password for user user1 from 192.168.1.10 port 22 ssh2
Jan 10 10:00:00 localhost sshd[1234]: Accepted password for user user1 from 192.168.1.10 port 22 ssh2
Jan 10 10:00:00 localhost sshd[1234]: Accepted password for user user1 from 192.168.1.10 port 22 ssh2
Jan 10 10:00:00 localhost sshd[1234]: Accepted password for user user1 from 192.168.1.10 port 22 ssh2
Jan 10 10:02:00 localhost sudo:  hacker : TTY=pts/0 ; PWD=/home/hacker ; USER=root ; COMMAND=/bin/bash
Jan 10 10:00:00 localhost sshd[1234]: Accepted password for user user1 from 192.168.1.10 port 22 ssh2
Jan 10 10:00:00 localhost sshd[1234]: Accepted password for user user1 from 192.168.1.10 port 22 ssh2
Jan 10 10:00:00 localhost sshd[1234]: Accepted password for user user1 from 192.168.1.10 port 22 ssh2
Jan 10 10:01:00 localhost sshd[1234]: Failed password for user root from 10.0.0.5 port 22 ssh2
Jan 10 10:00:00 localhost sshd[1234]: Accepted password for user user1 from 192.168.1.10 port 22 ssh2
Jan 10 10:00:00 localhost sshd[1234]: Accepted password for user user1 from 192.168.1.10 port 22 ssh2
Jan 10 10:00:00 localhost sshd[1234]: Accepted password for user user1 from 192.168.1.10 port 22 ssh2
Jan 10 10:02:00 localhost sudo:  hacker : TTY=pts/0 ; PWD=/home/hacker ; USER=root ; COMMAND=/bin/bash
Jan 10 10:00:00 localhost sshd[1234]: Accepted password for user user1 from 192.168.1.10 port 22 ssh2
Jan 10 10:00:00 localhost sshd[1234]: Accepted password for user user1 from 192.168.1.10 port 22 ssh2
Jan 10 10:00:00 localhost sshd[1234]: Accepted password for user user1 from 192.168.1.10 port 22 ssh2
Jan 10 10:00:00 localhost sshd[1234]: Accepted password for user user1 from 192.168.1.10 port 22 ssh2
Jan 10 10:00:00 localhost sshd[1234]: Accepted password for user user1 from 192.168.1.10 port 22 ssh2
Jan 10 10:00:00 localhost sshd[1234]: Accepted password for user user1 from 192.168.1.10 port 22 ssh2
Jan 10 10:01:00 localhost sshd[1234]: Failed password for user root from 10.0.0.5 port 22 ssh2
Jan 10 10:00:00 localhost sshd[1234]: Accepted password for user user1 from 192.168.1.10 port 22 ssh2
Jan 10 10:03:00 localhost app[999]: Query: SELECT * FROM users WHERE id=1 OR 1=1
Jan 10 10:00:00 localhost sshd[1234]: Accepted password for user user1 from 192.168.1.10 port 22 ssh2
Jan 10 10:00:00 localhost sshd[1234]: Accepted password for user user1 from 192.168.1.10 port 22 ssh2
Jan 10 10:02:00 localhost sudo:  hacker : TTY=pts/0 ; PWD=/home/hacker ; USER=root ; COMMAND=/bin/bash
Jan 10 10:00:00 localhost sshd[1234]: Accepted password for user user1 from 192.168.1.10 port 22 ssh2
Jan 10 10:00:00 localhost sshd[1234]: Accepted password for user user1 from 192.168.1.10 port 22 ssh2
Jan 10 10:03:00 localhost app[999]: Query: SELECT * FROM users WHERE id=1 OR 1=1
Jan 10 10:00:00 localhost sshd[1234]: Accepted password for user user1 from 192.168.1.10 port 22 ssh2
Jan 10 10:01:00 localhost sshd[1234]: Failed password for user root from 10.0.0.5 port 22 ssh2
Jan 10 10:00:00 localhost sshd[1234]: Accepted password for user user1 from 192.168.1.10 port 22 ssh2
Jan 10 10:00:00 localhost sshd[1234]: Accepted password for user user1 from 192.168.1.10 port 22 ssh2
Jan 10 10:00:00 localhost sshd[1234]: Accepted password for user user1 from 192.168.1.10 port 22 ssh2
Jan 10 10:02:00 localhost sudo:  hacker : TTY=pts/0 ; PWD=/home/hacker ; USER=root ; COMMAND=/bin/bash
Jan 10 10:00:00 localhost sshd[1234]: Accepted password for user user1 from 192.168.1.10 port 22 ssh2
Jan 10 10:00:00 localhost sshd[1234]: Accepted password for user user1 from 192.168.1.10 port 22 ssh2
Jan 10 10:01:00 localhost sshd[1234]: Failed password for user root from 10.0.0.5 port 22 ssh2
Jan 10 10:00:00 localhost sshd[1234]: Accepted password for user user1 from 192.168.1.10 port 22 ssh2
Jan 10 10:01:00 localhost sshd[1234]: Failed password for user root from 10.0.0.5 port 22 ssh2
Jan 10 10:00:00 localhost sshd[1234]: Accepted password for user user1 from 192.168.1.10 port 22 ssh2
Jan 10 10:01:00 localhost sshd[1234]: Failed password for user root from 10.0.0.5 port 22 ssh2
Jan 10 10:00:00 localhost sshd[1234]: Accepted password for user user1 from 192.168.1.10 port 22 ssh2
Jan 10 10:00:00 localhost sshd[1234]: Accepted password for user user1 from 192.168.1.10 port 22 ssh2
Jan 10 10:00:00 localhost sshd[1234]: Accepted password for user user1 from 192.168.1.10 port 22 ssh2
Jan 10 10:00:00 localhost sshd[1234]: Accepted password for user user1 from 192.168.1.10 port 22 ssh2
Jan 10 10:00:00 localhost sshd[1234]: Accepted password for user user1 from 192.168.1.10 port 22 ssh2
Jan 10 10:03:00 localhost app[999]: Query: SELECT * FROM users WHERE id=1 OR 1=1
Jan 10 10:00:00 localhost sshd[1234]: Accepted password for user user1 from 192.168.1.10 port 22 ssh2
Jan 10 10:00:00 localhost sshd[1234]: Accepted password for user user1 from 192.168.1.10 port 22 ssh2
Jan 10 10:03:00 localhost app[999]: Query: SELECT * FROM users WHERE id=1 OR 1=1
Jan 10 10:00:00 localhost sshd[1234]: Accepted password for user user1 from 192.168.1.10 port 22 ssh2
Jan 10 10:00:00 localhost sshd[1234]: Accepted password for user user1 from 192.168.1.10 port 22 ssh2
Jan 10 10:03:00 localhost app[999]: Query: SELECT * FROM users WHERE id=1 OR 1=1
Jan 10 10:00:00 localhost sshd[1234]: Accepted password for user user1 from 192.168.1.10 port 22 ssh2
Jan 10 10:00:00 localhost sshd[1234]: Accepted password for user user1 from 192.168.1.10 port 22 ssh2
Jan 10 10:01:00 localhost sshd[1234]: Failed password for user root from 10.0.0.5 port 22 ssh2
Jan 10 10:00:00 localhost sshd[1234]: Accepted password for user user1 from 192.168.1.10 port 22 ssh2
Jan 10 10:03:00 localhost app[999]: Query: SELECT * FROM users WHERE id=1 OR 1=1
Jan 10 10:00:00 localhost sshd[1234]: Accepted password for user user1 from 192.168.1.10 port 22 ssh2
Jan 10 10:00:00 localhost sshd[1234]: Accepted password for user user1 from 192.168.1.10 port 22 ssh2
Jan 10 10:00:00 localhost sshd[1234]: Accepted password for user user1 from 192.168.1.10 port 22 ssh2
Jan 10 10:01:00 localhost sshd[1234]: Failed password for user root from 10.0.0.5 port 22 ssh2
Jan 10 10:00:00 localhost sshd[1234]: Accepted password for user user1 from 192.168.1.10 port 22 ssh2
Jan 10 10:02:00 localhost sudo:  hacker : TTY=pts/0 ; PWD=/home/hacker ; USER=root ; COMMAND=/bin/bash
Jan 10 10:00:00 localhost sshd[1234]: Accepted password for user user1 from 192.168.1.10 port 22 ssh2
Jan 10 10:00:00 localhost sshd[1234]: Accepted password for user user1 from 192.168.1.10 port 22 ssh2
Jan 10 10:00:00 localhost sshd[1234]: Accepted password for user user1 from 192.168.1.10 port 22 ssh2
Jan 10 10:00:00 localhost sshd[1234]: Accepted password for user user1 from 192.168.1.10 port 22 ssh2
Jan 10 10:01:00 localhost sshd[1234]: Failed password for user root from 10.0.0.5 port 22 ssh2
Jan 10 10:00:00 localhost sshd[1234]: Accepted password for user user1 from 192.168.1.10 port 22 ssh2
Jan 10 10:03:00 localhost app[999]: Query: SELECT * FROM users WHERE id=1 OR 1=1
Jan 10 10:00:00 localhost sshd[1234]: Accepted password for user user1 from 192.168.1.10 port 22 ssh2
Jan 10 10:02:00 localhost sudo:  hacker : TTY=pts/0 ; PWD=/home/hacker ; USER=root ; COMMAND=/bin/bash
Jan 10 10:00:00 localhost sshd[1234]: Accepted password for user user1 from 192.168.1.10 port 22 ssh2
Jan 10 10:02:00 localhost sudo:  hacker : TTY=pts/0 ; PWD=/home/hacker ; USER=root ; COMMAND=/bin/bash
Jan 10 10:00:00 localhost sshd[1234]: Accepted password for user user1 from 192.168.1.10 port 22 ssh2
Jan 10 10:00:00 localhost sshd[1234]: Accepted password for user user1 from 192.168.1.10 port 22 ssh2
Jan 10 10:00:00 localhost sshd[1234]: Accepted password for user user1 from 192.168.1.10 port 22 ssh2
Jan 10 10:00:00 localhost sshd[1234]: Accepted password for user user1 from 192.168.1.10 port 22 ssh2
Jan 10 10:00:00 localhost sshd[1234]: Accepted password for user user1 from 192.168.1.10 port 22 ssh2
Jan 10 10:00:00 localhost sshd[1234]: Accepted password for user user1 from 192.168.1.10 port 22 ssh2
Jan 10 10:00:00 localhost sshd[1234]: Accepted password for user user1 from 192.168.1.10 port 22 ssh2
Jan 10 10:00:00 localhost sshd[1234]: Accepted password for user user1 from 192.168.1.10 port 22 ssh2
Jan 10 10:00:00 localhost sshd[1234]: Accepted password for user user1 from 192.168.1.10 port 22 ssh2
Jan 10 10:03:00 localhost app[999]: Query: SELECT * FROM users WHERE id=1 OR 1=1
Jan 10 10:00:00 localhost sshd[1234]: Accepted password for user user1 from 192.168.1.10 port 22 ssh2
Jan 10 10:00:00 localhost sshd[1234]: Accepted password for user user1 from 192.168.1.10 port 22 ssh2
Jan 10 10:00:00 localhost sshd[1234]: Accepted password for user user1 from 192.168.1.10 port 22 ssh2
Jan 10 10:00:00 localhost sshd[1234]: Accepted password for user user1 from 192.168.1.10 port 22 ssh2
Jan 10 10:00:00 localhost sshd[1234]: Accepted password for user user1 from 192.168.1.10 port 22 ssh2
Jan 10 10:01:00 localhost sshd[1234]: Failed password for user root from 10.0.0.5 port 22 ssh2
Jan 10 10:00:00 localhost sshd[1234]: Accepted password for user user1 from 192.168.1.10 port 22 ssh2
Jan 10 10:00:00 localhost sshd[1234]: Accepted password for user user1 from 192.168.1.10 port 22 ssh2
Jan 10 10:00:00 localhost sshd[1234]: Accepted password for user user1 from 192.168.1.10 port 22 ssh2
Jan 10 10:00:00 localhost sshd[1234]: Accepted password for user user1 from 192.168.1.10 port 22 ssh2
Jan 10 10:00:00 localhost sshd[1234]: Accepted password for user user1 from 192.168.1.10 port 22 ssh2
Jan 10 10:00:00 localhost sshd[1234]: Accepted password for user user1 from 192.168.1.10 port 22 ssh2
Jan 10 10:00:00 localhost sshd[1234]: Accepted password for user user1 from 192.168.1.10 port 22 ssh2
Jan 10 10:00:00 localhost sshd[1234]: Accepted password for user user1 from 192.168.1.10 port 22 ssh2
Jan 10 10:00:00 localhost sshd[1234]: Accepted password for user user1 from 192.168.1.10 port 22 ssh2
Jan 10 10:00:00 localhost sshd[1234]: Accepted password for user user1 from 192.168.1.10 port 22 ssh2
Jan 10 10:01:00 localhost sshd[1234]: Failed password for user root from 10.0.0.5 port 22 ssh2
Jan 10 10:00:00 localhost sshd[1234]: Accepted password for user user1 from 192.168.1.10 port 22 ssh2
Jan 10 10:01:00 localhost sshd[1234]: Failed password for user root from 10.0.0.5 port 22 ssh2
Jan 10 10:00:00 localhost sshd[1234]: Accepted password for user user1 from 192.168.1.10 port 22 ssh2
Jan 10 10:03:00 localhost app[999]: Query: SELECT * FROM users WHERE id=1 OR 1=1
Jan 10 10:00:00 localhost sshd[1234]: Accepted password for user user1 from 192.168.1.10 port 22 ssh2
Jan 10 10:00:00 localhost sshd[1234]: Accepted password for user user1 from 192.168.1.10 port 22 ssh2
Jan 10 10:02:00 localhost sudo:  hacker : TTY=pts/0 ; PWD=/home/hacker ; USER=root ; COMMAND=/bin/bash
Jan 10 10:00:00 localhost sshd[1234]: Accepted password for user user1 from 192.168.1.10 port 22 ssh2
Jan 10 10:00:00 localhost sshd[1234]: Accepted password for user user1 from 192.168.1.10 port 22 ssh2
Jan 10 10:00:00 localhost sshd[1234]: Accepted password for user user1 from 192.168.1.10 port 22 ssh2
Jan 10 10:00:00 localhost sshd[1234]: Accepted password for user user1 from 192.168.1.10 port 22 ssh2
Jan 10 10:00:00 localhost sshd[1234]: Accepted password for user user1 from 192.168.1.10 port 22 ssh2
Jan 10 10:02:00 localhost sudo:  hacker : TTY=pts/0 ; PWD=/home/hacker ; USER=root ; COMMAND=/bin/bash
Jan 10 10:00:00 localhost sshd[1234]: Accepted password for user user1 from 192.168.1.10 port 22 ssh2
Jan 10 10:00:00 localhost sshd[1234]: Accepted password for user user1 from 192.168.1.10 port 22 ssh2
Jan 10 10:00:00 localhost sshd[1234]: Accepted password for user user1 from 192.168.1.10 port 22 ssh2
Jan 10 10:00:00 localhost sshd[1234]: Accepted password for user user1 from 192.168.1.10 port 22 ssh2
Jan 10 10:00:00 localhost sshd[1234]: Accepted password for user user1 from 192.168.1.10 port 22 ssh2
Jan 10 10:03:00 localhost app[999]: Query: SELECT * FROM users WHERE id=1 OR 1=1
Jan 10 10:00:00 localhost sshd[1234]: Accepted password for user user1 from 192.168.1.10 port 22 ssh2
Jan 10 10:00:00 localhost sshd[1234]: Accepted password for user user1 from 192.168.1.10 port 22 ssh2
Jan 10 10:03:00 localhost app[999]: Query: SELECT * FROM users WHERE id=1 OR 1=1
Jan 10 10:00:00 localhost sshd[1234]: Accepted password for user user1 from 192.168.1.10 port 22 ssh2
Jan 10 10:00:00 localhost sshd[1234]: Accepted password for user user1 from 192.168.1.10 port 22 ssh2
Jan 10 10:00:00 localhost sshd[1234]: Accepted password for user user1 from 192.168.1.10 port 22 ssh2
Jan 10 10:00:00 localhost sshd[1234]: Accepted password for user user1 from 192.168.1.10 port 22 ssh2
Jan 10 10:02:00 localhost sudo:  hacker : TTY=pts/0 ; PWD=/home/hacker ; USER=root ; COMMAND=/bin/bash
Jan 10 10:00:00 localhost sshd[1234]: Accepted password for user user1 from 192.168.1.10 port 22 ssh2
Jan 10 10:03:00 localhost app[999]: Query: SELECT * FROM users WHERE id=1 OR 1=1
Jan 10 10:00:00 localhost sshd[1234]: Accepted password for user user1 from 192.168.1.10 port 22 ssh2
Jan 10 10:01:00 localhost sshd[1234]: Failed password for user root from 10.0.0.5 port 22 ssh2
Jan 10 10:00:00 localhost sshd[1234]: Accepted password for user user1 from 192.168.1.10 port 22 ssh2
Jan 10 10:00:00 localhost sshd[1234]: Accepted password for user user1 from 192.168.1.10 port 22 ssh2
Jan 10 10:03:00 localhost app[999]: Query: SELECT * FROM users WHERE id=1 OR 1=1
Jan 10 10:00:00 localhost sshd[1234]: Accepted password for user user1 from 192.168.1.10 port 22 ssh2
Jan 10 10:01:00 localhost sshd[1234]: Failed password for user root from 10.0.0.5 port 22 ssh2
Jan 10 10:00:00 localhost sshd[1234]: Accepted password for user user1 from 192.168.1.10 port 22 ssh2
Jan 10 10:00:00 localhost sshd[1234]: Accepted password for user user1 from 192.168.1.10 port 22 ssh2
Jan 10 10:00:00 localhost sshd[1234]: Accepted password for user user1 from 192.168.1.10 port 22 ssh2
Jan 10 10:01:00 localhost sshd[1234]: Failed password for user root from 10.0.0.5 port 22 ssh2
Jan 10 10:00:00 localhost sshd[1234]: Accepted password for user user1 from 192.168.1.10 port 22 ssh2
Jan 10 10:00:00 localhost sshd[1234]: Accepted password for user user1 from 192.168.1.10 port 22 ssh2
Jan 10 10:00:00 localhost sshd[1234]: Accepted password for user user1 from 192.168.1.10 port 22 ssh2
Jan 10 10:00:00 localhost sshd[1234]: Accepted password for user user1 from 192.168.1.10 port 22 ssh2
Jan 10 10:03:00 localhost app[999]: Query: SELECT * FROM users WHERE id=1 OR 1=1
Jan 10 10:00:00 localhost sshd[1234]: Accepted password for user user1 from 192.168.1.10 port 22 ssh2
Jan 10 10:02:00 localhost sudo:  hacker : TTY=pts/0 ; PWD=/home/hacker ; USER=root ; COMMAND=/bin/bash
Jan 10 10:00:00 localhost sshd[1234]: Accepted password for user user1 from 192.168.1.10 port 22 ssh2
Jan 10 10:02:00 localhost sudo:  hacker : TTY=pts/0 ; PWD=/home/hacker ; USER=root ; COMMAND=/bin/bash
Jan 10 10:00:00 localhost sshd[1234]: Accepted password for user user1 from 192.168.1.10 port 22 ssh2
Jan 10 10:02:00 localhost sudo:  hacker : TTY=pts/0 ; PWD=/home/hacker ; USER=root ; COMMAND=/bin/bash
Jan 10 10:00:00 localhost sshd[1234]: Accepted password for user user1 from 192.168.1.10 port 22 ssh2
Jan 10 10:00:00 localhost sshd[1234]: Accepted password for user user1 from 192.168.1.10 port 22 ssh2
Jan 10 10:00:00 localhost sshd[1234]: Accepted password for user user1 from 192.168.1.10 port 22 ssh2
Jan 10 10:00:00 localhost sshd[1234]: Accepted password for user user1 from 192.168.1.10 port 22 ssh2
Jan 10 10:00:00 localhost sshd[1234]: Accepted password for user user1 from 192.168.1.10 port 22 ssh2
Jan 10 10:01:00 localhost sshd[1234]: Failed password for user root from 10.0.0.5 port 22 ssh2
Jan 10 10:00:00 localhost sshd[1234]: Accepted password for user user1 from 192.168.1.10 port 22 ssh2
Jan 10 10:00:00 localhost sshd[1234]: Accepted password for user user1 from 192.168.1.10 port 22 ssh2
Jan 10 10:01:00 localhost sshd[1234]: Failed password for user root from 10.0.0.5 port 22 ssh2
Jan 10 10:00:00 localhost sshd[1234]: Accepted password for user user1 from 192.168.1.10 port 22 ssh2
Jan 10 10:00:00 localhost sshd[1234]: Accepted password for user user1 from 192.168.1.10 port 22 ssh2
Jan 10 10:00:00 localhost sshd[1234]: Accepted password for user user1 from 192.168.1.10 port 22 ssh2
Jan 10 10:00:00 localhost sshd[1234]: Accepted password for user user1 from 192.168.1.10 port 22 ssh2
Jan 10 10:00:00 localhost sshd[1234]: Accepted password for user user1 from 192.168.1.10 port 22 ssh2
Jan 10 10:00:00 localhost sshd[1234]: Accepted password for user user1 from 192.168.1.10 port 22 ssh2
Jan 10 10:00:00 localhost sshd[1234]: Accepted password for user user1 from 192.168.1.10 port 22 ssh2
Jan 10 10:01:00 localhost sshd[1234]: Failed password for user root from 10.0.0.5 port 22 ssh2
Jan 10 10:00:00 localhost sshd[1234]: Accepted password for user user1 from 192.168.1.10 port 22 ssh2
Jan 10 10:03:00 localhost app[999]: Query: SELECT * FROM users WHERE id=1 OR 1=1
Jan 10 10:00:00 localhost sshd[1234]: Accepted password for user user1 from 192.168.1.10 port 22 ssh2
Jan 10 10:03:00 localhost app[999]: Query: SELECT * FROM users WHERE id=1 OR 1=1
Jan 10 10:00:00 localhost sshd[1234]: Accepted password for user user1 from 192.168.1.10 port 22 ssh2
Jan 10 10:00:00 localhost sshd[1234]: Accepted password for user user1 from 192.168.1.10 port 22 ssh2
Jan 10 10:03:00 localhost app[999]: Query: SELECT * FROM users WHERE id=1 OR 1=1
Jan 10 10:00:00 localhost sshd[1234]: Accepted password for user user1 from 192.168.1.10 port 22 ssh2
Jan 10 10:00:00 localhost sshd[1234]: Accepted password for user user1 from 192.168.1.10 port 22 ssh2
Jan 10 10:00:00 localhost sshd[1234]: Accepted password for user user1 from 192.168.1.10 port 22 ssh2
Jan 10 10:00:00 localhost sshd[1234]: Accepted password for user user1 from 192.168.1.10 port 22 ssh2
Jan 10 10:00:00 localhost sshd[1234]: Accepted password for user user1 from 192.168.1.10 port 22 ssh2
Jan 10 10:02:00 localhost sudo:  hacker : TTY=pts/0 ; PWD=/home/hacker ; USER=root ; COMMAND=/bin/bash
Jan 10 10:00:00 localhost sshd[1234]: Accepted password for user user1 from 192.168.1.10 port 22 ssh2
Jan 10 10:00:00 localhost sshd[1234]: Accepted password for user user1 from 192.168.1.10 port 22 ssh2
Jan 10 10:03:00 localhost app[999]: Query: SELECT * FROM users WHERE id=1 OR 1=1
Jan 10 10:00:00 localhost sshd[1234]: Accepted password for user user1 from 192.168.1.10 port 22 ssh2
Jan 10 10:00:00 localhost sshd[1234]: Accepted password for user user1 from 192.168.1.10 port 22 ssh2
Jan 10 10:00:00 localhost sshd[1234]: Accepted password for user user1 from 192.168.1.10 port 22 ssh2
Jan 10 10:00:00 localhost sshd[1234]: Accepted password for user user1 from 192.168.1.10 port 22 ssh2
Jan 10 10:00:00 localhost sshd[1234]: Accepted password for user user1 from 192.168.1.10 port 22 ssh2
Jan 10 10:02:00 localhost sudo:  hacker : TTY=pts/0 ; PWD=/home/hacker ; USER=root ; COMMAND=/bin/bash
Jan 10 10:00:00 localhost sshd[1234]: Accepted password for user user1 from 192.168.1.10 port 22 ssh2
Jan 10 10:03:00 localhost app[999]: Query: SELECT * FROM users WHERE id=1 OR 1=1
Jan 10 10:00:00 localhost sshd[1234]: Accepted password for user user1 from 192.168.1.10 port 22 ssh2
Jan 10 10:00:00 localhost sshd[1234]: Accepted password for user user1 from 192.168.1.10 port 22 ssh2
Jan 10 10:00:00 localhost sshd[1234]: Accepted password for user user1 from 192.168.1.10 port 22 ssh2
Jan 10 10:00:00 localhost sshd[1234]: Accepted password for user user1 from 192.168.1.10 port 22 ssh2
Jan 10 10:00:00 localhost sshd[1234]: Accepted password for user user1 from 192.168.1.10 port 22 ssh2
Jan 10 10:00:00 localhost sshd[1234]: Accepted password for user user1 from 192.168.1.10 port 22 ssh2
Jan 10 10:00:00 localhost sshd[1234]: Accepted password for user user1 from 192.168.1.10 port 22 ssh2
Jan 10 10:03:00 localhost app[999]: Query: SELECT * FROM users WHERE id=1 OR 1=1
Jan 10 10:00:00 localhost sshd[1234]: Accepted password for user user1 from 192.168.1.10 port 22 ssh2
Jan 10 10:00:00 localhost sshd[1234]: Accepted password for user user1 from 192.168.1.10 port 22 ssh2
Jan 10 10:03:00 localhost app[999]: Query: SELECT * FROM users WHERE id=1 OR 1=1
Jan 10 10:00:00 localhost sshd[1234]: Accepted password for user user1 from 192.168.1.10 port 22 ssh2
Jan 10 10:03:00 localhost app[999]: Query: SELECT * FROM users WHERE id=1 OR 1=1
Jan 10 10:00:00 localhost sshd[1234]: Accepted password for user user1 from 192.168.1.10 port 22 ssh2
Jan 10 10:01:00 localhost sshd[1234]: Failed password for user root from 10.0.0.5 port 22 ssh2
Jan 10 10:00:00 localhost sshd[1234]: Accepted password for user user1 from 192.168.1.10 port 22 ssh2
Jan 10 10:01:00 localhost sshd[1234]: Failed password for user root from 10.0.0.5 port 22 ssh2
Jan 10 10:00:00 localhost sshd[1234]: Accepted password for user user1 from 192.168.1.10 port 22 ssh2
Jan 10 10:00:00 localhost sshd[1234]: Accepted password for user user1 from 192.168.1.10 port 22 ssh2
Jan 10 10:01:00 localhost sshd[1234]: Failed password for user root from 10.0.0.5 port 22 ssh2
Jan 10 10:00:00 localhost sshd[1234]: Accepted password for user user1 from 192.168.1.10 port 22 ssh2
Jan 10 10:00:00 localhost sshd[1234]: Accepted password for user user1 from 192.168.1.10 port 22 ssh2
Jan 10 10:00:00 localhost sshd[1234]: Accepted password for user user1 from 192.168.1.10 port 22 ssh2
Jan 10 10:00:00 localhost sshd[1234]: Accepted password for user user1 from 192.168.1.10 port 22 ssh2
Jan 10 10:00:00 localhost sshd[1234]: Accepted password for user user1 from 192.168.1.10 port 22 ssh2
Jan 10 10:00:00 localhost sshd[1234]: Accepted password for user user1 from 192.168.1.10 port 22 ssh2
Jan 10 10:00:00 localhost sshd[1234]: Accepted password for user user1 from 192.168.1.10 port 22 ssh2
Jan 10 10:03:00 localhost app[999]: Query: SELECT * FROM users WHERE id=1 OR 1=1
Jan 10 10:00:00 localhost sshd[1234]: Accepted password for user user1 from 192.168.1.10 port 22 ssh2
Jan 10 10:02:00 localhost sudo:  hacker : TTY=pts/0 ; PWD=/home/hacker ; USER=root ; COMMAND=/bin/bash
Jan 10 10:00:00 localhost sshd[1234]: Accepted password for user user1 from 192.168.1.10 port 22 ssh2
Jan 10 10:00:00 localhost sshd[1234]: Accepted password for user user1 from 192.168.1.10 port 22 ssh2
Jan 10 10:00:00 localhost sshd[1234]: Accepted password for user user1 from 192.168.1.10 port 22 ssh2
Jan 10 10:03:00 localhost app[999]: Query: SELECT * FROM users WHERE id=1 OR 1=1
Jan 10 10:00:00 localhost sshd[1234]: Accepted password for user user1 from 192.168.1.10 port 22 ssh2
Jan 10 10:00:00 localhost sshd[1234]: Accepted password for user user1 from 192.168.1.10 port 22 ssh2
Jan 10 10:00:00 localhost sshd[1234]: Accepted password for user user1 from 192.168.1.10 port 22 ssh2
Jan 10 10:00:00 localhost sshd[1234]: Accepted password for user user1 from 192.168.1.10 port 22 ssh2
Jan 10 10:00:00 localhost sshd[1234]: Accepted password for user user1 from 192.168.1.10 port 22 ssh2
Jan 10 10:02:00 localhost sudo:  hacker : TTY=pts/0 ; PWD=/home/hacker ; USER=root ; COMMAND=/bin/bash
Jan 10 10:00:00 localhost sshd[1234]: Accepted password for user user1 from 192.168.1.10 port 22 ssh2
Jan 10 10:00:00 localhost sshd[1234]: Accepted password for user user1 from 192.168.1.10 port 22 ssh2
Jan 10 10:00:00 localhost sshd[1234]: Accepted password for user user1 from 192.168.1.10 port 22 ssh2
Jan 10 10:00:00 localhost sshd[1234]: Accepted password for user user1 from 192.168.1.10 port 22 ssh2
Jan 10 10:00:00 localhost sshd[1234]: Accepted password for user user1 from 192.168.1.10 port 22 ssh2
Jan 10 10:03:00 localhost app[999]: Query: SELECT * FROM users WHERE id=1 OR 1=1
Jan 10 10:00:00 localhost sshd[1234]: Accepted password for user user1 from 192.168.1.10 port 22 ssh2
Jan 10 10:00:00 localhost sshd[1234]: Accepted password for user user1 from 192.168.1.10 port 22 ssh2
Jan 10 10:00:00 localhost sshd[1234]: Accepted password for user user1 from 192.168.1.10 port 22 ssh2
Jan 10 10:01:00 localhost sshd[1234]: Failed password for user root from 10.0.0.5 port 22 ssh2
Jan 10 10:00:00 localhost sshd[1234]: Accepted password for user user1 from 192.168.1.10 port 22 ssh2
Jan 10 10:01:00 localhost sshd[1234]: Failed password for user root from 10.0.0.5 port 22 ssh2
Jan 10 10:00:00 localhost sshd[1234]: Accepted password for user user1 from 192.168.1.10 port 22 ssh2
Jan 10 10:00:00 localhost sshd[1234]: Accepted password for user user1 from 192.168.1.10 port 22 ssh2
Jan 10 10:00:00 localhost sshd[1234]: Accepted password for user user1 from 192.168.1.10 port 22 ssh2
Jan 10 10:01:00 localhost sshd[1234]: Failed password for user root from 10.0.0.5 port 22 ssh2
Jan 10 10:00:00 localhost sshd[1234]: Accepted password for user user1 from 192.168.1.10 port 22 ssh2
Jan 10 10:02:00 localhost sudo:  hacker : TTY=pts/0 ; PWD=/home/hacker ; USER=root ; COMMAND=/bin/bash
Jan 10 10:00:00 localhost sshd[1234]: Accepted password for user user1 from 192.168.1.10 port 22 ssh2
Jan 10 10:00:00 localhost sshd[1234]: Accepted password for user user1 from 192.168.1.10 port 22 ssh2
Jan 10 10:03:00 localhost app[999]: Query: SELECT * FROM users WHERE id=1 OR 1=1
Jan 10 10:00:00 localhost sshd[1234]: Accepted password for user user1 from 192.168.1.10 port 22 ssh2
Jan 10 10:01:00 localhost sshd[1234]: Failed password for user root from 10.0.0.5 port 22 ssh2
Jan 10 10:00:00 localhost sshd[1234]: Accepted password for user user1 from 192.168.1.10 port 22 ssh2
Jan 10 10:00:00 localhost sshd[1234]: Accepted password for user user1 from 192.168.1.10 port 22 ssh2
Jan 10 10:00:00 localhost sshd[1234]: Accepted password for user user1 from 192.168.1.10 port 22 ssh2
Jan 10 10:00:00 localhost sshd[1234]: Accepted password for user user1 from 192.168.1.10 port 22 ssh2
Jan 10 10:03:00 localhost app[999]: Query: SELECT * FROM users WHERE id=1 OR 1=1
Jan 10 10:00:00 localhost sshd[1234]: Accepted password for user user1 from 192.168.1.10 port 22 ssh2
Jan 10 10:02:00 localhost sudo:  hacker : TTY=pts/0 ; PWD=/home/hacker ; USER=root ; COMMAND=/bin/bash
Jan 10 10:00:00 localhost sshd[1234]: Accepted password for user user1 from 192.168.1.10 port 22 ssh2
Jan 10 10:00:00 localhost sshd[1234]: Accepted password for user user1 from 192.168.1.10 port 22 ssh2
Jan 10 10:01:00 localhost sshd[1234]: Failed password for user root from 10.0.0.5 port 22 ssh2
Jan 10 10:00:00 localhost sshd[1234]: Accepted password for user user1 from 192.168.1.10 port 22 ssh2
Jan 10 10:01:00 localhost sshd[1234]: Failed password for user root from 10.0.0.5 port 22 ssh2
Jan 10 10:00:00 localhost sshd[1234]: Accepted password for user user1 from 192.168.1.10 port 22 ssh2
Jan 10 10:02:00 localhost sudo:  hacker : TTY=pts/0 ; PWD=/home/hacker ; USER=root ; COMMAND=/bin/bash
Jan 10 10:00:00 localhost sshd[1234]: Accepted password for user user1 from 192.168.1.10 port 22 ssh2
Jan 10 10:00:00 localhost sshd[1234]: Accepted password for user user1 from 192.168.1.10 port 22 ssh2
Jan 10 10:00:00 localhost sshd[1234]: Accepted password for user user1 from 192.168.1.10 port 22 ssh2
Jan 10 10:00:00 localhost sshd[1234]: Accepted password for user user1 from 192.168.1.10 port 22 ssh2
Jan 10 10:00:00 localhost sshd[1234]: Accepted password for user user1 from 192.168.1.10 port 22 ssh2
Jan 10 10:00:00 localhost sshd[1234]: Accepted password for user user1 from 192.168.1.10 port 22 ssh2
Jan 10 10:03:00 localhost app[999]: Query: SELECT * FROM users WHERE id=1 OR 1=1
Jan 10 10:00:00 localhost sshd[1234]: Accepted password for user user1 from 192.168.1.10 port 22 ssh2
Jan 10 10:01:00 localhost sshd[1234]: Failed password for user root from 10.0.0.5 port 22 ssh2
Jan 10 10:00:00 localhost sshd[1234]: Accepted password for user user1 from 192.168.1.10 port 22 ssh2
Jan 10 10:00:00 localhost sshd[1234]: Accepted password for user user1 from 192.168.1.10 port 22 ssh2
Jan 10 10:02:00 localhost sudo:  hacker : TTY=pts/0 ; PWD=/home/hacker ; USER=root ; COMMAND=/bin/bash
Jan 10 10:00:00 localhost sshd[1234]: Accepted password for user user1 from 192.168.1.10 port 22 ssh2
Jan 10 10:00:00 localhost sshd[1234]: Accepted password for user user1 from 192.168.1.10 port 22 ssh2
Jan 10 10:00:00 localhost sshd[1234]: Accepted password for user user1 from 192.168.1.10 port 22 ssh2
Jan 10 10:00:00 localhost sshd[1234]: Accepted password for user user1 from 192.168.1.10 port 22 ssh2
Jan 10 10:03:00 localhost app[999]: Query: SELECT * FROM users WHERE id=1 OR 1=1
Jan 10 10:00:00 localhost sshd[1234]: Accepted password for user user1 from 192.168.1.10 port 22 ssh2
Jan 10 10:02:00 localhost sudo:  hacker : TTY=pts/0 ; PWD=/home/hacker ; USER=root ; COMMAND=/bin/bash
Jan 10 10:00:00 localhost sshd[1234]: Accepted password for user user1 from 192.168.1.10 port 22 ssh2
Jan 10 10:00:00 localhost sshd[1234]: Accepted password for user user1 from 192.168.1.10 port 22 ssh2
Jan 10 10:02:00 localhost sudo:  hacker : TTY=pts/0 ; PWD=/home/hacker ; USER=root ; COMMAND=/bin/bash
Jan 10 10:00:00 localhost sshd[1234]: Accepted password for user user1 from 192.168.1.10 port 22 ssh2
Jan 10 10:00:00 localhost sshd[1234]: Accepted password for user user1 from 192.168.1.10 port 22 ssh2
Jan 10 10:02:00 localhost sudo:  hacker : TTY=pts/0 ; PWD=/home/hacker ; USER=root ; COMMAND=/bin/bash
Jan 10 10:00:00 localhost sshd[1234]: Accepted password for user user1 from 192.168.1.10 port 22 ssh2
Jan 10 10:03:00 localhost app[999]: Query: SELECT * FROM users WHERE id=1 OR 1=1
Jan 10 10:00:00 localhost sshd[1234]: Accepted password for user user1 from 192.168.1.10 port 22 ssh2
Jan 10 10:01:00 localhost sshd[1234]: Failed password for user root from 10.0.0.5 port 22 ssh2
Jan 10 10:00:00 localhost sshd[1234]: Accepted password for user user1 from 192.168.1.10 port 22 ssh2
Jan 10 10:00:00 localhost sshd[1234]: Accepted password for user user1 from 192.168.1.10 port 22 ssh2
Jan 10 10:00:00 localhost sshd[1234]: Accepted password for user user1 from 192.168.1.10 port 22 ssh2
Jan 10 10:00:00 localhost sshd[1234]: Accepted password for user user1 from 192.168.1.10 port 22 ssh2
Jan 10 10:00:00 localhost sshd[1234]: Accepted password for user user1 from 192.168.1.10 port 22 ssh2
Jan 10 10:03:00 localhost app[999]: Query: SELECT * FROM users WHERE id=1 OR 1=1
Jan 10 10:00:00 localhost sshd[1234]: Accepted password for user user1 from 192.168.1.10 port 22 ssh2
Jan 10 10:00:00 localhost sshd[1234]: Accepted password for user user1 from 192.168.1.10 port 22 ssh2
Jan 10 10:02:00 localhost sudo:  hacker : TTY=pts/0 ; PWD=/home/hacker ; USER=root ; COMMAND=/bin/bash
Jan 10 10:00:00 localhost sshd[1234]: Accepted password for user user1 from 192.168.1.10 port 22 ssh2
Jan 10 10:00:00 localhost sshd[1234]: Accepted password for user user1 from 192.168.1.10 port 22 ssh2
Jan 10 10:00:00 localhost sshd[1234]: Accepted password for user user1 from 192.168.1.10 port 22 ssh2
Jan 10 10:02:00 localhost sudo:  hacker : TTY=pts/0 ; PWD=/home/hacker ; USER=root ; COMMAND=/bin/bash
Jan 10 10:00:00 localhost sshd[1234]: Accepted password for user user1 from 192.168.1.10 port 22 ssh2
Jan 10 10:02:00 localhost sudo:  hacker : TTY=pts/0 ; PWD=/home/hacker ; USER=root ; COMMAND=/bin/bash
Jan 10 10:00:00 localhost sshd[1234]: Accepted password for user user1 from 192.168.1.10 port 22 ssh2
Jan 10 10:03:00 localhost app[999]: Query: SELECT * FROM users WHERE id=1 OR 1=1
Jan 10 10:00:00 localhost sshd[1234]: Accepted password for user user1 from 192.168.1.10 port 22 ssh2
Jan 10 10:00:00 localhost sshd[1234]: Accepted password for user user1 from 192.168.1.10 port 22 ssh2
Jan 10 10:00:00 localhost sshd[1234]: Accepted password for user user1 from 192.168.1.10 port 22 ssh2
Jan 10 10:00:00 localhost sshd[1234]: Accepted password for user user1 from 192.168.1.10 port 22 ssh2
Jan 10 10:02:00 localhost sudo:  hacker : TTY=pts/0 ; PWD=/home/hacker ; USER=root ; COMMAND=/bin/bash
Jan 10 10:00:00 localhost sshd[1234]: Accepted password for user user1 from 192.168.1.10 port 22 ssh2
Jan 10 10:00:00 localhost sshd[1234]: Accepted password for user user1 from 192.168.1.10 port 22 ssh2
Jan 10 10:00:00 localhost sshd[1234]: Accepted password for user user1 from 192.168.1.10 port 22 ssh2
Jan 10 10:02:00 localhost sudo:  hacker : TTY=pts/0 ; PWD=/home/hacker ; USER=root ; COMMAND=/bin/bash
Jan 10 10:00:00 localhost sshd[1234]: Accepted password for user user1 from 192.168.1.10 port 22 ssh2
Jan 10 10:00:00 localhost sshd[1234]: Accepted password for user user1 from 192.168.1.10 port 22 ssh2
Jan 10 10:00:00 localhost sshd[1234]: Accepted password for user user1 from 192.168.1.10 port 22 ssh2
Jan 10 10:00:00 localhost sshd[1234]: Accepted password for user user1 from 192.168.1.10 port 22 ssh2
Jan 10 10:03:00 localhost app[999]: Query: SELECT * FROM users WHERE id=1 OR 1=1
Jan 10 10:00:00 localhost sshd[1234]: Accepted password for user user1 from 192.168.1.10 port 22 ssh2
Jan 10 10:00:00 localhost sshd[1234]: Accepted password for user user1 from 192.168.1.10 port 22 ssh2
Jan 10 10:00:00 localhost sshd[1234]: Accepted password for user user1 from 192.168.1.10 port 22 ssh2
Jan 10 10:03:00 localhost app[999]: Query: SELECT * FROM users WHERE id=1 OR 1=1
Jan 10 10:00:00 localhost sshd[1234]: Accepted password for user user1 from 192.168.1.10 port 22 ssh2
Jan 10 10:00:00 localhost sshd[1234]: Accepted password for user user1 from 192.168.1.10 port 22 ssh2
Jan 10 10:00:00 localhost sshd[1234]: Accepted password for user user1 from 192.168.1.10 port 22 ssh2
Jan 10 10:00:00 localhost sshd[1234]: Accepted password for user user1 from 192.168.1.10 port 22 ssh2
Jan 10 10:00:00 localhost sshd[1234]: Accepted password for user user1 from 192.168.1.10 port 22 ssh2
Jan 10 10:00:00 localhost sshd[1234]: Accepted password for user user1 from 192.168.1.10 port 22 ssh2
Jan 10 10:00:00 localhost sshd[1234]: Accepted password for user user1 from 192.168.1.10 port 22 ssh2
Jan 10 10:00:00 localhost sshd[1234]: Accepted password for user user1 from 192.168.1.10 port 22 ssh2
Jan 10 10:02:00 localhost sudo:  hacker : TTY=pts/0 ; PWD=/home/hacker ; USER=root ; COMMAND=/bin/bash
Jan 10 10:00:00 localhost sshd[1234]: Accepted password for user user1 from 192.168.1.10 port 22 ssh2
Jan 10 10:02:00 localhost sudo:  hacker : TTY=pts/0 ; PWD=/home/hacker ; USER=root ; COMMAND=/bin/bash
Jan 10 10:00:00 localhost sshd[1234]: Accepted password for user user1 from 192.168.1.10 port 22 ssh2
Jan 10 10:00:00 localhost sshd[1234]: Accepted password for user user1 from 192.168.1.10 port 22 ssh2
Jan 10 10:02:00 localhost sudo:  hacker : TTY=pts/0 ; PWD=/home/hacker ; USER=root ; COMMAND=/bin/bash
Jan 10 10:00:00 localhost sshd[1234]: Accepted password for user user1 from 192.168.1.10 port 22 ssh2
Jan 10 10:00:00 localhost sshd[1234]: Accepted password for user user1 from 192.168.1.10 port 22 ssh2
Jan 10 10:00:00 localhost sshd[1234]: Accepted password for user user1 from 192.168.1.10 port 22 ssh2
Jan 10 10:00:00 localhost sshd[1234]: Accepted password for user user1 from 192.168.1.10 port 22 ssh2
Jan 10 10:00:00 localhost sshd[1234]: Accepted password for user user1 from 192.168.1.10 port 22 ssh2
Jan 10 10:01:00 localhost sshd[1234]: Failed password for user root from 10.0.0.5 port 22 ssh2
Jan 10 10:00:00 localhost sshd[1234]: Accepted password for user user1 from 192.168.1.10 port 22 ssh2
Jan 10 10:00:00 localhost sshd[1234]: Accepted password for user user1 from 192.168.1.10 port 22 ssh2
Jan 10 10:00:00 localhost sshd[1234]: Accepted password for user user1 from 192.168.1.10 port 22 ssh2
Jan 10 10:00:00 localhost sshd[1234]: Accepted password for user user1 from 192.168.1.10 port 22 ssh2
Jan 10 10:00:00 localhost sshd[1234]: Accepted password for user user1 from 192.168.1.10 port 22 ssh2
Jan 10 10:00:00 localhost sshd[1234]: Accepted password for user user1 from 192.168.1.10 port 22 ssh2
Jan 10 10:00:00 localhost sshd[1234]: Accepted password for user user1 from 192.168.1.10 port 22 ssh2
Jan 10 10:00:00 localhost sshd[1234]: Accepted password for user user1 from 192.168.1.10 port 22 ssh2
Jan 10 10:00:00 localhost sshd[1234]: Accepted password for user user1 from 192.168.1.10 port 22 ssh2
Jan 10 10:02:00 localhost sudo:  hacker : TTY=pts/0 ; PWD=/home/hacker ; USER=root ; COMMAND=/bin/bash
Jan 10 10:00:00 localhost sshd[1234]: Accepted password for user user1 from 192.168.1.10 port 22 ssh2
Jan 10 10:03:00 localhost app[999]: Query: SELECT * FROM users WHERE id=1 OR 1=1
Jan 10 10:00:00 localhost sshd[1234]: Accepted password for user user1 from 192.168.1.10 port 22 ssh2
Jan 10 10:00:00 localhost sshd[1234]: Accepted password for user user1 from 192.168.1.10 port 22 ssh2
Jan 10 10:00:00 localhost sshd[1234]: Accepted password for user user1 from 192.168.1.10 port 22 ssh2
Jan 10 10:00:00 localhost sshd[1234]: Accepted password for user user1 from 192.168.1.10 port 22 ssh2
Jan 10 10:00:00 localhost sshd[1234]: Accepted password for user user1 from 192.168.1.10 port 22 ssh2
Jan 10 10:00:00 localhost sshd[1234]: Accepted password for user user1 from 192.168.1.10 port 22 ssh2
Jan 10 10:00:00 localhost sshd[1234]: Accepted password for user user1 from 192.168.1.10 port 22 ssh2
Jan 10 10:02:00 localhost sudo:  hacker : TTY=pts/0 ; PWD=/home/hacker ; USER=root ; COMMAND=/bin/bash
Jan 10 10:00:00 localhost sshd[1234]: Accepted password for user user1 from 192.168.1.10 port 22 ssh2
Jan 10 10:00:00 localhost sshd[1234]: Accepted password for user user1 from 192.168.1.10 port 22 ssh2
Jan 10 10:00:00 localhost sshd[1234]: Accepted password for user user1 from 192.168.1.10 port 22 ssh2
Jan 10 10:00:00 localhost sshd[1234]: Accepted password for user user1 from 192.168.1.10 port 22 ssh2
Jan 10 10:00:00 localhost sshd[1234]: Accepted password for user user1 from 192.168.1.10 port 22 ssh2
Jan 10 10:00:00 localhost sshd[1234]: Accepted password for user user1 from 192.168.1.10 port 22 ssh2
Jan 10 10:00:00 localhost sshd[1234]: Accepted password for user user1 from 192.168.1.10 port 22 ssh2
Jan 10 10:01:00 localhost sshd[1234]: Failed password for user root from 10.0.0.5 port 22 ssh2
Jan 10 10:00:00 localhost sshd[1234]: Accepted password for user user1 from 192.168.1.10 port 22 ssh2
Jan 10 10:00:00 localhost sshd[1234]: Accepted password for user user1 from 192.168.1.10 port 22 ssh2
Jan 10 10:00:00 localhost sshd[1234]: Accepted password for user user1 from 192.168.1.10 port 22 ssh2
Jan 10 10:00:00 localhost sshd[1234]: Accepted password for user user1 from 192.168.1.10 port 22 ssh2
Jan 10 10:00:00 localhost sshd[1234]: Accepted password for user user1 from 192.168.1.10 port 22 ssh2
Jan 10 10:00:00 localhost sshd[1234]: Accepted password for user user1 from 192.168.1.10 port 22 ssh2
Jan 10 10:02:00 localhost sudo:  hacker : TTY=pts/0 ; PWD=/home/hacker ; USER=root ; COMMAND=/bin/bash
Jan 10 10:00:00 localhost sshd[1234]: Accepted password for user user1 from 192.168.1.10 port 22 ssh2
Jan 10 10:00:00 localhost sshd[1234]: Accepted password for user user1 from 192.168.1.10 port 22 ssh2
Jan 10 10:00:00 localhost sshd[1234]: Accepted password for user user1 from 192.168.1.10 port 22 ssh2
Jan 10 10:01:00 localhost sshd[1234]: Failed password for user root from 10.0.0.5 port 22 ssh2
Jan 10 10:00:00 localhost sshd[1234]: Accepted password for user user1 from 192.168.1.10 port 22 ssh2
Jan 10 10:00:00 localhost sshd[1234]: Accepted password for user user1 from 192.168.1.10 port 22 ssh2
Jan 10 10:03:00 localhost app[999]: Query: SELECT * FROM users WHERE id=1 OR 1=1
Jan 10 10:00:00 localhost sshd[1234]: Accepted password for user user1 from 192.168.1.10 port 22 ssh2
Jan 10 10:00:00 localhost sshd[1234]: Accepted password for user user1 from 192.168.1.10 port 22 ssh2
Jan 10 10:03:00 localhost app[999]: Query: SELECT * FROM users WHERE id=1 OR 1=1
Jan 10 10:00:00 localhost sshd[1234]: Accepted password for user user1 from 192.168.1.10 port 22 ssh2
Jan 10 10:00:00 localhost sshd[1234]: Accepted password for user user1 from 192.168.1.10 port 22 ssh2
Jan 10 10:00:00 localhost sshd[1234]: Accepted password for user user1 from 192.168.1.10 port 22 ssh2
Jan 10 10:00:00 localhost sshd[1234]: Accepted password for user user1 from 192.168.1.10 port 22 ssh2
Jan 10 10:00:00 localhost sshd[1234]: Accepted password for user user1 from 192.168.1.10 port 22 ssh2
Jan 10 10:00:00 localhost sshd[1234]: Accepted password for user user1 from 192.168.1.10 port 22 ssh2
Jan 10 10:00:00 localhost sshd[1234]: Accepted password for user user1 from 192.168.1.10 port 22 ssh2
Jan 10 10:00:00 localhost sshd[1234]: Accepted password for user user1 from 192.168.1.10 port 22 ssh2
Jan 10 10:00:00 localhost sshd[1234]: Accepted password for user user1 from 192.168.1.10 port 22 ssh2
Jan 10 10:00:00 localhost sshd[1234]: Accepted password for user user1 from 192.168.1.10 port 22 ssh2
Jan 10 10:00:00 localhost sshd[1234]: Accepted password for user user1 from 192.168.1.10 port 22 ssh2
Jan 10 10:00:00 localhost sshd[1234]: Accepted password for user user1 from 192.168.1.10 port 22 ssh2
Jan 10 10:00:00 localhost sshd[1234]: Accepted password for user user1 from 192.168.1.10 port 22 ssh2
Jan 10 10:03:00 localhost app[999]: Query: SELECT * FROM users WHERE id=1 OR 1=1
Jan 10 10:00:00 localhost sshd[1234]: Accepted password for user user1 from 192.168.1.10 port 22 ssh2
Jan 10 10:00:00 localhost sshd[1234]: Accepted password for user user1 from 192.168.1.10 port 22 ssh2
Jan 10 10:03:00 localhost app[999]: Query: SELECT * FROM users WHERE id=1 OR 1=1
Jan 10 10:00:00 localhost sshd[1234]: Accepted password for user user1 from 192.168.1.10 port 22 ssh2
Jan 10 10:00:00 localhost sshd[1234]: Accepted password for user user1 from 192.168.1.10 port 22 ssh2
Jan 10 10:00:00 localhost sshd[1234]: Accepted password for user user1 from 192.168.1.10 port 22 ssh2
Jan 10 10:00:00 localhost sshd[1234]: Accepted password for user user1 from 192.168.1.10 port 22 ssh2
Jan 10 10:00:00 localhost sshd[1234]: Accepted password for user user1 from 192.168.1.10 port 22 ssh2
Jan 10 10:03:00 localhost app[999]: Query: SELECT * FROM users WHERE id=1 OR 1=1
Jan 10 10:00:00 localhost sshd[1234]: Accepted password for user user1 from 192.168.1.10 port 22 ssh2
Jan 10 10:01:00 localhost sshd[1234]: Failed password for user root from 10.0.0.5 port 22 ssh2
Jan 10 10:00:00 localhost sshd[1234]: Accepted password for user user1 from 192.168.1.10 port 22 ssh2
Jan 10 10:00:00 localhost sshd[1234]: Accepted password for user user1 from 192.168.1.10 port 22 ssh2
Jan 10 10:00:00 localhost sshd[1234]: Accepted password for user user1 from 192.168.1.10 port 22 ssh2
Jan 10 10:00:00 localhost sshd[1234]: Accepted password for user user1 from 192.168.1.10 port 22 ssh2
Jan 10 10:00:00 localhost sshd[1234]: Accepted password for user user1 from 192.168.1.10 port 22 ssh2
Jan 10 10:03:00 localhost app[999]: Query: SELECT * FROM users WHERE id=1 OR 1=1
Jan 10 10:00:00 localhost sshd[1234]: Accepted password for user user1 from 192.168.1.10 port 22 ssh2
Jan 10 10:00:00 localhost sshd[1234]: Accepted password for user user1 from 192.168.1.10 port 22 ssh2
Jan 10 10:02:00 localhost sudo:  hacker : TTY=pts/0 ; PWD=/home/hacker ; USER=root ; COMMAND=/bin/bash
Jan 10 10:00:00 localhost sshd[1234]: Accepted password for user user1 from 192.168.1.10 port 22 ssh2
Jan 10 10:01:00 localhost sshd[1234]: Failed password for user root from 10.0.0.5 port 22 ssh2
Jan 10 10:00:00 localhost sshd[1234]: Accepted password for user user1 from 192.168.1.10 port 22 ssh2
Jan 10 10:00:00 localhost sshd[1234]: Accepted password for user user1 from 192.168.1.10 port 22 ssh2
Jan 10 10:00:00 localhost sshd[1234]: Accepted password for user user1 from 192.168.1.10 port 22 ssh2
Jan 10 10:00:00 localhost sshd[1234]: Accepted password for user user1 from 192.168.1.10 port 22 ssh2
Jan 10 10:02:00 localhost sudo:  hacker : TTY=pts/0 ; PWD=/home/hacker ; USER=root ; COMMAND=/bin/bash
Jan 10 10:00:00 localhost sshd[1234]: Accepted password for user user1 from 192.168.1.10 port 22 ssh2
Jan 10 10:00:00 localhost sshd[1234]: Accepted password for user user1 from 192.168.1.10 port 22 ssh2
Jan 10 10:00:00 localhost sshd[1234]: Accepted password for user user1 from 192.168.1.10 port 22 ssh2
Jan 10 10:01:00 localhost sshd[1234]: Failed password for user root from 10.0.0.5 port 22 ssh2
Jan 10 10:00:00 localhost sshd[1234]: Accepted password for user user1 from 192.168.1.10 port 22 ssh2
Jan 10 10:01:00 localhost sshd[1234]: Failed password for user root from 10.0.0.5 port 22 ssh2
Jan 10 10:00:00 localhost sshd[1234]: Accepted password for user user1 from 192.168.1.10 port 22 ssh2
Jan 10 10:03:00 localhost app[999]: Query: SELECT * FROM users WHERE id=1 OR 1=1
Jan 10 10:00:00 localhost sshd[1234]: Accepted password for user user1 from 192.168.1.10 port 22 ssh2
Jan 10 10:00:00 localhost sshd[1234]: Accepted password for user user1 from 192.168.1.10 port 22 ssh2
Jan 10 10:02:00 localhost sudo:  hacker : TTY=pts/0 ; PWD=/home/hacker ; USER=root ; COMMAND=/bin/bash
Jan 10 10:00:00 localhost sshd[1234]: Accepted password for user user1 from 192.168.1.10 port 22 ssh2
Jan 10 10:03:00 localhost app[999]: Query: SELECT * FROM users WHERE id=1 OR 1=1
Jan 10 10:00:00 localhost sshd[1234]: Accepted password for user user1 from 192.168.1.10 port 22 ssh2
Jan 10 10:01:00 localhost sshd[1234]: Failed password for user root from 10.0.0.5 port 22 ssh2
Jan 10 10:00:00 localhost sshd[1234]: Accepted password for user user1 from 192.168.1.10 port 22 ssh2
Jan 10 10:03:00 localhost app[999]: Query: SELECT * FROM users WHERE id=1 OR 1=1
Jan 10 10:00:00 localhost sshd[1234]: Accepted password for user user1 from 192.168.1.10 port 22 ssh2
Jan 10 10:00:00 localhost sshd[1234]: Accepted password for user user1 from 192.168.1.10 port 22 ssh2
Jan 10 10:02:00 localhost sudo:  hacker : TTY=pts/0 ; PWD=/home/hacker ; USER=root ; COMMAND=/bin/bash
Jan 10 10:00:00 localhost sshd[1234]: Accepted password for user user1 from 192.168.1.10 port 22 ssh2
Jan 10 10:00:00 localhost sshd[1234]: Accepted password for user user1 from 192.168.1.10 port 22 ssh2
Jan 10 10:00:00 localhost sshd[1234]: Accepted password for user user1 from 192.168.1.10 port 22 ssh2
Jan 10 10:00:00 localhost sshd[1234]: Accepted password for user user1 from 192.168.1.10 port 22 ssh2
Jan 10 10:02:00 localhost sudo:  hacker : TTY=pts/0 ; PWD=/home/hacker ; USER=root ; COMMAND=/bin/bash
Jan 10 10:00:00 localhost sshd[1234]: Accepted password for user user1 from 192.168.1.10 port 22 ssh2
Jan 10 10:00:00 localhost sshd[1234]: Accepted password for user user1 from 192.168.1.10 port 22 ssh2
Jan 10 10:01:00 localhost sshd[1234]: Failed password for user root from 10.0.0.5 port 22 ssh2
Jan 10 10:00:00 localhost sshd[1234]: Accepted password for user user1 from 192.168.1.10 port 22 ssh2
Jan 10 10:00:00 localhost sshd[1234]: Accepted password for user user1 from 192.168.1.10 port 22 ssh2
Jan 10 10:00:00 localhost sshd[1234]: Accepted password for user user1 from 192.168.1.10 port 22 ssh2
Jan 10 10:00:00 localhost sshd[1234]: Accepted password for user user1 from 192.168.1.10 port 22 ssh2
Jan 10 10:01:00 localhost sshd[1234]: Failed password for user root from 10.0.0.5 port 22 ssh2
Jan 10 10:00:00 localhost sshd[1234]: Accepted password for user user1 from 192.168.1.10 port 22 ssh2
Jan 10 10:00:00 localhost sshd[1234]: Accepted password for user user1 from 192.168.1.10 port 22 ssh2
Jan 10 10:00:00 localhost sshd[1234]: Accepted password for user user1 from 192.168.1.10 port 22 ssh2
Jan 10 10:00:00 localhost sshd[1234]: Accepted password for user user1 from 192.168.1.10 port 22 ssh2
Jan 10 10:00:00 localhost sshd[1234]: Accepted password for user user1 from 192.168.1.10 port 22 ssh2
Jan 10 10:00:00 localhost sshd[1234]: Accepted password for user user1 from 192.168.1.10 port 22 ssh2
Jan 10 10:00:00 localhost sshd[1234]: Accepted password for user user1 from 192.168.1.10 port 22 ssh2
Jan 10 10:02:00 localhost sudo:  hacker : TTY=pts/0 ; PWD=/home/hacker ; USER=root ; COMMAND=/bin/bash
Jan 10 10:00:00 localhost sshd[1234]: Accepted password for user user1 from 192.168.1.10 port 22 ssh2
Jan 10 10:01:00 localhost sshd[1234]: Failed password for user root from 10.0.0.5 port 22 ssh2
Jan 10 10:00:00 localhost sshd[1234]: Accepted password for user user1 from 192.168.1.10 port 22 ssh2
Jan 10 10:03:00 localhost app[999]: Query: SELECT * FROM users WHERE id=1 OR 1=1
Jan 10 10:00:00 localhost sshd[1234]: Accepted password for user user1 from 192.168.1.10 port 22 ssh2
Jan 10 10:00:00 localhost sshd[1234]: Accepted password for user user1 from 192.168.1.10 port 22 ssh2
Jan 10 10:00:00 localhost sshd[1234]: Accepted password for user user1 from 192.168.1.10 port 22 ssh2
Jan 10 10:00:00 localhost sshd[1234]: Accepted password for user user1 from 192.168.1.10 port 22 ssh2
Jan 10 10:00:00 localhost sshd[1234]: Accepted password for user user1 from 192.168.1.10 port 22 ssh2
Jan 10 10:02:00 localhost sudo:  hacker : TTY=pts/0 ; PWD=/home/hacker ; USER=root ; COMMAND=/bin/bash
Jan 10 10:00:00 localhost sshd[1234]: Accepted password for user user1 from 192.168.1.10 port 22 ssh2
Jan 10 10:00:00 localhost sshd[1234]: Accepted password for user user1 from 192.168.1.10 port 22 ssh2
Jan 10 10:03:00 localhost app[999]: Query: SELECT * FROM users WHERE id=1 OR 1=1
Jan 10 10:00:00 localhost sshd[1234]: Accepted password for user user1 from 192.168.1.10 port 22 ssh2
Jan 10 10:03:00 localhost app[999]: Query: SELECT * FROM users WHERE id=1 OR 1=1
Jan 10 10:00:00 localhost sshd[1234]: Accepted password for user user1 from 192.168.1.10 port 22 ssh2
Jan 10 10:00:00 localhost sshd[1234]: Accepted password for user user1 from 192.168.1.10 port 22 ssh2
Jan 10 10:00:00 localhost sshd[1234]: Accepted password for user user1 from 192.168.1.10 port 22 ssh2
Jan 10 10:00:00 localhost sshd[1234]: Accepted password for user user1 from 192.168.1.10 port 22 ssh2
Jan 10 10:00:00 localhost sshd[1234]: Accepted password for user user1 from 192.168.1.10 port 22 ssh2
Jan 10 10:00:00 localhost sshd[1234]: Accepted password for user user1 from 192.168.1.10 port 22 ssh2
Jan 10 10:02:00 localhost sudo:  hacker : TTY=pts/0 ; PWD=/home/hacker ; USER=root ; COMMAND=/bin/bash
Jan 10 10:00:00 localhost sshd[1234]: Accepted password for user user1 from 192.168.1.10 port 22 ssh2
Jan 10 10:00:00 localhost sshd[1234]: Accepted password for user user1 from 192.168.1.10 port 22 ssh2
Jan 10 10:00:00 localhost sshd[1234]: Accepted password for user user1 from 192.168.1.10 port 22 ssh2
Jan 10 10:00:00 localhost sshd[1234]: Accepted password for user user1 from 192.168.1.10 port 22 ssh2
Jan 10 10:00:00 localhost sshd[1234]: Accepted password for user user1 from 192.168.1.10 port 22 ssh2
Jan 10 10:01:00 localhost sshd[1234]: Failed password for user root from 10.0.0.5 port 22 ssh2
Jan 10 10:00:00 localhost sshd[1234]: Accepted password for user user1 from 192.168.1.10 port 22 ssh2
Jan 10 10:00:00 localhost sshd[1234]: Accepted password for user user1 from 192.168.1.10 port 22 ssh2
Jan 10 10:00:00 localhost sshd[1234]: Accepted password for user user1 from 192.168.1.10 port 22 ssh2
Jan 10 10:00:00 localhost sshd[1234]: Accepted password for user user1 from 192.168.1.10 port 22 ssh2
Jan 10 10:00:00 localhost sshd[1234]: Accepted password for user user1 from 192.168.1.10 port 22 ssh2
Jan 10 10:00:00 localhost sshd[1234]: Accepted password for user user1 from 192.168.1.10 port 22 ssh2
Jan 10 10:00:00 localhost sshd[1234]: Accepted password for user user1 from 192.168.1.10 port 22 ssh2
Jan 10 10:00:00 localhost sshd[1234]: Accepted password for user user1 from 192.168.1.10 port 22 ssh2
Jan 10 10:03:00 localhost app[999]: Query: SELECT * FROM users WHERE id=1 OR 1=1
Jan 10 10:00:00 localhost sshd[1234]: Accepted password for user user1 from 192.168.1.10 port 22 ssh2
Jan 10 10:03:00 localhost app[999]: Query: SELECT * FROM users WHERE id=1 OR 1=1
Jan 10 10:00:00 localhost sshd[1234]: Accepted password for user user1 from 192.168.1.10 port 22 ssh2
Jan 10 10:00:00 localhost sshd[1234]: Accepted password for user user1 from 192.168.1.10 port 22 ssh2
Jan 10 10:01:00 localhost sshd[1234]: Failed password for user root from 10.0.0.5 port 22 ssh2
Jan 10 10:00:00 localhost sshd[1234]: Accepted password for user user1 from 192.168.1.10 port 22 ssh2
Jan 10 10:00:00 localhost sshd[1234]: Accepted password for user user1 from 192.168.1.10 port 22 ssh2
Jan 10 10:02:00 localhost sudo:  hacker : TTY=pts/0 ; PWD=/home/hacker ; USER=root ; COMMAND=/bin/bash
Jan 10 10:00:00 localhost sshd[1234]: Accepted password for user user1 from 192.168.1.10 port 22 ssh2
Jan 10 10:01:00 localhost sshd[1234]: Failed password for user root from 10.0.0.5 port 22 ssh2
Jan 10 10:00:00 localhost sshd[1234]: Accepted password for user user1 from 192.168.1.10 port 22 ssh2
Jan 10 10:00:00 localhost sshd[1234]: Accepted password for user user1 from 192.168.1.10 port 22 ssh2
Jan 10 10:00:00 localhost sshd[1234]: Accepted password for user user1 from 192.168.1.10 port 22 ssh2
Jan 10 10:00:00 localhost sshd[1234]: Accepted password for user user1 from 192.168.1.10 port 22 ssh2
Jan 10 10:02:00 localhost sudo:  hacker : TTY=pts/0 ; PWD=/home/hacker ; USER=root ; COMMAND=/bin/bash
Jan 10 10:00:00 localhost sshd[1234]: Accepted password for user user1 from 192.168.1.10 port 22 ssh2
Jan 10 10:01:00 localhost sshd[1234]: Failed password for user root from 10.0.0.5 port 22 ssh2
Jan 10 10:00:00 localhost sshd[1234]: Accepted password for user user1 from 192.168.1.10 port 22 ssh2
Jan 10 10:00:00 localhost sshd[1234]: Accepted password for user user1 from 192.168.1.10 port 22 ssh2
Jan 10 10:00:00 localhost sshd[1234]: Accepted password for user user1 from 192.168.1.10 port 22 ssh2
Jan 10 10:00:00 localhost sshd[1234]: Accepted password for user user1 from 192.168.1.10 port 22 ssh2
Jan 10 10:00:00 localhost sshd[1234]: Accepted password for user user1 from 192.168.1.10 port 22 ssh2
Jan 10 10:00:00 localhost sshd[1234]: Accepted password for user user1 from 192.168.1.10 port 22 ssh2
Jan 10 10:00:00 localhost sshd[1234]: Accepted password for user user1 from 192.168.1.10 port 22 ssh2
Jan 10 10:00:00 localhost sshd[1234]: Accepted password for user user1 from 192.168.1.10 port 22 ssh2
Jan 10 10:00:00 localhost sshd[1234]: Accepted password for user user1 from 192.168.1.10 port 22 ssh2
Jan 10 10:00:00 localhost sshd[1234]: Accepted password for user user1 from 192.168.1.10 port 22 ssh2
Jan 10 10:00:00 localhost sshd[1234]: Accepted password for user user1 from 192.168.1.10 port 22 ssh2
Jan 10 10:00:00 localhost sshd[1234]: Accepted password for user user1 from 192.168.1.10 port 22 ssh2
Jan 10 10:00:00 localhost sshd[1234]: Accepted password for user user1 from 192.168.1.10 port 22 ssh2
Jan 10 10:00:00 localhost sshd[1234]: Accepted password for user user1 from 192.168.1.10 port 22 ssh2
Jan 10 10:00:00 localhost sshd[1234]: Accepted password for user user1 from 192.168.1.10 port 22 ssh2
Jan 10 10:01:00 localhost sshd[1234]: Failed password for user root from 10.0.0.5 port 22 ssh2
Jan 10 10:00:00 localhost sshd[1234]: Accepted password for user user1 from 192.168.1.10 port 22 ssh2
Jan 10 10:00:00 localhost sshd[1234]: Accepted password for user user1 from 192.168.1.10 port 22 ssh2
Jan 10 10:00:00 localhost sshd[1234]: Accepted password for user user1 from 192.168.1.10 port 22 ssh2
Jan 10 10:00:00 localhost sshd[1234]: Accepted password for user user1 from 192.168.1.10 port 22 ssh2
Jan 10 10:00:00 localhost sshd[1234]: Accepted password for user user1 from 192.168.1.10 port 22 ssh2
Jan 10 10:00:00 localhost sshd[1234]: Accepted password for user user1 from 192.168.1.10 port 22 ssh2
Jan 10 10:00:00 localhost sshd[1234]: Accepted password for user user1 from 192.168.1.10 port 22 ssh2
Jan 10 10:02:00 localhost sudo:  hacker : TTY=pts/0 ; PWD=/home/hacker ; USER=root ; COMMAND=/bin/bash
Jan 10 10:00:00 localhost sshd[1234]: Accepted password for user user1 from 192.168.1.10 port 22 ssh2
Jan 10 10:01:00 localhost sshd[1234]: Failed password for user root from 10.0.0.5 port 22 ssh2
Jan 10 10:00:00 localhost sshd[1234]: Accepted password for user user1 from 192.168.1.10 port 22 ssh2
Jan 10 10:01:00 localhost sshd[1234]: Failed password for user root from 10.0.0.5 port 22 ssh2
Jan 10 10:00:00 localhost sshd[1234]: Accepted password for user user1 from 192.168.1.10 port 22 ssh2
Jan 10 10:00:00 localhost sshd[1234]: Accepted password for user user1 from 192.168.1.10 port 22 ssh2
Jan 10 10:00:00 localhost sshd[1234]: Accepted password for user user1 from 192.168.1.10 port 22 ssh2
Jan 10 10:00:00 localhost sshd[1234]: Accepted password for user user1 from 192.168.1.10 port 22 ssh2
Jan 10 10:00:00 localhost sshd[1234]: Accepted password for user user1 from 192.168.1.10 port 22 ssh2
Jan 10 10:00:00 localhost sshd[1234]: Accepted password for user user1 from 192.168.1.10 port 22 ssh2
Jan 10 10:00:00 localhost sshd[1234]: Accepted password for user user1 from 192.168.1.10 port 22 ssh2
Jan 10 10:01:00 localhost sshd[1234]: Failed password for user root from 10.0.0.5 port 22 ssh2
Jan 10 10:00:00 localhost sshd[1234]: Accepted password for user user1 from 192.168.1.10 port 22 ssh2
Jan 10 10:00:00 localhost sshd[1234]: Accepted password for user user1 from 192.168.1.10 port 22 ssh2
Jan 10 10:00:00 localhost sshd[1234]: Accepted password for user user1 from 192.168.1.10 port 22 ssh2
Jan 10 10:00:00 localhost sshd[1234]: Accepted password for user user1 from 192.168.1.10 port 22 ssh2
Jan 10 10:00:00 localhost sshd[1234]: Accepted password for user user1 from 192.168.1.10 port 22 ssh2
Jan 10 10:00:00 localhost sshd[1234]: Accepted password for user user1 from 192.168.1.10 port 22 ssh2
Jan 10 10:02:00 localhost sudo:  hacker : TTY=pts/0 ; PWD=/home/hacker ; USER=root ; COMMAND=/bin/bash
Jan 10 10:00:00 localhost sshd[1234]: Accepted password for user user1 from 192.168.1.10 port 22 ssh2
Jan 10 10:00:00 localhost sshd[1234]: Accepted password for user user1 from 192.168.1.10 port 22 ssh2
Jan 10 10:01:00 localhost sshd[1234]: Failed password for user root from 10.0.0.5 port 22 ssh2
Jan 10 10:00:00 localhost sshd[1234]: Accepted password for user user1 from 192.168.1.10 port 22 ssh2
Jan 10 10:03:00 localhost app[999]: Query: SELECT * FROM users WHERE id=1 OR 1=1
Jan 10 10:00:00 localhost sshd[1234]: Accepted password for user user1 from 192.168.1.10 port 22 ssh2
Jan 10 10:00:00 localhost sshd[1234]: Accepted password for user user1 from 192.168.1.10 port 22 ssh2
Jan 10 10:00:00 localhost sshd[1234]: Accepted password for user user1 from 192.168.1.10 port 22 ssh2
Jan 10 10:02:00 localhost sudo:  hacker : TTY=pts/0 ; PWD=/home/hacker ; USER=root ; COMMAND=/bin/bash
Jan 10 10:00:00 localhost sshd[1234]: Accepted password for user user1 from 192.168.1.10 port 22 ssh2
Jan 10 10:01:00 localhost sshd[1234]: Failed password for user root from 10.0.0.5 port 22 ssh2
Jan 10 10:00:00 localhost sshd[1234]: Accepted password for user user1 from 192.168.1.10 port 22 ssh2
Jan 10 10:03:00 localhost app[999]: Query: SELECT * FROM users WHERE id=1 OR 1=1
Jan 10 10:00:00 localhost sshd[1234]: Accepted password for user user1 from 192.168.1.10 port 22 ssh2
Jan 10 10:00:00 localhost sshd[1234]: Accepted password for user user1 from 192.168.1.10 port 22 ssh2
Jan 10 10:00:00 localhost sshd[1234]: Accepted password for user user1 from 192.168.1.10 port 22 ssh2
Jan 10 10:00:00 localhost sshd[1234]: Accepted password for user user1 from 192.168.1.10 port 22 ssh2
Jan 10 10:00:00 localhost sshd[1234]: Accepted password for user user1 from 192.168.1.10 port 22 ssh2
Jan 10 10:00:00 localhost sshd[1234]: Accepted password for user user1 from 192.168.1.10 port 22 ssh2
Jan 10 10:00:00 localhost sshd[1234]: Accepted password for user user1 from 192.168.1.10 port 22 ssh2
Jan 10 10:00:00 localhost sshd[1234]: Accepted password for user user1 from 192.168.1.10 port 22 ssh2
Jan 10 10:00:00 localhost sshd[1234]: Accepted password for user user1 from 192.168.1.10 port 22 ssh2
Jan 10 10:00:00 localhost sshd[1234]: Accepted password for user user1 from 192.168.1.10 port 22 ssh2
Jan 10 10:00:00 localhost sshd[1234]: Accepted password for user user1 from 192.168.1.10 port 22 ssh2
Jan 10 10:00:00 localhost sshd[1234]: Accepted password for user user1 from 192.168.1.10 port 22 ssh2
Jan 10 10:02:00 localhost sudo:  hacker : TTY=pts/0 ; PWD=/home/hacker ; USER=root ; COMMAND=/bin/bash
Jan 10 10:00:00 localhost sshd[1234]: Accepted password for user user1 from 192.168.1.10 port 22 ssh2
Jan 10 10:00:00 localhost sshd[1234]: Accepted password for user user1 from 192.168.1.10 port 22 ssh2
Jan 10 10:00:00 localhost sshd[1234]: Accepted password for user user1 from 192.168.1.10 port 22 ssh2
Jan 10 10:00:00 localhost sshd[1234]: Accepted password for user user1 from 192.168.1.10 port 22 ssh2
Jan 10 10:00:00 localhost sshd[1234]: Accepted password for user user1 from 192.168.1.10 port 22 ssh2
Jan 10 10:00:00 localhost sshd[1234]: Accepted password for user user1 from 192.168.1.10 port 22 ssh2
Jan 10 10:00:00 localhost sshd[1234]: Accepted password for user user1 from 192.168.1.10 port 22 ssh2
Jan 10 10:00:00 localhost sshd[1234]: Accepted password for user user1 from 192.168.1.10 port 22 ssh2
Jan 10 10:01:00 localhost sshd[1234]: Failed password for user root from 10.0.0.5 port 22 ssh2
Jan 10 10:00:00 localhost sshd[1234]: Accepted password for user user1 from 192.168.1.10 port 22 ssh2
Jan 10 10:00:00 localhost sshd[1234]: Accepted password for user user1 from 192.168.1.10 port 22 ssh2
Jan 10 10:00:00 localhost sshd[1234]: Accepted password for user user1 from 192.168.1.10 port 22 ssh2
Jan 10 10:00:00 localhost sshd[1234]: Accepted password for user user1 from 192.168.1.10 port 22 ssh2
Jan 10 10:00:00 localhost sshd[1234]: Accepted password for user user1 from 192.168.1.10 port 22 ssh2
Jan 10 10:00:00 localhost sshd[1234]: Accepted password for user user1 from 192.168.1.10 port 22 ssh2
Jan 10 10:00:00 localhost sshd[1234]: Accepted password for user user1 from 192.168.1.10 port 22 ssh2
Jan 10 10:02:00 localhost sudo:  hacker : TTY=pts/0 ; PWD=/home/hacker ; USER=root ; COMMAND=/bin/bash
Jan 10 10:00:00 localhost sshd[1234]: Accepted password for user user1 from 192.168.1.10 port 22 ssh2
Jan 10 10:00:00 localhost sshd[1234]: Accepted password for user user1 from 192.168.1.10 port 22 ssh2
Jan 10 10:01:00 localhost sshd[1234]: Failed password for user root from 10.0.0.5 port 22 ssh2
Jan 10 10:00:00 localhost sshd[1234]: Accepted password for user user1 from 192.168.1.10 port 22 ssh2
Jan 10 10:02:00 localhost sudo:  hacker : TTY=pts/0 ; PWD=/home/hacker ; USER=root ; COMMAND=/bin/bash
Jan 10 10:00:00 localhost sshd[1234]: Accepted password for user user1 from 192.168.1.10 port 22 ssh2
Jan 10 10:01:00 localhost sshd[1234]: Failed password for user root from 10.0.0.5 port 22 ssh2
Jan 10 10:00:00 localhost sshd[1234]: Accepted password for user user1 from 192.168.1.10 port 22 ssh2
Jan 10 10:00:00 localhost sshd[1234]: Accepted password for user user1 from 192.168.1.10 port 22 ssh2
Jan 10 10:02:00 localhost sudo:  hacker : TTY=pts/0 ; PWD=/home/hacker ; USER=root ; COMMAND=/bin/bash
Jan 10 10:00:00 localhost sshd[1234]: Accepted password for user user1 from 192.168.1.10 port 22 ssh2
Jan 10 10:00:00 localhost sshd[1234]: Accepted password for user user1 from 192.168.1.10 port 22 ssh2
Jan 10 10:02:00 localhost sudo:  hacker : TTY=pts/0 ; PWD=/home/hacker ; USER=root ; COMMAND=/bin/bash
Jan 10 10:00:00 localhost sshd[1234]: Accepted password for user user1 from 192.168.1.10 port 22 ssh2
Jan 10 10:00:00 localhost sshd[1234]: Accepted password for user user1 from 192.168.1.10 port 22 ssh2
Jan 10 10:00:00 localhost sshd[1234]: Accepted password for user user1 from 192.168.1.10 port 22 ssh2
Jan 10 10:00:00 localhost sshd[1234]: Accepted password for user user1 from 192.168.1.10 port 22 ssh2
Jan 10 10:00:00 localhost sshd[1234]: Accepted password for user user1 from 192.168.1.10 port 22 ssh2
Jan 10 10:02:00 localhost sudo:  hacker : TTY=pts/0 ; PWD=/home/hacker ; USER=root ; COMMAND=/bin/bash
Jan 10 10:00:00 localhost sshd[1234]: Accepted password for user user1 from 192.168.1.10 port 22 ssh2
Jan 10 10:00:00 localhost sshd[1234]: Accepted password for user user1 from 192.168.1.10 port 22 ssh2
Jan 10 10:00:00 localhost sshd[1234]: Accepted password for user user1 from 192.168.1.10 port 22 ssh2
Jan 10 10:03:00 localhost app[999]: Query: SELECT * FROM users WHERE id=1 OR 1=1
Jan 10 10:00:00 localhost sshd[1234]: Accepted password for user user1 from 192.168.1.10 port 22 ssh2
Jan 10 10:00:00 localhost sshd[1234]: Accepted password for user user1 from 192.168.1.10 port 22 ssh2
Jan 10 10:00:00 localhost sshd[1234]: Accepted password for user user1 from 192.168.1.10 port 22 ssh2
Jan 10 10:00:00 localhost sshd[1234]: Accepted password for user user1 from 192.168.1.10 port 22 ssh2
Jan 10 10:00:00 localhost sshd[1234]: Accepted password for user user1 from 192.168.1.10 port 22 ssh2
Jan 10 10:00:00 localhost sshd[1234]: Accepted password for user user1 from 192.168.1.10 port 22 ssh2
Jan 10 10:01:00 localhost sshd[1234]: Failed password for user root from 10.0.0.5 port 22 ssh2
Jan 10 10:00:00 localhost sshd[1234]: Accepted password for user user1 from 192.168.1.10 port 22 ssh2
Jan 10 10:01:00 localhost sshd[1234]: Failed password for user root from 10.0.0.5 port 22 ssh2
Jan 10 10:00:00 localhost sshd[1234]: Accepted password for user user1 from 192.168.1.10 port 22 ssh2
Jan 10 10:00:00 localhost sshd[1234]: Accepted password for user user1 from 192.168.1.10 port 22 ssh2
Jan 10 10:00:00 localhost sshd[1234]: Accepted password for user user1 from 192.168.1.10 port 22 ssh2
Jan 10 10:03:00 localhost app[999]: Query: SELECT * FROM users WHERE id=1 OR 1=1
Jan 10 10:00:00 localhost sshd[1234]: Accepted password for user user1 from 192.168.1.10 port 22 ssh2
Jan 10 10:01:00 localhost sshd[1234]: Failed password for user root from 10.0.0.5 port 22 ssh2
Jan 10 10:00:00 localhost sshd[1234]: Accepted password for user user1 from 192.168.1.10 port 22 ssh2
Jan 10 10:00:00 localhost sshd[1234]: Accepted password for user user1 from 192.168.1.10 port 22 ssh2
Jan 10 10:00:00 localhost sshd[1234]: Accepted password for user user1 from 192.168.1.10 port 22 ssh2
Jan 10 10:02:00 localhost sudo:  hacker : TTY=pts/0 ; PWD=/home/hacker ; USER=root ; COMMAND=/bin/bash
Jan 10 10:00:00 localhost sshd[1234]: Accepted password for user user1 from 192.168.1.10 port 22 ssh2
Jan 10 10:00:00 localhost sshd[1234]: Accepted password for user user1 from 192.168.1.10 port 22 ssh2
Jan 10 10:00:00 localhost sshd[1234]: Accepted password for user user1 from 192.168.1.10 port 22 ssh2
Jan 10 10:02:00 localhost sudo:  hacker : TTY=pts/0 ; PWD=/home/hacker ; USER=root ; COMMAND=/bin/bash
Jan 10 10:00:00 localhost sshd[1234]: Accepted password for user user1 from 192.168.1.10 port 22 ssh2
Jan 10 10:00:00 localhost sshd[1234]: Accepted password for user user1 from 192.168.1.10 port 22 ssh2
Jan 10 10:01:00 localhost sshd[1234]: Failed password for user root from 10.0.0.5 port 22 ssh2
Jan 10 10:00:00 localhost sshd[1234]: Accepted password for user user1 from 192.168.1.10 port 22 ssh2
Jan 10 10:01:00 localhost sshd[1234]: Failed password for user root from 10.0.0.5 port 22 ssh2
Jan 10 10:00:00 localhost sshd[1234]: Accepted password for user user1 from 192.168.1.10 port 22 ssh2
Jan 10 10:00:00 localhost sshd[1234]: Accepted password for user user1 from 192.168.1.10 port 22 ssh2
Jan 10 10:00:00 localhost sshd[1234]: Accepted password for user user1 from 192.168.1.10 port 22 ssh2
Jan 10 10:00:00 localhost sshd[1234]: Accepted password for user user1 from 192.168.1.10 port 22 ssh2
Jan 10 10:00:00 localhost sshd[1234]: Accepted password for user user1 from 192.168.1.10 port 22 ssh2
Jan 10 10:00:00 localhost sshd[1234]: Accepted password for user user1 from 192.168.1.10 port 22 ssh2
Jan 10 10:00:00 localhost sshd[1234]: Accepted password for user user1 from 192.168.1.10 port 22 ssh2
Jan 10 10:03:00 localhost app[999]: Query: SELECT * FROM users WHERE id=1 OR 1=1
Jan 10 10:00:00 localhost sshd[1234]: Accepted password for user user1 from 192.168.1.10 port 22 ssh2
Jan 10 10:00:00 localhost sshd[1234]: Accepted password for user user1 from 192.168.1.10 port 22 ssh2
Jan 10 10:03:00 localhost app[999]: Query: SELECT * FROM users WHERE id=1 OR 1=1
Jan 10 10:00:00 localhost sshd[1234]: Accepted password for user user1 from 192.168.1.10 port 22 ssh2
Jan 10 10:00:00 localhost sshd[1234]: Accepted password for user user1 from 192.168.1.10 port 22 ssh2
Jan 10 10:01:00 localhost sshd[1234]: Failed password for user root from 10.0.0.5 port 22 ssh2
Jan 10 10:00:00 localhost sshd[1234]: Accepted password for user user1 from 192.168.1.10 port 22 ssh2
Jan 10 10:00:00 localhost sshd[1234]: Accepted password for user user1 from 192.168.1.10 port 22 ssh2
Jan 10 10:00:00 localhost sshd[1234]: Accepted password for user user1 from 192.168.1.10 port 22 ssh2
Jan 10 10:01:00 localhost sshd[1234]: Failed password for user root from 10.0.0.5 port 22 ssh2
Jan 10 10:00:00 localhost sshd[1234]: Accepted password for user user1 from 192.168.1.10 port 22 ssh2
Jan 10 10:00:00 localhost sshd[1234]: Accepted password for user user1 from 192.168.1.10 port 22 ssh2
Jan 10 10:00:00 localhost sshd[1234]: Accepted password for user user1 from 192.168.1.10 port 22 ssh2
Jan 10 10:00:00 localhost sshd[1234]: Accepted password for user user1 from 192.168.1.10 port 22 ssh2
Jan 10 10:03:00 localhost app[999]: Query: SELECT * FROM users WHERE id=1 OR 1=1
Jan 10 10:00:00 localhost sshd[1234]: Accepted password for user user1 from 192.168.1.10 port 22 ssh2
Jan 10 10:00:00 localhost sshd[1234]: Accepted password for user user1 from 192.168.1.10 port 22 ssh2
Jan 10 10:02:00 localhost sudo:  hacker : TTY=pts/0 ; PWD=/home/hacker ; USER=root ; COMMAND=/bin/bash
Jan 10 10:00:00 localhost sshd[1234]: Accepted password for user user1 from 192.168.1.10 port 22 ssh2
Jan 10 10:00:00 localhost sshd[1234]: Accepted password for user user1 from 192.168.1.10 port 22 ssh2
Jan 10 10:00:00 localhost sshd[1234]: Accepted password for user user1 from 192.168.1.10 port 22 ssh2
Jan 10 10:00:00 localhost sshd[1234]: Accepted password for user user1 from 192.168.1.10 port 22 ssh2
Jan 10 10:00:00 localhost sshd[1234]: Accepted password for user user1 from 192.168.1.10 port 22 ssh2
Jan 10 10:00:00 localhost sshd[1234]: Accepted password for user user1 from 192.168.1.10 port 22 ssh2
Jan 10 10:00:00 localhost sshd[1234]: Accepted password for user user1 from 192.168.1.10 port 22 ssh2
Jan 10 10:01:00 localhost sshd[1234]: Failed password for user root from 10.0.0.5 port 22 ssh2
Jan 10 10:00:00 localhost sshd[1234]: Accepted password for user user1 from 192.168.1.10 port 22 ssh2
Jan 10 10:00:00 localhost sshd[1234]: Accepted password for user user1 from 192.168.1.10 port 22 ssh2
Jan 10 10:00:00 localhost sshd[1234]: Accepted password for user user1 from 192.168.1.10 port 22 ssh2
Jan 10 10:00:00 localhost sshd[1234]: Accepted password for user user1 from 192.168.1.10 port 22 ssh2
Jan 10 10:01:00 localhost sshd[1234]: Failed password for user root from 10.0.0.5 port 22 ssh2
Jan 10 10:00:00 localhost sshd[1234]: Accepted password for user user1 from 192.168.1.10 port 22 ssh2
Jan 10 10:00:00 localhost sshd[1234]: Accepted password for user user1 from 192.168.1.10 port 22 ssh2
Jan 10 10:00:00 localhost sshd[1234]: Accepted password for user user1 from 192.168.1.10 port 22 ssh2
Jan 10 10:00:00 localhost sshd[1234]: Accepted password for user user1 from 192.168.1.10 port 22 ssh2
Jan 10 10:02:00 localhost sudo:  hacker : TTY=pts/0 ; PWD=/home/hacker ; USER=root ; COMMAND=/bin/bash
Jan 10 10:00:00 localhost sshd[1234]: Accepted password for user user1 from 192.168.1.10 port 22 ssh2
Jan 10 10:00:00 localhost sshd[1234]: Accepted password for user user1 from 192.168.1.10 port 22 ssh2
Jan 10 10:00:00 localhost sshd[1234]: Accepted password for user user1 from 192.168.1.10 port 22 ssh2
Jan 10 10:00:00 localhost sshd[1234]: Accepted password for user user1 from 192.168.1.10 port 22 ssh2
Jan 10 10:00:00 localhost sshd[1234]: Accepted password for user user1 from 192.168.1.10 port 22 ssh2
Jan 10 10:00:00 localhost sshd[1234]: Accepted password for user user1 from 192.168.1.10 port 22 ssh2
Jan 10 10:00:00 localhost sshd[1234]: Accepted password for user user1 from 192.168.1.10 port 22 ssh2
Jan 10 10:00:00 localhost sshd[1234]: Accepted password for user user1 from 192.168.1.10 port 22 ssh2
Jan 10 10:00:00 localhost sshd[1234]: Accepted password for user user1 from 192.168.1.10 port 22 ssh2
Jan 10 10:00:00 localhost sshd[1234]: Accepted password for user user1 from 192.168.1.10 port 22 ssh2
Jan 10 10:00:00 localhost sshd[1234]: Accepted password for user user1 from 192.168.1.10 port 22 ssh2
Jan 10 10:00:00 localhost sshd[1234]: Accepted password for user user1 from 192.168.1.10 port 22 ssh2
Jan 10 10:00:00 localhost sshd[1234]: Accepted password for user user1 from 192.168.1.10 port 22 ssh2
Jan 10 10:03:00 localhost app[999]: Query: SELECT * FROM users WHERE id=1 OR 1=1
Jan 10 10:00:00 localhost sshd[1234]: Accepted password for user user1 from 192.168.1.10 port 22 ssh2
Jan 10 10:00:00 localhost sshd[1234]: Accepted password for user user1 from 192.168.1.10 port 22 ssh2
Jan 10 10:00:00 localhost sshd[1234]: Accepted password for user user1 from 192.168.1.10 port 22 ssh2
Jan 10 10:00:00 localhost sshd[1234]: Accepted password for user user1 from 192.168.1.10 port 22 ssh2
Jan 10 10:00:00 localhost sshd[1234]: Accepted password for user user1 from 192.168.1.10 port 22 ssh2
Jan 10 10:03:00 localhost app[999]: Query: SELECT * FROM users WHERE id=1 OR 1=1
Jan 10 10:00:00 localhost sshd[1234]: Accepted password for user user1 from 192.168.1.10 port 22 ssh2
Jan 10 10:02:00 localhost sudo:  hacker : TTY=pts/0 ; PWD=/home/hacker ; USER=root ; COMMAND=/bin/bash
Jan 10 10:00:00 localhost sshd[1234]: Accepted password for user user1 from 192.168.1.10 port 22 ssh2
Jan 10 10:00:00 localhost sshd[1234]: Accepted password for user user1 from 192.168.1.10 port 22 ssh2
Jan 10 10:00:00 localhost sshd[1234]: Accepted password for user user1 from 192.168.1.10 port 22 ssh2
Jan 10 10:00:00 localhost sshd[1234]: Accepted password for user user1 from 192.168.1.10 port 22 ssh2
Jan 10 10:00:00 localhost sshd[1234]: Accepted password for user user1 from 192.168.1.10 port 22 ssh2
Jan 10 10:00:00 localhost sshd[1234]: Accepted password for user user1 from 192.168.1.10 port 22 ssh2
Jan 10 10:00:00 localhost sshd[1234]: Accepted password for user user1 from 192.168.1.10 port 22 ssh2
Jan 10 10:00:00 localhost sshd[1234]: Accepted password for user user1 from 192.168.1.10 port 22 ssh2
Jan 10 10:02:00 localhost sudo:  hacker : TTY=pts/0 ; PWD=/home/hacker ; USER=root ; COMMAND=/bin/bash
Jan 10 10:00:00 localhost sshd[1234]: Accepted password for user user1 from 192.168.1.10 port 22 ssh2
Jan 10 10:00:00 localhost sshd[1234]: Accepted password for user user1 from 192.168.1.10 port 22 ssh2
Jan 10 10:00:00 localhost sshd[1234]: Accepted password for user user1 from 192.168.1.10 port 22 ssh2
Jan 10 10:00:00 localhost sshd[1234]: Accepted password for user user1 from 192.168.1.10 port 22 ssh2
Jan 10 10:02:00 localhost sudo:  hacker : TTY=pts/0 ; PWD=/home/hacker ; USER=root ; COMMAND=/bin/bash
Jan 10 10:00:00 localhost sshd[1234]: Accepted password for user user1 from 192.168.1.10 port 22 ssh2
Jan 10 10:00:00 localhost sshd[1234]: Accepted password for user user1 from 192.168.1.10 port 22 ssh2
Jan 10 10:00:00 localhost sshd[1234]: Accepted password for user user1 from 192.168.1.10 port 22 ssh2
Jan 10 10:00:00 localhost sshd[1234]: Accepted password for user user1 from 192.168.1.10 port 22 ssh2
Jan 10 10:00:00 localhost sshd[1234]: Accepted password for user user1 from 192.168.1.10 port 22 ssh2
Jan 10 10:00:00 localhost sshd[1234]: Accepted password for user user1 from 192.168.1.10 port 22 ssh2
Jan 10 10:00:00 localhost sshd[1234]: Accepted password for user user1 from 192.168.1.10 port 22 ssh2
Jan 10 10:00:00 localhost sshd[1234]: Accepted password for user user1 from 192.168.1.10 port 22 ssh2
Jan 10 10:00:00 localhost sshd[1234]: Accepted password for user user1 from 192.168.1.10 port 22 ssh2
Jan 10 10:00:00 localhost sshd[1234]: Accepted password for user user1 from 192.168.1.10 port 22 ssh2
Jan 10 10:00:00 localhost sshd[1234]: Accepted password for user user1 from 192.168.1.10 port 22 ssh2
Jan 10 10:00:00 localhost sshd[1234]: Accepted password for user user1 from 192.168.1.10 port 22 ssh2
Jan 10 10:01:00 localhost sshd[1234]: Failed password for user root from 10.0.0.5 port 22 ssh2
Jan 10 10:00:00 localhost sshd[1234]: Accepted password for user user1 from 192.168.1.10 port 22 ssh2
Jan 10 10:00:00 localhost sshd[1234]: Accepted password for user user1 from 192.168.1.10 port 22 ssh2
Jan 10 10:00:00 localhost sshd[1234]: Accepted password for user user1 from 192.168.1.10 port 22 ssh2
Jan 10 10:00:00 localhost sshd[1234]: Accepted password for user user1 from 192.168.1.10 port 22 ssh2
Jan 10 10:00:00 localhost sshd[1234]: Accepted password for user user1 from 192.168.1.10 port 22 ssh2
Jan 10 10:00:00 localhost sshd[1234]: Accepted password for user user1 from 192.168.1.10 port 22 ssh2
Jan 10 10:00:00 localhost sshd[1234]: Accepted password for user user1 from 192.168.1.10 port 22 ssh2
Jan 10 10:03:00 localhost app[999]: Query: SELECT * FROM users WHERE id=1 OR 1=1
Jan 10 10:00:00 localhost sshd[1234]: Accepted password for user user1 from 192.168.1.10 port 22 ssh2
Jan 10 10:00:00 localhost sshd[1234]: Accepted password for user user1 from 192.168.1.10 port 22 ssh2
Jan 10 10:00:00 localhost sshd[1234]: Accepted password for user user1 from 192.168.1.10 port 22 ssh2
Jan 10 10:00:00 localhost sshd[1234]: Accepted password for user user1 from 192.168.1.10 port 22 ssh2
Jan 10 10:03:00 localhost app[999]: Query: SELECT * FROM users WHERE id=1 OR 1=1
Jan 10 10:00:00 localhost sshd[1234]: Accepted password for user user1 from 192.168.1.10 port 22 ssh2
Jan 10 10:03:00 localhost app[999]: Query: SELECT * FROM users WHERE id=1 OR 1=1
Jan 10 10:00:00 localhost sshd[1234]: Accepted password for user user1 from 192.168.1.10 port 22 ssh2
Jan 10 10:00:00 localhost sshd[1234]: Accepted password for user user1 from 192.168.1.10 port 22 ssh2
Jan 10 10:00:00 localhost sshd[1234]: Accepted password for user user1 from 192.168.1.10 port 22 ssh2
Jan 10 10:00:00 localhost sshd[1234]: Accepted password for user user1 from 192.168.1.10 port 22 ssh2
Jan 10 10:02:00 localhost sudo:  hacker : TTY=pts/0 ; PWD=/home/hacker ; USER=root ; COMMAND=/bin/bash
Jan 10 10:00:00 localhost sshd[1234]: Accepted password for user user1 from 192.168.1.10 port 22 ssh2
Jan 10 10:02:00 localhost sudo:  hacker : TTY=pts/0 ; PWD=/home/hacker ; USER=root ; COMMAND=/bin/bash
Jan 10 10:00:00 localhost sshd[1234]: Accepted password for user user1 from 192.168.1.10 port 22 ssh2
Jan 10 10:00:00 localhost sshd[1234]: Accepted password for user user1 from 192.168.1.10 port 22 ssh2
Jan 10 10:00:00 localhost sshd[1234]: Accepted password for user user1 from 192.168.1.10 port 22 ssh2
Jan 10 10:01:00 localhost sshd[1234]: Failed password for user root from 10.0.0.5 port 22 ssh2
Jan 10 10:00:00 localhost sshd[1234]: Accepted password for user user1 from 192.168.1.10 port 22 ssh2
Jan 10 10:00:00 localhost sshd[1234]: Accepted password for user user1 from 192.168.1.10 port 22 ssh2
Jan 10 10:02:00 localhost sudo:  hacker : TTY=pts/0 ; PWD=/home/hacker ; USER=root ; COMMAND=/bin/bash
Jan 10 10:00:00 localhost sshd[1234]: Accepted password for user user1 from 192.168.1.10 port 22 ssh2
Jan 10 10:00:00 localhost sshd[1234]: Accepted password for user user1 from 192.168.1.10 port 22 ssh2
Jan 10 10:00:00 localhost sshd[1234]: Accepted password for user user1 from 192.168.1.10 port 22 ssh2
Jan 10 10:00:00 localhost sshd[1234]: Accepted password for user user1 from 192.168.1.10 port 22 ssh2
Jan 10 10:00:00 localhost sshd[1234]: Accepted password for user user1 from 192.168.1.10 port 22 ssh2
Jan 10 10:00:00 localhost sshd[1234]: Accepted password for user user1 from 192.168.1.10 port 22 ssh2
Jan 10 10:00:00 localhost sshd[1234]: Accepted password for user user1 from 192.168.1.10 port 22 ssh2
Jan 10 10:00:00 localhost sshd[1234]: Accepted password for user user1 from 192.168.1.10 port 22 ssh2
Jan 10 10:01:00 localhost sshd[1234]: Failed password for user root from 10.0.0.5 port 22 ssh2
Jan 10 10:00:00 localhost sshd[1234]: Accepted password for user user1 from 192.168.1.10 port 22 ssh2
Jan 10 10:03:00 localhost app[999]: Query: SELECT * FROM users WHERE id=1 OR 1=1
Jan 10 10:00:00 localhost sshd[1234]: Accepted password for user user1 from 192.168.1.10 port 22 ssh2
Jan 10 10:00:00 localhost sshd[1234]: Accepted password for user user1 from 192.168.1.10 port 22 ssh2
Jan 10 10:00:00 localhost sshd[1234]: Accepted password for user user1 from 192.168.1.10 port 22 ssh2
Jan 10 10:00:00 localhost sshd[1234]: Accepted password for user user1 from 192.168.1.10 port 22 ssh2
Jan 10 10:01:00 localhost sshd[1234]: Failed password for user root from 10.0.0.5 port 22 ssh2
Jan 10 10:00:00 localhost sshd[1234]: Accepted password for user user1 from 192.168.1.10 port 22 ssh2
Jan 10 10:01:00 localhost sshd[1234]: Failed password for user root from 10.0.0.5 port 22 ssh2
Jan 10 10:00:00 localhost sshd[1234]: Accepted password for user user1 from 192.168.1.10 port 22 ssh2
Jan 10 10:00:00 localhost sshd[1234]: Accepted password for user user1 from 192.168.1.10 port 22 ssh2
Jan 10 10:00:00 localhost sshd[1234]: Accepted password for user user1 from 192.168.1.10 port 22 ssh2
Jan 10 10:00:00 localhost sshd[1234]: Accepted password for user user1 from 192.168.1.10 port 22 ssh2
Jan 10 10:00:00 localhost sshd[1234]: Accepted password for user user1 from 192.168.1.10 port 22 ssh2
Jan 10 10:00:00 localhost sshd[1234]: Accepted password for user user1 from 192.168.1.10 port 22 ssh2
Jan 10 10:00:00 localhost sshd[1234]: Accepted password for user user1 from 192.168.1.10 port 22 ssh2
Jan 10 10:01:00 localhost sshd[1234]: Failed password for user root from 10.0.0.5 port 22 ssh2
Jan 10 10:00:00 localhost sshd[1234]: Accepted password for user user1 from 192.168.1.10 port 22 ssh2
Jan 10 10:00:00 localhost sshd[1234]: Accepted password for user user1 from 192.168.1.10 port 22 ssh2
Jan 10 10:00:00 localhost sshd[1234]: Accepted password for user user1 from 192.168.1.10 port 22 ssh2
Jan 10 10:02:00 localhost sudo:  hacker : TTY=pts/0 ; PWD=/home/hacker ; USER=root ; COMMAND=/bin/bash
Jan 10 10:00:00 localhost sshd[1234]: Accepted password for user user1 from 192.168.1.10 port 22 ssh2
Jan 10 10:01:00 localhost sshd[1234]: Failed password for user root from 10.0.0.5 port 22 ssh2
Jan 10 10:00:00 localhost sshd[1234]: Accepted password for user user1 from 192.168.1.10 port 22 ssh2
Jan 10 10:02:00 localhost sudo:  hacker : TTY=pts/0 ; PWD=/home/hacker ; USER=root ; COMMAND=/bin/bash
Jan 10 10:00:00 localhost sshd[1234]: Accepted password for user user1 from 192.168.1.10 port 22 ssh2
Jan 10 10:00:00 localhost sshd[1234]: Accepted password for user user1 from 192.168.1.10 port 22 ssh2
Jan 10 10:00:00 localhost sshd[1234]: Accepted password for user user1 from 192.168.1.10 port 22 ssh2
Jan 10 10:00:00 localhost sshd[1234]: Accepted password for user user1 from 192.168.1.10 port 22 ssh2
Jan 10 10:03:00 localhost app[999]: Query: SELECT * FROM users WHERE id=1 OR 1=1
Jan 10 10:00:00 localhost sshd[1234]: Accepted password for user user1 from 192.168.1.10 port 22 ssh2
Jan 10 10:00:00 localhost sshd[1234]: Accepted password for user user1 from 192.168.1.10 port 22 ssh2
Jan 10 10:00:00 localhost sshd[1234]: Accepted password for user user1 from 192.168.1.10 port 22 ssh2
Jan 10 10:01:00 localhost sshd[1234]: Failed password for user root from 10.0.0.5 port 22 ssh2
Jan 10 10:00:00 localhost sshd[1234]: Accepted password for user user1 from 192.168.1.10 port 22 ssh2
Jan 10 10:00:00 localhost sshd[1234]: Accepted password for user user1 from 192.168.1.10 port 22 ssh2
Jan 10 10:03:00 localhost app[999]: Query: SELECT * FROM users WHERE id=1 OR 1=1
Jan 10 10:00:00 localhost sshd[1234]: Accepted password for user user1 from 192.168.1.10 port 22 ssh2
Jan 10 10:00:00 localhost sshd[1234]: Accepted password for user user1 from 192.168.1.10 port 22 ssh2
Jan 10 10:00:00 localhost sshd[1234]: Accepted password for user user1 from 192.168.1.10 port 22 ssh2
Jan 10 10:02:00 localhost sudo:  hacker : TTY=pts/0 ; PWD=/home/hacker ; USER=root ; COMMAND=/bin/bash
Jan 10 10:00:00 localhost sshd[1234]: Accepted password for user user1 from 192.168.1.10 port 22 ssh2
Jan 10 10:00:00 localhost sshd[1234]: Accepted password for user user1 from 192.168.1.10 port 22 ssh2
Jan 10 10:00:00 localhost sshd[1234]: Accepted password for user user1 from 192.168.1.10 port 22 ssh2
Jan 10 10:00:00 localhost sshd[1234]: Accepted password for user user1 from 192.168.1.10 port 22 ssh2
Jan 10 10:00:00 localhost sshd[1234]: Accepted password for user user1 from 192.168.1.10 port 22 ssh2
Jan 10 10:00:00 localhost sshd[1234]: Accepted password for user user1 from 192.168.1.10 port 22 ssh2
Jan 10 10:02:00 localhost sudo:  hacker : TTY=pts/0 ; PWD=/home/hacker ; USER=root ; COMMAND=/bin/bash
Jan 10 10:00:00 localhost sshd[1234]: Accepted password for user user1 from 192.168.1.10 port 22 ssh2
Jan 10 10:00:00 localhost sshd[1234]: Accepted password for user user1 from 192.168.1.10 port 22 ssh2
Jan 10 10:00:00 localhost sshd[1234]: Accepted password for user user1 from 192.168.1.10 port 22 ssh2
Jan 10 10:00:00 localhost sshd[1234]: Accepted password for user user1 from 192.168.1.10 port 22 ssh2
Jan 10 10:00:00 localhost sshd[1234]: Accepted password for user user1 from 192.168.1.10 port 22 ssh2
Jan 10 10:00:00 localhost sshd[1234]: Accepted password for user user1 from 192.168.1.10 port 22 ssh2
Jan 10 10:00:00 localhost sshd[1234]: Accepted password for user user1 from 192.168.1.10 port 22 ssh2
Jan 10 10:00:00 localhost sshd[1234]: Accepted password for user user1 from 192.168.1.10 port 22 ssh2
Jan 10 10:00:00 localhost sshd[1234]: Accepted password for user user1 from 192.168.1.10 port 22 ssh2
Jan 10 10:00:00 localhost sshd[1234]: Accepted password for user user1 from 192.168.1.10 port 22 ssh2
Jan 10 10:00:00 localhost sshd[1234]: Accepted password for user user1 from 192.168.1.10 port 22 ssh2
Jan 10 10:03:00 localhost app[999]: Query: SELECT * FROM users WHERE id=1 OR 1=1
Jan 10 10:00:00 localhost sshd[1234]: Accepted password for user user1 from 192.168.1.10 port 22 ssh2
Jan 10 10:03:00 localhost app[999]: Query: SELECT * FROM users WHERE id=1 OR 1=1
Jan 10 10:00:00 localhost sshd[1234]: Accepted password for user user1 from 192.168.1.10 port 22 ssh2
Jan 10 10:00:00 localhost sshd[1234]: Accepted password for user user1 from 192.168.1.10 port 22 ssh2
Jan 10 10:00:00 localhost sshd[1234]: Accepted password for user user1 from 192.168.1.10 port 22 ssh2
Jan 10 10:00:00 localhost sshd[1234]: Accepted password for user user1 from 192.168.1.10 port 22 ssh2
Jan 10 10:00:00 localhost sshd[1234]: Accepted password for user user1 from 192.168.1.10 port 22 ssh2
Jan 10 10:00:00 localhost sshd[1234]: Accepted password for user user1 from 192.168.1.10 port 22 ssh2
Jan 10 10:00:00 localhost sshd[1234]: Accepted password for user user1 from 192.168.1.10 port 22 ssh2
Jan 10 10:00:00 localhost sshd[1234]: Accepted password for user user1 from 192.168.1.10 port 22 ssh2
Jan 10 10:00:00 localhost sshd[1234]: Accepted password for user user1 from 192.168.1.10 port 22 ssh2
Jan 10 10:00:00 localhost sshd[1234]: Accepted password for user user1 from 192.168.1.10 port 22 ssh2
Jan 10 10:03:00 localhost app[999]: Query: SELECT * FROM users WHERE id=1 OR 1=1
Jan 10 10:00:00 localhost sshd[1234]: Accepted password for user user1 from 192.168.1.10 port 22 ssh2
Jan 10 10:00:00 localhost sshd[1234]: Accepted password for user user1 from 192.168.1.10 port 22 ssh2
Jan 10 10:00:00 localhost sshd[1234]: Accepted password for user user1 from 192.168.1.10 port 22 ssh2
Jan 10 10:00:00 localhost sshd[1234]: Accepted password for user user1 from 192.168.1.10 port 22 ssh2
Jan 10 10:00:00 localhost sshd[1234]: Accepted password for user user1 from 192.168.1.10 port 22 ssh2
Jan 10 10:02:00 localhost sudo:  hacker : TTY=pts/0 ; PWD=/home/hacker ; USER=root ; COMMAND=/bin/bash
Jan 10 10:00:00 localhost sshd[1234]: Accepted password for user user1 from 192.168.1.10 port 22 ssh2
Jan 10 10:02:00 localhost sudo:  hacker : TTY=pts/0 ; PWD=/home/hacker ; USER=root ; COMMAND=/bin/bash
Jan 10 10:00:00 localhost sshd[1234]: Accepted password for user user1 from 192.168.1.10 port 22 ssh2
Jan 10 10:00:00 localhost sshd[1234]: Accepted password for user user1 from 192.168.1.10 port 22 ssh2
Jan 10 10:01:00 localhost sshd[1234]: Failed password for user root from 10.0.0.5 port 22 ssh2
Jan 10 10:00:00 localhost sshd[1234]: Accepted password for user user1 from 192.168.1.10 port 22 ssh2
Jan 10 10:00:00 localhost sshd[1234]: Accepted password for user user1 from 192.168.1.10 port 22 ssh2
Jan 10 10:00:00 localhost sshd[1234]: Accepted password for user user1 from 192.168.1.10 port 22 ssh2
Jan 10 10:00:00 localhost sshd[1234]: Accepted password for user user1 from 192.168.1.10 port 22 ssh2
Jan 10 10:01:00 localhost sshd[1234]: Failed password for user root from 10.0.0.5 port 22 ssh2
Jan 10 10:00:00 localhost sshd[1234]: Accepted password for user user1 from 192.168.1.10 port 22 ssh2
Jan 10 10:02:00 localhost sudo:  hacker : TTY=pts/0 ; PWD=/home/hacker ; USER=root ; COMMAND=/bin/bash
Jan 10 10:00:00 localhost sshd[1234]: Accepted password for user user1 from 192.168.1.10 port 22 ssh2
Jan 10 10:00:00 localhost sshd[1234]: Accepted password for user user1 from 192.168.1.10 port 22 ssh2
Jan 10 10:02:00 localhost sudo:  hacker : TTY=pts/0 ; PWD=/home/hacker ; USER=root ; COMMAND=/bin/bash
Jan 10 10:00:00 localhost sshd[1234]: Accepted password for user user1 from 192.168.1.10 port 22 ssh2
Jan 10 10:01:00 localhost sshd[1234]: Failed password for user root from 10.0.0.5 port 22 ssh2
Jan 10 10:00:00 localhost sshd[1234]: Accepted password for user user1 from 192.168.1.10 port 22 ssh2
Jan 10 10:03:00 localhost app[999]: Query: SELECT * FROM users WHERE id=1 OR 1=1
Jan 10 10:00:00 localhost sshd[1234]: Accepted password for user user1 from 192.168.1.10 port 22 ssh2
Jan 10 10:02:00 localhost sudo:  hacker : TTY=pts/0 ; PWD=/home/hacker ; USER=root ; COMMAND=/bin/bash
Jan 10 10:00:00 localhost sshd[1234]: Accepted password for user user1 from 192.168.1.10 port 22 ssh2
Jan 10 10:00:00 localhost sshd[1234]: Accepted password for user user1 from 192.168.1.10 port 22 ssh2
Jan 10 10:00:00 localhost sshd[1234]: Accepted password for user user1 from 192.168.1.10 port 22 ssh2
Jan 10 10:03:00 localhost app[999]: Query: SELECT * FROM users WHERE id=1 OR 1=1
Jan 10 10:00:00 localhost sshd[1234]: Accepted password for user user1 from 192.168.1.10 port 22 ssh2
Jan 10 10:00:00 localhost sshd[1234]: Accepted password for user user1 from 192.168.1.10 port 22 ssh2
Jan 10 10:03:00 localhost app[999]: Query: SELECT * FROM users WHERE id=1 OR 1=1
Jan 10 10:00:00 localhost sshd[1234]: Accepted password for user user1 from 192.168.1.10 port 22 ssh2
Jan 10 10:00:00 localhost sshd[1234]: Accepted password for user user1 from 192.168.1.10 port 22 ssh2
Jan 10 10:00:00 localhost sshd[1234]: Accepted password for user user1 from 192.168.1.10 port 22 ssh2
Jan 10 10:00:00 localhost sshd[1234]: Accepted password for user user1 from 192.168.1.10 port 22 ssh2
Jan 10 10:00:00 localhost sshd[1234]: Accepted password for user user1 from 192.168.1.10 port 22 ssh2
Jan 10 10:00:00 localhost sshd[1234]: Accepted password for user user1 from 192.168.1.10 port 22 ssh2
Jan 10 10:00:00 localhost sshd[1234]: Accepted password for user user1 from 192.168.1.10 port 22 ssh2
Jan 10 10:02:00 localhost sudo:  hacker : TTY=pts/0 ; PWD=/home/hacker ; USER=root ; COMMAND=/bin/bash
Jan 10 10:00:00 localhost sshd[1234]: Accepted password for user user1 from 192.168.1.10 port 22 ssh2
Jan 10 10:00:00 localhost sshd[1234]: Accepted password for user user1 from 192.168.1.10 port 22 ssh2
Jan 10 10:00:00 localhost sshd[1234]: Accepted password for user user1 from 192.168.1.10 port 22 ssh2
Jan 10 10:02:00 localhost sudo:  hacker : TTY=pts/0 ; PWD=/home/hacker ; USER=root ; COMMAND=/bin/bash
Jan 10 10:00:00 localhost sshd[1234]: Accepted password for user user1 from 192.168.1.10 port 22 ssh2
Jan 10 10:01:00 localhost sshd[1234]: Failed password for user root from 10.0.0.5 port 22 ssh2
Jan 10 10:00:00 localhost sshd[1234]: Accepted password for user user1 from 192.168.1.10 port 22 ssh2
Jan 10 10:00:00 localhost sshd[1234]: Accepted password for user user1 from 192.168.1.10 port 22 ssh2
Jan 10 10:00:00 localhost sshd[1234]: Accepted password for user user1 from 192.168.1.10 port 22 ssh2
Jan 10 10:02:00 localhost sudo:  hacker : TTY=pts/0 ; PWD=/home/hacker ; USER=root ; COMMAND=/bin/bash
Jan 10 10:00:00 localhost sshd[1234]: Accepted password for user user1 from 192.168.1.10 port 22 ssh2
Jan 10 10:00:00 localhost sshd[1234]: Accepted password for user user1 from 192.168.1.10 port 22 ssh2
Jan 10 10:01:00 localhost sshd[1234]: Failed password for user root from 10.0.0.5 port 22 ssh2
Jan 10 10:00:00 localhost sshd[1234]: Accepted password for user user1 from 192.168.1.10 port 22 ssh2
Jan 10 10:02:00 localhost sudo:  hacker : TTY=pts/0 ; PWD=/home/hacker ; USER=root ; COMMAND=/bin/bash
Jan 10 10:00:00 localhost sshd[1234]: Accepted password for user user1 from 192.168.1.10 port 22 ssh2
Jan 10 10:00:00 localhost sshd[1234]: Accepted password for user user1 from 192.168.1.10 port 22 ssh2
Jan 10 10:03:00 localhost app[999]: Query: SELECT * FROM users WHERE id=1 OR 1=1
Jan 10 10:00:00 localhost sshd[1234]: Accepted password for user user1 from 192.168.1.10 port 22 ssh2
Jan 10 10:00:00 localhost sshd[1234]: Accepted password for user user1 from 192.168.1.10 port 22 ssh2
Jan 10 10:00:00 localhost sshd[1234]: Accepted password for user user1 from 192.168.1.10 port 22 ssh2
Jan 10 10:00:00 localhost sshd[1234]: Accepted password for user user1 from 192.168.1.10 port 22 ssh2
Jan 10 10:00:00 localhost sshd[1234]: Accepted password for user user1 from 192.168.1.10 port 22 ssh2
Jan 10 10:02:00 localhost sudo:  hacker : TTY=pts/0 ; PWD=/home/hacker ; USER=root ; COMMAND=/bin/bash
Jan 10 10:00:00 localhost sshd[1234]: Accepted password for user user1 from 192.168.1.10 port 22 ssh2
Jan 10 10:00:00 localhost sshd[1234]: Accepted password for user user1 from 192.168.1.10 port 22 ssh2
Jan 10 10:00:00 localhost sshd[1234]: Accepted password for user user1 from 192.168.1.10 port 22 ssh2
Jan 10 10:00:00 localhost sshd[1234]: Accepted password for user user1 from 192.168.1.10 port 22 ssh2
Jan 10 10:00:00 localhost sshd[1234]: Accepted password for user user1 from 192.168.1.10 port 22 ssh2
Jan 10 10:00:00 localhost sshd[1234]: Accepted password for user user1 from 192.168.1.10 port 22 ssh2
Jan 10 10:00:00 localhost sshd[1234]: Accepted password for user user1 from 192.168.1.10 port 22 ssh2
Jan 10 10:00:00 localhost sshd[1234]: Accepted password for user user1 from 192.168.1.10 port 22 ssh2
Jan 10 10:00:00 localhost sshd[1234]: Accepted password for user user1 from 192.168.1.10 port 22 ssh2
Jan 10 10:00:00 localhost sshd[1234]: Accepted password for user user1 from 192.168.1.10 port 22 ssh2
Jan 10 10:00:00 localhost sshd[1234]: Accepted password for user user1 from 192.168.1.10 port 22 ssh2
Jan 10 10:00:00 localhost sshd[1234]: Accepted password for user user1 from 192.168.1.10 port 22 ssh2
Jan 10 10:00:00 localhost sshd[1234]: Accepted password for user user1 from 192.168.1.10 port 22 ssh2
Jan 10 10:00:00 localhost sshd[1234]: Accepted password for user user1 from 192.168.1.10 port 22 ssh2
Jan 10 10:00:00 localhost sshd[1234]: Accepted password for user user1 from 192.168.1.10 port 22 ssh2
Jan 10 10:01:00 localhost sshd[1234]: Failed password for user root from 10.0.0.5 port 22 ssh2
Jan 10 10:00:00 localhost sshd[1234]: Accepted password for user user1 from 192.168.1.10 port 22 ssh2
Jan 10 10:03:00 localhost app[999]: Query: SELECT * FROM users WHERE id=1 OR 1=1
Jan 10 10:00:00 localhost sshd[1234]: Accepted password for user user1 from 192.168.1.10 port 22 ssh2
Jan 10 10:03:00 localhost app[999]: Query: SELECT * FROM users WHERE id=1 OR 1=1
Jan 10 10:00:00 localhost sshd[1234]: Accepted password for user user1 from 192.168.1.10 port 22 ssh2
Jan 10 10:00:00 localhost sshd[1234]: Accepted password for user user1 from 192.168.1.10 port 22 ssh2
Jan 10 10:00:00 localhost sshd[1234]: Accepted password for user user1 from 192.168.1.10 port 22 ssh2
Jan 10 10:00:00 localhost sshd[1234]: Accepted password for user user1 from 192.168.1.10 port 22 ssh2
Jan 10 10:00:00 localhost sshd[1234]: Accepted password for user user1 from 192.168.1.10 port 22 ssh2
Jan 10 10:01:00 localhost sshd[1234]: Failed password for user root from 10.0.0.5 port 22 ssh2
Jan 10 10:00:00 localhost sshd[1234]: Accepted password for user user1 from 192.168.1.10 port 22 ssh2
Jan 10 10:00:00 localhost sshd[1234]: Accepted password for user user1 from 192.168.1.10 port 22 ssh2
Jan 10 10:00:00 localhost sshd[1234]: Accepted password for user user1 from 192.168.1.10 port 22 ssh2
Jan 10 10:03:00 localhost app[999]: Query: SELECT * FROM users WHERE id=1 OR 1=1
Jan 10 10:00:00 localhost sshd[1234]: Accepted password for user user1 from 192.168.1.10 port 22 ssh2
Jan 10 10:00:00 localhost sshd[1234]: Accepted password for user user1 from 192.168.1.10 port 22 ssh2
Jan 10 10:00:00 localhost sshd[1234]: Accepted password for user user1 from 192.168.1.10 port 22 ssh2
Jan 10 10:00:00 localhost sshd[1234]: Accepted password for user user1 from 192.168.1.10 port 22 ssh2
Jan 10 10:01:00 localhost sshd[1234]: Failed password for user root from 10.0.0.5 port 22 ssh2
Jan 10 10:00:00 localhost sshd[1234]: Accepted password for user user1 from 192.168.1.10 port 22 ssh2
Jan 10 10:00:00 localhost sshd[1234]: Accepted password for user user1 from 192.168.1.10 port 22 ssh2
Jan 10 10:00:00 localhost sshd[1234]: Accepted password for user user1 from 192.168.1.10 port 22 ssh2
Jan 10 10:00:00 localhost sshd[1234]: Accepted password for user user1 from 192.168.1.10 port 22 ssh2
Jan 10 10:00:00 localhost sshd[1234]: Accepted password for user user1 from 192.168.1.10 port 22 ssh2
Jan 10 10:00:00 localhost sshd[1234]: Accepted password for user user1 from 192.168.1.10 port 22 ssh2
Jan 10 10:03:00 localhost app[999]: Query: SELECT * FROM users WHERE id=1 OR 1=1
Jan 10 10:00:00 localhost sshd[1234]: Accepted password for user user1 from 192.168.1.10 port 22 ssh2
Jan 10 10:01:00 localhost sshd[1234]: Failed password for user root from 10.0.0.5 port 22 ssh2
Jan 10 10:00:00 localhost sshd[1234]: Accepted password for user user1 from 192.168.1.10 port 22 ssh2
Jan 10 10:00:00 localhost sshd[1234]: Accepted password for user user1 from 192.168.1.10 port 22 ssh2
Jan 10 10:03:00 localhost app[999]: Query: SELECT * FROM users WHERE id=1 OR 1=1
Jan 10 10:00:00 localhost sshd[1234]: Accepted password for user user1 from 192.168.1.10 port 22 ssh2
Jan 10 10:00:00 localhost sshd[1234]: Accepted password for user user1 from 192.168.1.10 port 22 ssh2
Jan 10 10:00:00 localhost sshd[1234]: Accepted password for user user1 from 192.168.1.10 port 22 ssh2
Jan 10 10:00:00 localhost sshd[1234]: Accepted password for user user1 from 192.168.1.10 port 22 ssh2
Jan 10 10:00:00 localhost sshd[1234]: Accepted password for user user1 from 192.168.1.10 port 22 ssh2
Jan 10 10:03:00 localhost app[999]: Query: SELECT * FROM users WHERE id=1 OR 1=1
Jan 10 10:00:00 localhost sshd[1234]: Accepted password for user user1 from 192.168.1.10 port 22 ssh2
Jan 10 10:01:00 localhost sshd[1234]: Failed password for user root from 10.0.0.5 port 22 ssh2
Jan 10 10:00:00 localhost sshd[1234]: Accepted password for user user1 from 192.168.1.10 port 22 ssh2
Jan 10 10:00:00 localhost sshd[1234]: Accepted password for user user1 from 192.168.1.10 port 22 ssh2
Jan 10 10:00:00 localhost sshd[1234]: Accepted password for user user1 from 192.168.1.10 port 22 ssh2
Jan 10 10:00:00 localhost sshd[1234]: Accepted password for user user1 from 192.168.1.10 port 22 ssh2
Jan 10 10:00:00 localhost sshd[1234]: Accepted password for user user1 from 192.168.1.10 port 22 ssh2
Jan 10 10:00:00 localhost sshd[1234]: Accepted password for user user1 from 192.168.1.10 port 22 ssh2
Jan 10 10:00:00 localhost sshd[1234]: Accepted password for user user1 from 192.168.1.10 port 22 ssh2
Jan 10 10:00:00 localhost sshd[1234]: Accepted password for user user1 from 192.168.1.10 port 22 ssh2
Jan 10 10:00:00 localhost sshd[1234]: Accepted password for user user1 from 192.168.1.10 port 22 ssh2
Jan 10 10:00:00 localhost sshd[1234]: Accepted password for user user1 from 192.168.1.10 port 22 ssh2
Jan 10 10:00:00 localhost sshd[1234]: Accepted password for user user1 from 192.168.1.10 port 22 ssh2
Jan 10 10:00:00 localhost sshd[1234]: Accepted password for user user1 from 192.168.1.10 port 22 ssh2
Jan 10 10:00:00 localhost sshd[1234]: Accepted password for user user1 from 192.168.1.10 port 22 ssh2
Jan 10 10:00:00 localhost sshd[1234]: Accepted password for user user1 from 192.168.1.10 port 22 ssh2
Jan 10 10:00:00 localhost sshd[1234]: Accepted password for user user1 from 192.168.1.10 port 22 ssh2
Jan 10 10:03:00 localhost app[999]: Query: SELECT * FROM users WHERE id=1 OR 1=1
Jan 10 10:00:00 localhost sshd[1234]: Accepted password for user user1 from 192.168.1.10 port 22 ssh2
Jan 10 10:02:00 localhost sudo:  hacker : TTY=pts/0 ; PWD=/home/hacker ; USER=root ; COMMAND=/bin/bash
Jan 10 10:00:00 localhost sshd[1234]: Accepted password for user user1 from 192.168.1.10 port 22 ssh2
Jan 10 10:00:00 localhost sshd[1234]: Accepted password for user user1 from 192.168.1.10 port 22 ssh2
Jan 10 10:00:00 localhost sshd[1234]: Accepted password for user user1 from 192.168.1.10 port 22 ssh2
Jan 10 10:00:00 localhost sshd[1234]: Accepted password for user user1 from 192.168.1.10 port 22 ssh2
Jan 10 10:00:00 localhost sshd[1234]: Accepted password for user user1 from 192.168.1.10 port 22 ssh2
Jan 10 10:00:00 localhost sshd[1234]: Accepted password for user user1 from 192.168.1.10 port 22 ssh2
Jan 10 10:03:00 localhost app[999]: Query: SELECT * FROM users WHERE id=1 OR 1=1
Jan 10 10:00:00 localhost sshd[1234]: Accepted password for user user1 from 192.168.1.10 port 22 ssh2
Jan 10 10:00:00 localhost sshd[1234]: Accepted password for user user1 from 192.168.1.10 port 22 ssh2
Jan 10 10:02:00 localhost sudo:  hacker : TTY=pts/0 ; PWD=/home/hacker ; USER=root ; COMMAND=/bin/bash
Jan 10 10:00:00 localhost sshd[1234]: Accepted password for user user1 from 192.168.1.10 port 22 ssh2
Jan 10 10:00:00 localhost sshd[1234]: Accepted password for user user1 from 192.168.1.10 port 22 ssh2
Jan 10 10:00:00 localhost sshd[1234]: Accepted password for user user1 from 192.168.1.10 port 22 ssh2
Jan 10 10:03:00 localhost app[999]: Query: SELECT * FROM users WHERE id=1 OR 1=1
Jan 10 10:00:00 localhost sshd[1234]: Accepted password for user user1 from 192.168.1.10 port 22 ssh2
Jan 10 10:00:00 localhost sshd[1234]: Accepted password for user user1 from 192.168.1.10 port 22 ssh2
Jan 10 10:01:00 localhost sshd[1234]: Failed password for user root from 10.0.0.5 port 22 ssh2
Jan 10 10:00:00 localhost sshd[1234]: Accepted password for user user1 from 192.168.1.10 port 22 ssh2
Jan 10 10:00:00 localhost sshd[1234]: Accepted password for user user1 from 192.168.1.10 port 22 ssh2
Jan 10 10:01:00 localhost sshd[1234]: Failed password for user root from 10.0.0.5 port 22 ssh2
Jan 10 10:00:00 localhost sshd[1234]: Accepted password for user user1 from 192.168.1.10 port 22 ssh2
Jan 10 10:00:00 localhost sshd[1234]: Accepted password for user user1 from 192.168.1.10 port 22 ssh2
Jan 10 10:00:00 localhost sshd[1234]: Accepted password for user user1 from 192.168.1.10 port 22 ssh2
Jan 10 10:00:00 localhost sshd[1234]: Accepted password for user user1 from 192.168.1.10 port 22 ssh2
Jan 10 10:00:00 localhost sshd[1234]: Accepted password for user user1 from 192.168.1.10 port 22 ssh2
Jan 10 10:00:00 localhost sshd[1234]: Accepted password for user user1 from 192.168.1.10 port 22 ssh2
Jan 10 10:00:00 localhost sshd[1234]: Accepted password for user user1 from 192.168.1.10 port 22 ssh2
Jan 10 10:00:00 localhost sshd[1234]: Accepted password for user user1 from 192.168.1.10 port 22 ssh2
Jan 10 10:00:00 localhost sshd[1234]: Accepted password for user user1 from 192.168.1.10 port 22 ssh2
Jan 10 10:00:00 localhost sshd[1234]: Accepted password for user user1 from 192.168.1.10 port 22 ssh2
Jan 10 10:03:00 localhost app[999]: Query: SELECT * FROM users WHERE id=1 OR 1=1
Jan 10 10:00:00 localhost sshd[1234]: Accepted password for user user1 from 192.168.1.10 port 22 ssh2
Jan 10 10:00:00 localhost sshd[1234]: Accepted password for user user1 from 192.168.1.10 port 22 ssh2
Jan 10 10:03:00 localhost app[999]: Query: SELECT * FROM users WHERE id=1 OR 1=1
Jan 10 10:00:00 localhost sshd[1234]: Accepted password for user user1 from 192.168.1.10 port 22 ssh2
Jan 10 10:00:00 localhost sshd[1234]: Accepted password for user user1 from 192.168.1.10 port 22 ssh2
Jan 10 10:02:00 localhost sudo:  hacker : TTY=pts/0 ; PWD=/home/hacker ; USER=root ; COMMAND=/bin/bash
Jan 10 10:00:00 localhost sshd[1234]: Accepted password for user user1 from 192.168.1.10 port 22 ssh2
Jan 10 10:00:00 localhost sshd[1234]: Accepted password for user user1 from 192.168.1.10 port 22 ssh2
Jan 10 10:00:00 localhost sshd[1234]: Accepted password for user user1 from 192.168.1.10 port 22 ssh2
Jan 10 10:00:00 localhost sshd[1234]: Accepted password for user user1 from 192.168.1.10 port 22 ssh2
Jan 10 10:00:00 localhost sshd[1234]: Accepted password for user user1 from 192.168.1.10 port 22 ssh2
Jan 10 10:00:00 localhost sshd[1234]: Accepted password for user user1 from 192.168.1.10 port 22 ssh2
Jan 10 10:00:00 localhost sshd[1234]: Accepted password for user user1 from 192.168.1.10 port 22 ssh2
Jan 10 10:00:00 localhost sshd[1234]: Accepted password for user user1 from 192.168.1.10 port 22 ssh2
Jan 10 10:00:00 localhost sshd[1234]: Accepted password for user user1 from 192.168.1.10 port 22 ssh2
Jan 10 10:00:00 localhost sshd[1234]: Accepted password for user user1 from 192.168.1.10 port 22 ssh2
Jan 10 10:00:00 localhost sshd[1234]: Accepted password for user user1 from 192.168.1.10 port 22 ssh2
Jan 10 10:00:00 localhost sshd[1234]: Accepted password for user user1 from 192.168.1.10 port 22 ssh2
Jan 10 10:00:00 localhost sshd[1234]: Accepted password for user user1 from 192.168.1.10 port 22 ssh2
Jan 10 10:00:00 localhost sshd[1234]: Accepted password for user user1 from 192.168.1.10 port 22 ssh2
Jan 10 10:03:00 localhost app[999]: Query: SELECT * FROM users WHERE id=1 OR 1=1
Jan 10 10:00:00 localhost sshd[1234]: Accepted password for user user1 from 192.168.1.10 port 22 ssh2
Jan 10 10:01:00 localhost sshd[1234]: Failed password for user root from 10.0.0.5 port 22 ssh2
Jan 10 10:00:00 localhost sshd[1234]: Accepted password for user user1 from 192.168.1.10 port 22 ssh2
Jan 10 10:02:00 localhost sudo:  hacker : TTY=pts/0 ; PWD=/home/hacker ; USER=root ; COMMAND=/bin/bash
Jan 10 10:00:00 localhost sshd[1234]: Accepted password for user user1 from 192.168.1.10 port 22 ssh2
Jan 10 10:01:00 localhost sshd[1234]: Failed password for user root from 10.0.0.5 port 22 ssh2
Jan 10 10:00:00 localhost sshd[1234]: Accepted password for user user1 from 192.168.1.10 port 22 ssh2
Jan 10 10:00:00 localhost sshd[1234]: Accepted password for user user1 from 192.168.1.10 port 22 ssh2
Jan 10 10:00:00 localhost sshd[1234]: Accepted password for user user1 from 192.168.1.10 port 22 ssh2
Jan 10 10:00:00 localhost sshd[1234]: Accepted password for user user1 from 192.168.1.10 port 22 ssh2
Jan 10 10:00:00 localhost sshd[1234]: Accepted password for user user1 from 192.168.1.10 port 22 ssh2
Jan 10 10:00:00 localhost sshd[1234]: Accepted password for user user1 from 192.168.1.10 port 22 ssh2
Jan 10 10:00:00 localhost sshd[1234]: Accepted password for user user1 from 192.168.1.10 port 22 ssh2
Jan 10 10:00:00 localhost sshd[1234]: Accepted password for user user1 from 192.168.1.10 port 22 ssh2
Jan 10 10:00:00 localhost sshd[1234]: Accepted password for user user1 from 192.168.1.10 port 22 ssh2
Jan 10 10:03:00 localhost app[999]: Query: SELECT * FROM users WHERE id=1 OR 1=1
Jan 10 10:00:00 localhost sshd[1234]: Accepted password for user user1 from 192.168.1.10 port 22 ssh2
Jan 10 10:00:00 localhost sshd[1234]: Accepted password for user user1 from 192.168.1.10 port 22 ssh2
Jan 10 10:00:00 localhost sshd[1234]: Accepted password for user user1 from 192.168.1.10 port 22 ssh2
Jan 10 10:00:00 localhost sshd[1234]: Accepted password for user user1 from 192.168.1.10 port 22 ssh2
Jan 10 10:00:00 localhost sshd[1234]: Accepted password for user user1 from 192.168.1.10 port 22 ssh2
Jan 10 10:02:00 localhost sudo:  hacker : TTY=pts/0 ; PWD=/home/hacker ; USER=root ; COMMAND=/bin/bash
Jan 10 10:00:00 localhost sshd[1234]: Accepted password for user user1 from 192.168.1.10 port 22 ssh2
Jan 10 10:00:00 localhost sshd[1234]: Accepted password for user user1 from 192.168.1.10 port 22 ssh2
Jan 10 10:00:00 localhost sshd[1234]: Accepted password for user user1 from 192.168.1.10 port 22 ssh2
Jan 10 10:00:00 localhost sshd[1234]: Accepted password for user user1 from 192.168.1.10 port 22 ssh2
Jan 10 10:00:00 localhost sshd[1234]: Accepted password for user user1 from 192.168.1.10 port 22 ssh2
Jan 10 10:00:00 localhost sshd[1234]: Accepted password for user user1 from 192.168.1.10 port 22 ssh2
Jan 10 10:00:00 localhost sshd[1234]: Accepted password for user user1 from 192.168.1.10 port 22 ssh2
Jan 10 10:00:00 localhost sshd[1234]: Accepted password for user user1 from 192.168.1.10 port 22 ssh2
Jan 10 10:00:00 localhost sshd[1234]: Accepted password for user user1 from 192.168.1.10 port 22 ssh2
Jan 10 10:02:00 localhost sudo:  hacker : TTY=pts/0 ; PWD=/home/hacker ; USER=root ; COMMAND=/bin/bash
Jan 10 10:00:00 localhost sshd[1234]: Accepted password for user user1 from 192.168.1.10 port 22 ssh2
Jan 10 10:00:00 localhost sshd[1234]: Accepted password for user user1 from 192.168.1.10 port 22 ssh2
Jan 10 10:00:00 localhost sshd[1234]: Accepted password for user user1 from 192.168.1.10 port 22 ssh2
Jan 10 10:01:00 localhost sshd[1234]: Failed password for user root from 10.0.0.5 port 22 ssh2
Jan 10 10:00:00 localhost sshd[1234]: Accepted password for user user1 from 192.168.1.10 port 22 ssh2
Jan 10 10:00:00 localhost sshd[1234]: Accepted password for user user1 from 192.168.1.10 port 22 ssh2
Jan 10 10:00:00 localhost sshd[1234]: Accepted password for user user1 from 192.168.1.10 port 22 ssh2
Jan 10 10:00:00 localhost sshd[1234]: Accepted password for user user1 from 192.168.1.10 port 22 ssh2
Jan 10 10:00:00 localhost sshd[1234]: Accepted password for user user1 from 192.168.1.10 port 22 ssh2
Jan 10 10:03:00 localhost app[999]: Query: SELECT * FROM users WHERE id=1 OR 1=1
Jan 10 10:00:00 localhost sshd[1234]: Accepted password for user user1 from 192.168.1.10 port 22 ssh2
Jan 10 10:03:00 localhost app[999]: Query: SELECT * FROM users WHERE id=1 OR 1=1
Jan 10 10:00:00 localhost sshd[1234]: Accepted password for user user1 from 192.168.1.10 port 22 ssh2
Jan 10 10:00:00 localhost sshd[1234]: Accepted password for user user1 from 192.168.1.10 port 22 ssh2
Jan 10 10:00:00 localhost sshd[1234]: Accepted password for user user1 from 192.168.1.10 port 22 ssh2
Jan 10 10:00:00 localhost sshd[1234]: Accepted password for user user1 from 192.168.1.10 port 22 ssh2
Jan 10 10:03:00 localhost app[999]: Query: SELECT * FROM users WHERE id=1 OR 1=1
Jan 10 10:00:00 localhost sshd[1234]: Accepted password for user user1 from 192.168.1.10 port 22 ssh2
Jan 10 10:00:00 localhost sshd[1234]: Accepted password for user user1 from 192.168.1.10 port 22 ssh2
Jan 10 10:00:00 localhost sshd[1234]: Accepted password for user user1 from 192.168.1.10 port 22 ssh2
Jan 10 10:03:00 localhost app[999]: Query: SELECT * FROM users WHERE id=1 OR 1=1
Jan 10 10:00:00 localhost sshd[1234]: Accepted password for user user1 from 192.168.1.10 port 22 ssh2
Jan 10 10:00:00 localhost sshd[1234]: Accepted password for user user1 from 192.168.1.10 port 22 ssh2
Jan 10 10:01:00 localhost sshd[1234]: Failed password for user root from 10.0.0.5 port 22 ssh2
Jan 10 10:00:00 localhost sshd[1234]: Accepted password for user user1 from 192.168.1.10 port 22 ssh2
Jan 10 10:00:00 localhost sshd[1234]: Accepted password for user user1 from 192.168.1.10 port 22 ssh2
Jan 10 10:03:00 localhost app[999]: Query: SELECT * FROM users WHERE id=1 OR 1=1
Jan 10 10:00:00 localhost sshd[1234]: Accepted password for user user1 from 192.168.1.10 port 22 ssh2
Jan 10 10:03:00 localhost app[999]: Query: SELECT * FROM users WHERE id=1 OR 1=1
Jan 10 10:00:00 localhost sshd[1234]: Accepted password for user user1 from 192.168.1.10 port 22 ssh2
Jan 10 10:03:00 localhost app[999]: Query: SELECT * FROM users WHERE id=1 OR 1=1
Jan 10 10:00:00 localhost sshd[1234]: Accepted password for user user1 from 192.168.1.10 port 22 ssh2
Jan 10 10:01:00 localhost sshd[1234]: Failed password for user root from 10.0.0.5 port 22 ssh2
Jan 10 10:00:00 localhost sshd[1234]: Accepted password for user user1 from 192.168.1.10 port 22 ssh2
Jan 10 10:00:00 localhost sshd[1234]: Accepted password for user user1 from 192.168.1.10 port 22 ssh2
Jan 10 10:00:00 localhost sshd[1234]: Accepted password for user user1 from 192.168.1.10 port 22 ssh2
Jan 10 10:00:00 localhost sshd[1234]: Accepted password for user user1 from 192.168.1.10 port 22 ssh2
Jan 10 10:02:00 localhost sudo:  hacker : TTY=pts/0 ; PWD=/home/hacker ; USER=root ; COMMAND=/bin/bash
Jan 10 10:00:00 localhost sshd[1234]: Accepted password for user user1 from 192.168.1.10 port 22 ssh2
Jan 10 10:00:00 localhost sshd[1234]: Accepted password for user user1 from 192.168.1.10 port 22 ssh2
Jan 10 10:00:00 localhost sshd[1234]: Accepted password for user user1 from 192.168.1.10 port 22 ssh2
Jan 10 10:00:00 localhost sshd[1234]: Accepted password for user user1 from 192.168.1.10 port 22 ssh2
Jan 10 10:02:00 localhost sudo:  hacker : TTY=pts/0 ; PWD=/home/hacker ; USER=root ; COMMAND=/bin/bash
Jan 10 10:00:00 localhost sshd[1234]: Accepted password for user user1 from 192.168.1.10 port 22 ssh2
Jan 10 10:01:00 localhost sshd[1234]: Failed password for user root from 10.0.0.5 port 22 ssh2
Jan 10 10:00:00 localhost sshd[1234]: Accepted password for user user1 from 192.168.1.10 port 22 ssh2
Jan 10 10:00:00 localhost sshd[1234]: Accepted password for user user1 from 192.168.1.10 port 22 ssh2
Jan 10 10:00:00 localhost sshd[1234]: Accepted password for user user1 from 192.168.1.10 port 22 ssh2
Jan 10 10:02:00 localhost sudo:  hacker : TTY=pts/0 ; PWD=/home/hacker ; USER=root ; COMMAND=/bin/bash
Jan 10 10:00:00 localhost sshd[1234]: Accepted password for user user1 from 192.168.1.10 port 22 ssh2
Jan 10 10:00:00 localhost sshd[1234]: Accepted password for user user1 from 192.168.1.10 port 22 ssh2
Jan 10 10:01:00 localhost sshd[1234]: Failed password for user root from 10.0.0.5 port 22 ssh2
Jan 10 10:00:00 localhost sshd[1234]: Accepted password for user user1 from 192.168.1.10 port 22 ssh2
Jan 10 10:00:00 localhost sshd[1234]: Accepted password for user user1 from 192.168.1.10 port 22 ssh2
Jan 10 10:00:00 localhost sshd[1234]: Accepted password for user user1 from 192.168.1.10 port 22 ssh2
Jan 10 10:00:00 localhost sshd[1234]: Accepted password for user user1 from 192.168.1.10 port 22 ssh2
Jan 10 10:00:00 localhost sshd[1234]: Accepted password for user user1 from 192.168.1.10 port 22 ssh2
Jan 10 10:00:00 localhost sshd[1234]: Accepted password for user user1 from 192.168.1.10 port 22 ssh2
Jan 10 10:02:00 localhost sudo:  hacker : TTY=pts/0 ; PWD=/home/hacker ; USER=root ; COMMAND=/bin/bash
Jan 10 10:00:00 localhost sshd[1234]: Accepted password for user user1 from 192.168.1.10 port 22 ssh2
Jan 10 10:00:00 localhost sshd[1234]: Accepted password for user user1 from 192.168.1.10 port 22 ssh2
Jan 10 10:00:00 localhost sshd[1234]: Accepted password for user user1 from 192.168.1.10 port 22 ssh2
Jan 10 10:00:00 localhost sshd[1234]: Accepted password for user user1 from 192.168.1.10 port 22 ssh2
Jan 10 10:01:00 localhost sshd[1234]: Failed password for user root from 10.0.0.5 port 22 ssh2
Jan 10 10:00:00 localhost sshd[1234]: Accepted password for user user1 from 192.168.1.10 port 22 ssh2
Jan 10 10:00:00 localhost sshd[1234]: Accepted password for user user1 from 192.168.1.10 port 22 ssh2
Jan 10 10:01:00 localhost sshd[1234]: Failed password for user root from 10.0.0.5 port 22 ssh2
Jan 10 10:00:00 localhost sshd[1234]: Accepted password for user user1 from 192.168.1.10 port 22 ssh2
Jan 10 10:00:00 localhost sshd[1234]: Accepted password for user user1 from 192.168.1.10 port 22 ssh2
Jan 10 10:00:00 localhost sshd[1234]: Accepted password for user user1 from 192.168.1.10 port 22 ssh2
Jan 10 10:00:00 localhost sshd[1234]: Accepted password for user user1 from 192.168.1.10 port 22 ssh2
Jan 10 10:00:00 localhost sshd[1234]: Accepted password for user user1 from 192.168.1.10 port 22 ssh2
Jan 10 10:00:00 localhost sshd[1234]: Accepted password for user user1 from 192.168.1.10 port 22 ssh2
Jan 10 10:00:00 localhost sshd[1234]: Accepted password for user user1 from 192.168.1.10 port 22 ssh2
Jan 10 10:03:00 localhost app[999]: Query: SELECT * FROM users WHERE id=1 OR 1=1
Jan 10 10:00:00 localhost sshd[1234]: Accepted password for user user1 from 192.168.1.10 port 22 ssh2
Jan 10 10:02:00 localhost sudo:  hacker : TTY=pts/0 ; PWD=/home/hacker ; USER=root ; COMMAND=/bin/bash
Jan 10 10:00:00 localhost sshd[1234]: Accepted password for user user1 from 192.168.1.10 port 22 ssh2
Jan 10 10:00:00 localhost sshd[1234]: Accepted password for user user1 from 192.168.1.10 port 22 ssh2
Jan 10 10:03:00 localhost app[999]: Query: SELECT * FROM users WHERE id=1 OR 1=1
Jan 10 10:00:00 localhost sshd[1234]: Accepted password for user user1 from 192.168.1.10 port 22 ssh2
Jan 10 10:00:00 localhost sshd[1234]: Accepted password for user user1 from 192.168.1.10 port 22 ssh2
Jan 10 10:00:00 localhost sshd[1234]: Accepted password for user user1 from 192.168.1.10 port 22 ssh2
Jan 10 10:03:00 localhost app[999]: Query: SELECT * FROM users WHERE id=1 OR 1=1
Jan 10 10:00:00 localhost sshd[1234]: Accepted password for user user1 from 192.168.1.10 port 22 ssh2
Jan 10 10:00:00 localhost sshd[1234]: Accepted password for user user1 from 192.168.1.10 port 22 ssh2
Jan 10 10:00:00 localhost sshd[1234]: Accepted password for user user1 from 192.168.1.10 port 22 ssh2
Jan 10 10:00:00 localhost sshd[1234]: Accepted password for user user1 from 192.168.1.10 port 22 ssh2
Jan 10 10:00:00 localhost sshd[1234]: Accepted password for user user1 from 192.168.1.10 port 22 ssh2
Jan 10 10:00:00 localhost sshd[1234]: Accepted password for user user1 from 192.168.1.10 port 22 ssh2
Jan 10 10:01:00 localhost sshd[1234]: Failed password for user root from 10.0.0.5 port 22 ssh2
Jan 10 10:00:00 localhost sshd[1234]: Accepted password for user user1 from 192.168.1.10 port 22 ssh2
Jan 10 10:00:00 localhost sshd[1234]: Accepted password for user user1 from 192.168.1.10 port 22 ssh2
Jan 10 10:01:00 localhost sshd[1234]: Failed password for user root from 10.0.0.5 port 22 ssh2
Jan 10 10:00:00 localhost sshd[1234]: Accepted password for user user1 from 192.168.1.10 port 22 ssh2
Jan 10 10:00:00 localhost sshd[1234]: Accepted password for user user1 from 192.168.1.10 port 22 ssh2
Jan 10 10:00:00 localhost sshd[1234]: Accepted password for user user1 from 192.168.1.10 port 22 ssh2
Jan 10 10:00:00 localhost sshd[1234]: Accepted password for user user1 from 192.168.1.10 port 22 ssh2
Jan 10 10:03:00 localhost app[999]: Query: SELECT * FROM users WHERE id=1 OR 1=1
Jan 10 10:00:00 localhost sshd[1234]: Accepted password for user user1 from 192.168.1.10 port 22 ssh2
Jan 10 10:01:00 localhost sshd[1234]: Failed password for user root from 10.0.0.5 port 22 ssh2
Jan 10 10:00:00 localhost sshd[1234]: Accepted password for user user1 from 192.168.1.10 port 22 ssh2
Jan 10 10:01:00 localhost sshd[1234]: Failed password for user root from 10.0.0.5 port 22 ssh2
Jan 10 10:00:00 localhost sshd[1234]: Accepted password for user user1 from 192.168.1.10 port 22 ssh2
Jan 10 10:00:00 localhost sshd[1234]: Accepted password for user user1 from 192.168.1.10 port 22 ssh2
Jan 10 10:00:00 localhost sshd[1234]: Accepted password for user user1 from 192.168.1.10 port 22 ssh2
Jan 10 10:00:00 localhost sshd[1234]: Accepted password for user user1 from 192.168.1.10 port 22 ssh2
Jan 10 10:00:00 localhost sshd[1234]: Accepted password for user user1 from 192.168.1.10 port 22 ssh2
Jan 10 10:00:00 localhost sshd[1234]: Accepted password for user user1 from 192.168.1.10 port 22 ssh2
Jan 10 10:00:00 localhost sshd[1234]: Accepted password for user user1 from 192.168.1.10 port 22 ssh2
Jan 10 10:00:00 localhost sshd[1234]: Accepted password for user user1 from 192.168.1.10 port 22 ssh2
Jan 10 10:00:00 localhost sshd[1234]: Accepted password for user user1 from 192.168.1.10 port 22 ssh2
Jan 10 10:00:00 localhost sshd[1234]: Accepted password for user user1 from 192.168.1.10 port 22 ssh2
Jan 10 10:03:00 localhost app[999]: Query: SELECT * FROM users WHERE id=1 OR 1=1
Jan 10 10:00:00 localhost sshd[1234]: Accepted password for user user1 from 192.168.1.10 port 22 ssh2
Jan 10 10:00:00 localhost sshd[1234]: Accepted password for user user1 from 192.168.1.10 port 22 ssh2
Jan 10 10:00:00 localhost sshd[1234]: Accepted password for user user1 from 192.168.1.10 port 22 ssh2
Jan 10 10:01:00 localhost sshd[1234]: Failed password for user root from 10.0.0.5 port 22 ssh2
Jan 10 10:00:00 localhost sshd[1234]: Accepted password for user user1 from 192.168.1.10 port 22 ssh2
Jan 10 10:00:00 localhost sshd[1234]: Accepted password for user user1 from 192.168.1.10 port 22 ssh2
Jan 10 10:02:00 localhost sudo:  hacker : TTY=pts/0 ; PWD=/home/hacker ; USER=root ; COMMAND=/bin/bash
Jan 10 10:00:00 localhost sshd[1234]: Accepted password for user user1 from 192.168.1.10 port 22 ssh2
Jan 10 10:00:00 localhost sshd[1234]: Accepted password for user user1 from 192.168.1.10 port 22 ssh2
Jan 10 10:00:00 localhost sshd[1234]: Accepted password for user user1 from 192.168.1.10 port 22 ssh2
Jan 10 10:02:00 localhost sudo:  hacker : TTY=pts/0 ; PWD=/home/hacker ; USER=root ; COMMAND=/bin/bash
Jan 10 10:00:00 localhost sshd[1234]: Accepted password for user user1 from 192.168.1.10 port 22 ssh2
Jan 10 10:00:00 localhost sshd[1234]: Accepted password for user user1 from 192.168.1.10 port 22 ssh2
Jan 10 10:02:00 localhost sudo:  hacker : TTY=pts/0 ; PWD=/home/hacker ; USER=root ; COMMAND=/bin/bash
Jan 10 10:00:00 localhost sshd[1234]: Accepted password for user user1 from 192.168.1.10 port 22 ssh2
Jan 10 10:00:00 localhost sshd[1234]: Accepted password for user user1 from 192.168.1.10 port 22 ssh2
Jan 10 10:00:00 localhost sshd[1234]: Accepted password for user user1 from 192.168.1.10 port 22 ssh2
Jan 10 10:00:00 localhost sshd[1234]: Accepted password for user user1 from 192.168.1.10 port 22 ssh2
Jan 10 10:02:00 localhost sudo:  hacker : TTY=pts/0 ; PWD=/home/hacker ; USER=root ; COMMAND=/bin/bash
Jan 10 10:00:00 localhost sshd[1234]: Accepted password for user user1 from 192.168.1.10 port 22 ssh2
Jan 10 10:00:00 localhost sshd[1234]: Accepted password for user user1 from 192.168.1.10 port 22 ssh2
Jan 10 10:00:00 localhost sshd[1234]: Accepted password for user user1 from 192.168.1.10 port 22 ssh2
Jan 10 10:00:00 localhost sshd[1234]: Accepted password for user user1 from 192.168.1.10 port 22 ssh2
Jan 10 10:00:00 localhost sshd[1234]: Accepted password for user user1 from 192.168.1.10 port 22 ssh2
Jan 10 10:00:00 localhost sshd[1234]: Accepted password for user user1 from 192.168.1.10 port 22 ssh2
Jan 10 10:00:00 localhost sshd[1234]: Accepted password for user user1 from 192.168.1.10 port 22 ssh2
Jan 10 10:00:00 localhost sshd[1234]: Accepted password for user user1 from 192.168.1.10 port 22 ssh2
Jan 10 10:00:00 localhost sshd[1234]: Accepted password for user user1 from 192.168.1.10 port 22 ssh2
Jan 10 10:00:00 localhost sshd[1234]: Accepted password for user user1 from 192.168.1.10 port 22 ssh2
Jan 10 10:00:00 localhost sshd[1234]: Accepted password for user user1 from 192.168.1.10 port 22 ssh2
Jan 10 10:03:00 localhost app[999]: Query: SELECT * FROM users WHERE id=1 OR 1=1
Jan 10 10:00:00 localhost sshd[1234]: Accepted password for user user1 from 192.168.1.10 port 22 ssh2
Jan 10 10:01:00 localhost sshd[1234]: Failed password for user root from 10.0.0.5 port 22 ssh2
Jan 10 10:00:00 localhost sshd[1234]: Accepted password for user user1 from 192.168.1.10 port 22 ssh2
Jan 10 10:00:00 localhost sshd[1234]: Accepted password for user user1 from 192.168.1.10 port 22 ssh2
Jan 10 10:00:00 localhost sshd[1234]: Accepted password for user user1 from 192.168.1.10 port 22 ssh2
Jan 10 10:00:00 localhost sshd[1234]: Accepted password for user user1 from 192.168.1.10 port 22 ssh2
Jan 10 10:00:00 localhost sshd[1234]: Accepted password for user user1 from 192.168.1.10 port 22 ssh2
Jan 10 10:00:00 localhost sshd[1234]: Accepted password for user user1 from 192.168.1.10 port 22 ssh2
Jan 10 10:02:00 localhost sudo:  hacker : TTY=pts/0 ; PWD=/home/hacker ; USER=root ; COMMAND=/bin/bash
Jan 10 10:00:00 localhost sshd[1234]: Accepted password for user user1 from 192.168.1.10 port 22 ssh2
Jan 10 10:00:00 localhost sshd[1234]: Accepted password for user user1 from 192.168.1.10 port 22 ssh2
Jan 10 10:01:00 localhost sshd[1234]: Failed password for user root from 10.0.0.5 port 22 ssh2
Jan 10 10:00:00 localhost sshd[1234]: Accepted password for user user1 from 192.168.1.10 port 22 ssh2
Jan 10 10:03:00 localhost app[999]: Query: SELECT * FROM users WHERE id=1 OR 1=1
Jan 10 10:00:00 localhost sshd[1234]: Accepted password for user user1 from 192.168.1.10 port 22 ssh2
Jan 10 10:01:00 localhost sshd[1234]: Failed password for user root from 10.0.0.5 port 22 ssh2
Jan 10 10:00:00 localhost sshd[1234]: Accepted password for user user1 from 192.168.1.10 port 22 ssh2
Jan 10 10:00:00 localhost sshd[1234]: Accepted password for user user1 from 192.168.1.10 port 22 ssh2
Jan 10 10:03:00 localhost app[999]: Query: SELECT * FROM users WHERE id=1 OR 1=1
Jan 10 10:00:00 localhost sshd[1234]: Accepted password for user user1 from 192.168.1.10 port 22 ssh2
Jan 10 10:02:00 localhost sudo:  hacker : TTY=pts/0 ; PWD=/home/hacker ; USER=root ; COMMAND=/bin/bash
Jan 10 10:00:00 localhost sshd[1234]: Accepted password for user user1 from 192.168.1.10 port 22 ssh2
Jan 10 10:00:00 localhost sshd[1234]: Accepted password for user user1 from 192.168.1.10 port 22 ssh2
Jan 10 10:00:00 localhost sshd[1234]: Accepted password for user user1 from 192.168.1.10 port 22 ssh2
Jan 10 10:00:00 localhost sshd[1234]: Accepted password for user user1 from 192.168.1.10 port 22 ssh2
Jan 10 10:00:00 localhost sshd[1234]: Accepted password for user user1 from 192.168.1.10 port 22 ssh2
Jan 10 10:00:00 localhost sshd[1234]: Accepted password for user user1 from 192.168.1.10 port 22 ssh2
Jan 10 10:03:00 localhost app[999]: Query: SELECT * FROM users WHERE id=1 OR 1=1
Jan 10 10:00:00 localhost sshd[1234]: Accepted password for user user1 from 192.168.1.10 port 22 ssh2
Jan 10 10:02:00 localhost sudo:  hacker : TTY=pts/0 ; PWD=/home/hacker ; USER=root ; COMMAND=/bin/bash
Jan 10 10:00:00 localhost sshd[1234]: Accepted password for user user1 from 192.168.1.10 port 22 ssh2
Jan 10 10:00:00 localhost sshd[1234]: Accepted password for user user1 from 192.168.1.10 port 22 ssh2
Jan 10 10:00:00 localhost sshd[1234]: Accepted password for user user1 from 192.168.1.10 port 22 ssh2
Jan 10 10:00:00 localhost sshd[1234]: Accepted password for user user1 from 192.168.1.10 port 22 ssh2
Jan 10 10:00:00 localhost sshd[1234]: Accepted password for user user1 from 192.168.1.10 port 22 ssh2
Jan 10 10:01:00 localhost sshd[1234]: Failed password for user root from 10.0.0.5 port 22 ssh2
Jan 10 10:00:00 localhost sshd[1234]: Accepted password for user user1 from 192.168.1.10 port 22 ssh2
Jan 10 10:00:00 localhost sshd[1234]: Accepted password for user user1 from 192.168.1.10 port 22 ssh2
Jan 10 10:02:00 localhost sudo:  hacker : TTY=pts/0 ; PWD=/home/hacker ; USER=root ; COMMAND=/bin/bash
Jan 10 10:00:00 localhost sshd[1234]: Accepted password for user user1 from 192.168.1.10 port 22 ssh2
Jan 10 10:00:00 localhost sshd[1234]: Accepted password for user user1 from 192.168.1.10 port 22 ssh2
Jan 10 10:00:00 localhost sshd[1234]: Accepted password for user user1 from 192.168.1.10 port 22 ssh2
Jan 10 10:00:00 localhost sshd[1234]: Accepted password for user user1 from 192.168.1.10 port 22 ssh2
Jan 10 10:00:00 localhost sshd[1234]: Accepted password for user user1 from 192.168.1.10 port 22 ssh2
Jan 10 10:00:00 localhost sshd[1234]: Accepted password for user user1 from 192.168.1.10 port 22 ssh2
Jan 10 10:00:00 localhost sshd[1234]: Accepted password for user user1 from 192.168.1.10 port 22 ssh2
Jan 10 10:00:00 localhost sshd[1234]: Accepted password for user user1 from 192.168.1.10 port 22 ssh2
Jan 10 10:00:00 localhost sshd[1234]: Accepted password for user user1 from 192.168.1.10 port 22 ssh2
Jan 10 10:00:00 localhost sshd[1234]: Accepted password for user user1 from 192.168.1.10 port 22 ssh2
Jan 10 10:02:00 localhost sudo:  hacker : TTY=pts/0 ; PWD=/home/hacker ; USER=root ; COMMAND=/bin/bash
Jan 10 10:00:00 localhost sshd[1234]: Accepted password for user user1 from 192.168.1.10 port 22 ssh2
Jan 10 10:00:00 localhost sshd[1234]: Accepted password for user user1 from 192.168.1.10 port 22 ssh2
Jan 10 10:00:00 localhost sshd[1234]: Accepted password for user user1 from 192.168.1.10 port 22 ssh2
Jan 10 10:00:00 localhost sshd[1234]: Accepted password for user user1 from 192.168.1.10 port 22 ssh2
Jan 10 10:01:00 localhost sshd[1234]: Failed password for user root from 10.0.0.5 port 22 ssh2
Jan 10 10:00:00 localhost sshd[1234]: Accepted password for user user1 from 192.168.1.10 port 22 ssh2
Jan 10 10:00:00 localhost sshd[1234]: Accepted password for user user1 from 192.168.1.10 port 22 ssh2
Jan 10 10:00:00 localhost sshd[1234]: Accepted password for user user1 from 192.168.1.10 port 22 ssh2
Jan 10 10:00:00 localhost sshd[1234]: Accepted password for user user1 from 192.168.1.10 port 22 ssh2
Jan 10 10:00:00 localhost sshd[1234]: Accepted password for user user1 from 192.168.1.10 port 22 ssh2
Jan 10 10:00:00 localhost sshd[1234]: Accepted password for user user1 from 192.168.1.10 port 22 ssh2
Jan 10 10:00:00 localhost sshd[1234]: Accepted password for user user1 from 192.168.1.10 port 22 ssh2
Jan 10 10:00:00 localhost sshd[1234]: Accepted password for user user1 from 192.168.1.10 port 22 ssh2
Jan 10 10:00:00 localhost sshd[1234]: Accepted password for user user1 from 192.168.1.10 port 22 ssh2
Jan 10 10:00:00 localhost sshd[1234]: Accepted password for user user1 from 192.168.1.10 port 22 ssh2
Jan 10 10:00:00 localhost sshd[1234]: Accepted password for user user1 from 192.168.1.10 port 22 ssh2
Jan 10 10:01:00 localhost sshd[1234]: Failed password for user root from 10.0.0.5 port 22 ssh2
Jan 10 10:00:00 localhost sshd[1234]: Accepted password for user user1 from 192.168.1.10 port 22 ssh2
Jan 10 10:00:00 localhost sshd[1234]: Accepted password for user user1 from 192.168.1.10 port 22 ssh2
Jan 10 10:00:00 localhost sshd[1234]: Accepted password for user user1 from 192.168.1.10 port 22 ssh2
Jan 10 10:00:00 localhost sshd[1234]: Accepted password for user user1 from 192.168.1.10 port 22 ssh2
Jan 10 10:00:00 localhost sshd[1234]: Accepted password for user user1 from 192.168.1.10 port 22 ssh2
Jan 10 10:00:00 localhost sshd[1234]: Accepted password for user user1 from 192.168.1.10 port 22 ssh2
Jan 10 10:01:00 localhost sshd[1234]: Failed password for user root from 10.0.0.5 port 22 ssh2
Jan 10 10:00:00 localhost sshd[1234]: Accepted password for user user1 from 192.168.1.10 port 22 ssh2
Jan 10 10:00:00 localhost sshd[1234]: Accepted password for user user1 from 192.168.1.10 port 22 ssh2
Jan 10 10:00:00 localhost sshd[1234]: Accepted password for user user1 from 192.168.1.10 port 22 ssh2
Jan 10 10:01:00 localhost sshd[1234]: Failed password for user root from 10.0.0.5 port 22 ssh2
Jan 10 10:00:00 localhost sshd[1234]: Accepted password for user user1 from 192.168.1.10 port 22 ssh2
Jan 10 10:00:00 localhost sshd[1234]: Accepted password for user user1 from 192.168.1.10 port 22 ssh2
Jan 10 10:02:00 localhost sudo:  hacker : TTY=pts/0 ; PWD=/home/hacker ; USER=root ; COMMAND=/bin/bash
Jan 10 10:00:00 localhost sshd[1234]: Accepted password for user user1 from 192.168.1.10 port 22 ssh2
Jan 10 10:01:00 localhost sshd[1234]: Failed password for user root from 10.0.0.5 port 22 ssh2
Jan 10 10:00:00 localhost sshd[1234]: Accepted password for user user1 from 192.168.1.10 port 22 ssh2
Jan 10 10:03:00 localhost app[999]: Query: SELECT * FROM users WHERE id=1 OR 1=1
Jan 10 10:00:00 localhost sshd[1234]: Accepted password for user user1 from 192.168.1.10 port 22 ssh2
Jan 10 10:00:00 localhost sshd[1234]: Accepted password for user user1 from 192.168.1.10 port 22 ssh2
Jan 10 10:00:00 localhost sshd[1234]: Accepted password for user user1 from 192.168.1.10 port 22 ssh2
Jan 10 10:00:00 localhost sshd[1234]: Accepted password for user user1 from 192.168.1.10 port 22 ssh2
Jan 10 10:02:00 localhost sudo:  hacker : TTY=pts/0 ; PWD=/home/hacker ; USER=root ; COMMAND=/bin/bash
Jan 10 10:00:00 localhost sshd[1234]: Accepted password for user user1 from 192.168.1.10 port 22 ssh2
Jan 10 10:00:00 localhost sshd[1234]: Accepted password for user user1 from 192.168.1.10 port 22 ssh2
Jan 10 10:00:00 localhost sshd[1234]: Accepted password for user user1 from 192.168.1.10 port 22 ssh2
Jan 10 10:02:00 localhost sudo:  hacker : TTY=pts/0 ; PWD=/home/hacker ; USER=root ; COMMAND=/bin/bash
Jan 10 10:00:00 localhost sshd[1234]: Accepted password for user user1 from 192.168.1.10 port 22 ssh2
Jan 10 10:01:00 localhost sshd[1234]: Failed password for user root from 10.0.0.5 port 22 ssh2
Jan 10 10:00:00 localhost sshd[1234]: Accepted password for user user1 from 192.168.1.10 port 22 ssh2
Jan 10 10:03:00 localhost app[999]: Query: SELECT * FROM users WHERE id=1 OR 1=1
Jan 10 10:00:00 localhost sshd[1234]: Accepted password for user user1 from 192.168.1.10 port 22 ssh2
Jan 10 10:00:00 localhost sshd[1234]: Accepted password for user user1 from 192.168.1.10 port 22 ssh2
Jan 10 10:00:00 localhost sshd[1234]: Accepted password for user user1 from 192.168.1.10 port 22 ssh2
Jan 10 10:01:00 localhost sshd[1234]: Failed password for user root from 10.0.0.5 port 22 ssh2
Jan 10 10:00:00 localhost sshd[1234]: Accepted password for user user1 from 192.168.1.10 port 22 ssh2
Jan 10 10:00:00 localhost sshd[1234]: Accepted password for user user1 from 192.168.1.10 port 22 ssh2
Jan 10 10:01:00 localhost sshd[1234]: Failed password for user root from 10.0.0.5 port 22 ssh2
Jan 10 10:00:00 localhost sshd[1234]: Accepted password for user user1 from 192.168.1.10 port 22 ssh2
Jan 10 10:00:00 localhost sshd[1234]: Accepted password for user user1 from 192.168.1.10 port 22 ssh2
Jan 10 10:00:00 localhost sshd[1234]: Accepted password for user user1 from 192.168.1.10 port 22 ssh2
Jan 10 10:01:00 localhost sshd[1234]: Failed password for user root from 10.0.0.5 port 22 ssh2
Jan 10 10:00:00 localhost sshd[1234]: Accepted password for user user1 from 192.168.1.10 port 22 ssh2
Jan 10 10:00:00 localhost sshd[1234]: Accepted password for user user1 from 192.168.1.10 port 22 ssh2
Jan 10 10:00:00 localhost sshd[1234]: Accepted password for user user1 from 192.168.1.10 port 22 ssh2
Jan 10 10:00:00 localhost sshd[1234]: Accepted password for user user1 from 192.168.1.10 port 22 ssh2
Jan 10 10:02:00 localhost sudo:  hacker : TTY=pts/0 ; PWD=/home/hacker ; USER=root ; COMMAND=/bin/bash
Jan 10 10:00:00 localhost sshd[1234]: Accepted password for user user1 from 192.168.1.10 port 22 ssh2
Jan 10 10:00:00 localhost sshd[1234]: Accepted password for user user1 from 192.168.1.10 port 22 ssh2
Jan 10 10:00:00 localhost sshd[1234]: Accepted password for user user1 from 192.168.1.10 port 22 ssh2
Jan 10 10:00:00 localhost sshd[1234]: Accepted password for user user1 from 192.168.1.10 port 22 ssh2
Jan 10 10:00:00 localhost sshd[1234]: Accepted password for user user1 from 192.168.1.10 port 22 ssh2
Jan 10 10:00:00 localhost sshd[1234]: Accepted password for user user1 from 192.168.1.10 port 22 ssh2
Jan 10 10:00:00 localhost sshd[1234]: Accepted password for user user1 from 192.168.1.10 port 22 ssh2
Jan 10 10:02:00 localhost sudo:  hacker : TTY=pts/0 ; PWD=/home/hacker ; USER=root ; COMMAND=/bin/bash
Jan 10 10:00:00 localhost sshd[1234]: Accepted password for user user1 from 192.168.1.10 port 22 ssh2
Jan 10 10:00:00 localhost sshd[1234]: Accepted password for user user1 from 192.168.1.10 port 22 ssh2
Jan 10 10:01:00 localhost sshd[1234]: Failed password for user root from 10.0.0.5 port 22 ssh2
Jan 10 10:00:00 localhost sshd[1234]: Accepted password for user user1 from 192.168.1.10 port 22 ssh2
Jan 10 10:00:00 localhost sshd[1234]: Accepted password for user user1 from 192.168.1.10 port 22 ssh2
Jan 10 10:00:00 localhost sshd[1234]: Accepted password for user user1 from 192.168.1.10 port 22 ssh2
Jan 10 10:00:00 localhost sshd[1234]: Accepted password for user user1 from 192.168.1.10 port 22 ssh2
Jan 10 10:00:00 localhost sshd[1234]: Accepted password for user user1 from 192.168.1.10 port 22 ssh2
Jan 10 10:02:00 localhost sudo:  hacker : TTY=pts/0 ; PWD=/home/hacker ; USER=root ; COMMAND=/bin/bash
Jan 10 10:00:00 localhost sshd[1234]: Accepted password for user user1 from 192.168.1.10 port 22 ssh2
Jan 10 10:00:00 localhost sshd[1234]: Accepted password for user user1 from 192.168.1.10 port 22 ssh2
Jan 10 10:01:00 localhost sshd[1234]: Failed password for user root from 10.0.0.5 port 22 ssh2
Jan 10 10:00:00 localhost sshd[1234]: Accepted password for user user1 from 192.168.1.10 port 22 ssh2
Jan 10 10:00:00 localhost sshd[1234]: Accepted password for user user1 from 192.168.1.10 port 22 ssh2
Jan 10 10:00:00 localhost sshd[1234]: Accepted password for user user1 from 192.168.1.10 port 22 ssh2
Jan 10 10:00:00 localhost sshd[1234]: Accepted password for user user1 from 192.168.1.10 port 22 ssh2
Jan 10 10:00:00 localhost sshd[1234]: Accepted password for user user1 from 192.168.1.10 port 22 ssh2
Jan 10 10:00:00 localhost sshd[1234]: Accepted password for user user1 from 192.168.1.10 port 22 ssh2
Jan 10 10:00:00 localhost sshd[1234]: Accepted password for user user1 from 192.168.1.10 port 22 ssh2
Jan 10 10:00:00 localhost sshd[1234]: Accepted password for user user1 from 192.168.1.10 port 22 ssh2
Jan 10 10:02:00 localhost sudo:  hacker : TTY=pts/0 ; PWD=/home/hacker ; USER=root ; COMMAND=/bin/bash
Jan 10 10:00:00 localhost sshd[1234]: Accepted password for user user1 from 192.168.1.10 port 22 ssh2
Jan 10 10:02:00 localhost sudo:  hacker : TTY=pts/0 ; PWD=/home/hacker ; USER=root ; COMMAND=/bin/bash
Jan 10 10:00:00 localhost sshd[1234]: Accepted password for user user1 from 192.168.1.10 port 22 ssh2
Jan 10 10:00:00 localhost sshd[1234]: Accepted password for user user1 from 192.168.1.10 port 22 ssh2
Jan 10 10:00:00 localhost sshd[1234]: Accepted password for user user1 from 192.168.1.10 port 22 ssh2
Jan 10 10:00:00 localhost sshd[1234]: Accepted password for user user1 from 192.168.1.10 port 22 ssh2
Jan 10 10:00:00 localhost sshd[1234]: Accepted password for user user1 from 192.168.1.10 port 22 ssh2
Jan 10 10:01:00 localhost sshd[1234]: Failed password for user root from 10.0.0.5 port 22 ssh2
Jan 10 10:00:00 localhost sshd[1234]: Accepted password for user user1 from 192.168.1.10 port 22 ssh2
Jan 10 10:02:00 localhost sudo:  hacker : TTY=pts/0 ; PWD=/home/hacker ; USER=root ; COMMAND=/bin/bash
Jan 10 10:00:00 localhost sshd[1234]: Accepted password for user user1 from 192.168.1.10 port 22 ssh2
Jan 10 10:00:00 localhost sshd[1234]: Accepted password for user user1 from 192.168.1.10 port 22 ssh2
Jan 10 10:00:00 localhost sshd[1234]: Accepted password for user user1 from 192.168.1.10 port 22 ssh2
Jan 10 10:00:00 localhost sshd[1234]: Accepted password for user user1 from 192.168.1.10 port 22 ssh2
Jan 10 10:00:00 localhost sshd[1234]: Accepted password for user user1 from 192.168.1.10 port 22 ssh2
Jan 10 10:00:00 localhost sshd[1234]: Accepted password for user user1 from 192.168.1.10 port 22 ssh2
Jan 10 10:00:00 localhost sshd[1234]: Accepted password for user user1 from 192.168.1.10 port 22 ssh2
Jan 10 10:00:00 localhost sshd[1234]: Accepted password for user user1 from 192.168.1.10 port 22 ssh2
Jan 10 10:03:00 localhost app[999]: Query: SELECT * FROM users WHERE id=1 OR 1=1
Jan 10 10:00:00 localhost sshd[1234]: Accepted password for user user1 from 192.168.1.10 port 22 ssh2
Jan 10 10:00:00 localhost sshd[1234]: Accepted password for user user1 from 192.168.1.10 port 22 ssh2
Jan 10 10:00:00 localhost sshd[1234]: Accepted password for user user1 from 192.168.1.10 port 22 ssh2
Jan 10 10:00:00 localhost sshd[1234]: Accepted password for user user1 from 192.168.1.10 port 22 ssh2
Jan 10 10:03:00 localhost app[999]: Query: SELECT * FROM users WHERE id=1 OR 1=1
Jan 10 10:00:00 localhost sshd[1234]: Accepted password for user user1 from 192.168.1.10 port 22 ssh2
Jan 10 10:03:00 localhost app[999]: Query: SELECT * FROM users WHERE id=1 OR 1=1
Jan 10 10:00:00 localhost sshd[1234]: Accepted password for user user1 from 192.168.1.10 port 22 ssh2
Jan 10 10:00:00 localhost sshd[1234]: Accepted password for user user1 from 192.168.1.10 port 22 ssh2
Jan 10 10:01:00 localhost sshd[1234]: Failed password for user root from 10.0.0.5 port 22 ssh2
Jan 10 10:00:00 localhost sshd[1234]: Accepted password for user user1 from 192.168.1.10 port 22 ssh2
Jan 10 10:00:00 localhost sshd[1234]: Accepted password for user user1 from 192.168.1.10 port 22 ssh2
Jan 10 10:00:00 localhost sshd[1234]: Accepted password for user user1 from 192.168.1.10 port 22 ssh2
Jan 10 10:00:00 localhost sshd[1234]: Accepted password for user user1 from 192.168.1.10 port 22 ssh2
Jan 10 10:00:00 localhost sshd[1234]: Accepted password for user user1 from 192.168.1.10 port 22 ssh2
Jan 10 10:00:00 localhost sshd[1234]: Accepted password for user user1 from 192.168.1.10 port 22 ssh2
Jan 10 10:00:00 localhost sshd[1234]: Accepted password for user user1 from 192.168.1.10 port 22 ssh2
Jan 10 10:02:00 localhost sudo:  hacker : TTY=pts/0 ; PWD=/home/hacker ; USER=root ; COMMAND=/bin/bash
Jan 10 10:00:00 localhost sshd[1234]: Accepted password for user user1 from 192.168.1.10 port 22 ssh2
Jan 10 10:01:00 localhost sshd[1234]: Failed password for user root from 10.0.0.5 port 22 ssh2
Jan 10 10:00:00 localhost sshd[1234]: Accepted password for user user1 from 192.168.1.10 port 22 ssh2
Jan 10 10:00:00 localhost sshd[1234]: Accepted password for user user1 from 192.168.1.10 port 22 ssh2
Jan 10 10:03:00 localhost app[999]: Query: SELECT * FROM users WHERE id=1 OR 1=1
Jan 10 10:00:00 localhost sshd[1234]: Accepted password for user user1 from 192.168.1.10 port 22 ssh2
Jan 10 10:03:00 localhost app[999]: Query: SELECT * FROM users WHERE id=1 OR 1=1
Jan 10 10:00:00 localhost sshd[1234]: Accepted password for user user1 from 192.168.1.10 port 22 ssh2
Jan 10 10:00:00 localhost sshd[1234]: Accepted password for user user1 from 192.168.1.10 port 22 ssh2
Jan 10 10:00:00 localhost sshd[1234]: Accepted password for user user1 from 192.168.1.10 port 22 ssh2
Jan 10 10:00:00 localhost sshd[1234]: Accepted password for user user1 from 192.168.1.10 port 22 ssh2
Jan 10 10:00:00 localhost sshd[1234]: Accepted password for user user1 from 192.168.1.10 port 22 ssh2
Jan 10 10:00:00 localhost sshd[1234]: Accepted password for user user1 from 192.168.1.10 port 22 ssh2
Jan 10 10:00:00 localhost sshd[1234]: Accepted password for user user1 from 192.168.1.10 port 22 ssh2
Jan 10 10:01:00 localhost sshd[1234]: Failed password for user root from 10.0.0.5 port 22 ssh2
Jan 10 10:00:00 localhost sshd[1234]: Accepted password for user user1 from 192.168.1.10 port 22 ssh2
Jan 10 10:03:00 localhost app[999]: Query: SELECT * FROM users WHERE id=1 OR 1=1
Jan 10 10:00:00 localhost sshd[1234]: Accepted password for user user1 from 192.168.1.10 port 22 ssh2
Jan 10 10:00:00 localhost sshd[1234]: Accepted password for user user1 from 192.168.1.10 port 22 ssh2
Jan 10 10:02:00 localhost sudo:  hacker : TTY=pts/0 ; PWD=/home/hacker ; USER=root ; COMMAND=/bin/bash
Jan 10 10:00:00 localhost sshd[1234]: Accepted password for user user1 from 192.168.1.10 port 22 ssh2
Jan 10 10:00:00 localhost sshd[1234]: Accepted password for user user1 from 192.168.1.10 port 22 ssh2
Jan 10 10:01:00 localhost sshd[1234]: Failed password for user root from 10.0.0.5 port 22 ssh2
Jan 10 10:00:00 localhost sshd[1234]: Accepted password for user user1 from 192.168.1.10 port 22 ssh2
Jan 10 10:00:00 localhost sshd[1234]: Accepted password for user user1 from 192.168.1.10 port 22 ssh2
Jan 10 10:03:00 localhost app[999]: Query: SELECT * FROM users WHERE id=1 OR 1=1
Jan 10 10:00:00 localhost sshd[1234]: Accepted password for user user1 from 192.168.1.10 port 22 ssh2
Jan 10 10:00:00 localhost sshd[1234]: Accepted password for user user1 from 192.168.1.10 port 22 ssh2
Jan 10 10:00:00 localhost sshd[1234]: Accepted password for user user1 from 192.168.1.10 port 22 ssh2
Jan 10 10:00:00 localhost sshd[1234]: Accepted password for user user1 from 192.168.1.10 port 22 ssh2
Jan 10 10:00:00 localhost sshd[1234]: Accepted password for user user1 from 192.168.1.10 port 22 ssh2
Jan 10 10:01:00 localhost sshd[1234]: Failed password for user root from 10.0.0.5 port 22 ssh2
Jan 10 10:00:00 localhost sshd[1234]: Accepted password for user user1 from 192.168.1.10 port 22 ssh2
Jan 10 10:00:00 localhost sshd[1234]: Accepted password for user user1 from 192.168.1.10 port 22 ssh2
Jan 10 10:00:00 localhost sshd[1234]: Accepted password for user user1 from 192.168.1.10 port 22 ssh2
Jan 10 10:03:00 localhost app[999]: Query: SELECT * FROM users WHERE id=1 OR 1=1
Jan 10 10:00:00 localhost sshd[1234]: Accepted password for user user1 from 192.168.1.10 port 22 ssh2
Jan 10 10:03:00 localhost app[999]: Query: SELECT * FROM users WHERE id=1 OR 1=1
Jan 10 10:00:00 localhost sshd[1234]: Accepted password for user user1 from 192.168.1.10 port 22 ssh2
Jan 10 10:00:00 localhost sshd[1234]: Accepted password for user user1 from 192.168.1.10 port 22 ssh2
Jan 10 10:00:00 localhost sshd[1234]: Accepted password for user user1 from 192.168.1.10 port 22 ssh2
Jan 10 10:00:00 localhost sshd[1234]: Accepted password for user user1 from 192.168.1.10 port 22 ssh2
Jan 10 10:00:00 localhost sshd[1234]: Accepted password for user user1 from 192.168.1.10 port 22 ssh2
Jan 10 10:00:00 localhost sshd[1234]: Accepted password for user user1 from 192.168.1.10 port 22 ssh2
Jan 10 10:00:00 localhost sshd[1234]: Accepted password for user user1 from 192.168.1.10 port 22 ssh2
Jan 10 10:01:00 localhost sshd[1234]: Failed password for user root from 10.0.0.5 port 22 ssh2
Jan 10 10:00:00 localhost sshd[1234]: Accepted password for user user1 from 192.168.1.10 port 22 ssh2
Jan 10 10:00:00 localhost sshd[1234]: Accepted password for user user1 from 192.168.1.10 port 22 ssh2
Jan 10 10:00:00 localhost sshd[1234]: Accepted password for user user1 from 192.168.1.10 port 22 ssh2
Jan 10 10:00:00 localhost sshd[1234]: Accepted password for user user1 from 192.168.1.10 port 22 ssh2
Jan 10 10:00:00 localhost sshd[1234]: Accepted password for user user1 from 192.168.1.10 port 22 ssh2
Jan 10 10:00:00 localhost sshd[1234]: Accepted password for user user1 from 192.168.1.10 port 22 ssh2
Jan 10 10:01:00 localhost sshd[1234]: Failed password for user root from 10.0.0.5 port 22 ssh2
Jan 10 10:00:00 localhost sshd[1234]: Accepted password for user user1 from 192.168.1.10 port 22 ssh2
Jan 10 10:01:00 localhost sshd[1234]: Failed password for user root from 10.0.0.5 port 22 ssh2
Jan 10 10:00:00 localhost sshd[1234]: Accepted password for user user1 from 192.168.1.10 port 22 ssh2
Jan 10 10:02:00 localhost sudo:  hacker : TTY=pts/0 ; PWD=/home/hacker ; USER=root ; COMMAND=/bin/bash
Jan 10 10:00:00 localhost sshd[1234]: Accepted password for user user1 from 192.168.1.10 port 22 ssh2
Jan 10 10:01:00 localhost sshd[1234]: Failed password for user root from 10.0.0.5 port 22 ssh2
Jan 10 10:00:00 localhost sshd[1234]: Accepted password for user user1 from 192.168.1.10 port 22 ssh2
Jan 10 10:00:00 localhost sshd[1234]: Accepted password for user user1 from 192.168.1.10 port 22 ssh2
Jan 10 10:00:00 localhost sshd[1234]: Accepted password for user user1 from 192.168.1.10 port 22 ssh2
Jan 10 10:00:00 localhost sshd[1234]: Accepted password for user user1 from 192.168.1.10 port 22 ssh2
Jan 10 10:01:00 localhost sshd[1234]: Failed password for user root from 10.0.0.5 port 22 ssh2
Jan 10 10:00:00 localhost sshd[1234]: Accepted password for user user1 from 192.168.1.10 port 22 ssh2
Jan 10 10:01:00 localhost sshd[1234]: Failed password for user root from 10.0.0.5 port 22 ssh2
Jan 10 10:00:00 localhost sshd[1234]: Accepted password for user user1 from 192.168.1.10 port 22 ssh2
Jan 10 10:00:00 localhost sshd[1234]: Accepted password for user user1 from 192.168.1.10 port 22 ssh2
Jan 10 10:00:00 localhost sshd[1234]: Accepted password for user user1 from 192.168.1.10 port 22 ssh2
Jan 10 10:00:00 localhost sshd[1234]: Accepted password for user user1 from 192.168.1.10 port 22 ssh2
Jan 10 10:00:00 localhost sshd[1234]: Accepted password for user user1 from 192.168.1.10 port 22 ssh2
Jan 10 10:02:00 localhost sudo:  hacker : TTY=pts/0 ; PWD=/home/hacker ; USER=root ; COMMAND=/bin/bash
Jan 10 10:00:00 localhost sshd[1234]: Accepted password for user user1 from 192.168.1.10 port 22 ssh2
Jan 10 10:00:00 localhost sshd[1234]: Accepted password for user user1 from 192.168.1.10 port 22 ssh2
Jan 10 10:00:00 localhost sshd[1234]: Accepted password for user user1 from 192.168.1.10 port 22 ssh2
Jan 10 10:00:00 localhost sshd[1234]: Accepted password for user user1 from 192.168.1.10 port 22 ssh2
Jan 10 10:00:00 localhost sshd[1234]: Accepted password for user user1 from 192.168.1.10 port 22 ssh2
Jan 10 10:00:00 localhost sshd[1234]: Accepted password for user user1 from 192.168.1.10 port 22 ssh2
Jan 10 10:02:00 localhost sudo:  hacker : TTY=pts/0 ; PWD=/home/hacker ; USER=root ; COMMAND=/bin/bash
Jan 10 10:00:00 localhost sshd[1234]: Accepted password for user user1 from 192.168.1.10 port 22 ssh2
Jan 10 10:03:00 localhost app[999]: Query: SELECT * FROM users WHERE id=1 OR 1=1
Jan 10 10:00:00 localhost sshd[1234]: Accepted password for user user1 from 192.168.1.10 port 22 ssh2
Jan 10 10:03:00 localhost app[999]: Query: SELECT * FROM users WHERE id=1 OR 1=1
Jan 10 10:00:00 localhost sshd[1234]: Accepted password for user user1 from 192.168.1.10 port 22 ssh2
Jan 10 10:00:00 localhost sshd[1234]: Accepted password for user user1 from 192.168.1.10 port 22 ssh2
Jan 10 10:00:00 localhost sshd[1234]: Accepted password for user user1 from 192.168.1.10 port 22 ssh2
Jan 10 10:00:00 localhost sshd[1234]: Accepted password for user user1 from 192.168.1.10 port 22 ssh2
Jan 10 10:00:00 localhost sshd[1234]: Accepted password for user user1 from 192.168.1.10 port 22 ssh2
Jan 10 10:00:00 localhost sshd[1234]: Accepted password for user user1 from 192.168.1.10 port 22 ssh2
Jan 10 10:00:00 localhost sshd[1234]: Accepted password for user user1 from 192.168.1.10 port 22 ssh2
Jan 10 10:03:00 localhost app[999]: Query: SELECT * FROM users WHERE id=1 OR 1=1
Jan 10 10:00:00 localhost sshd[1234]: Accepted password for user user1 from 192.168.1.10 port 22 ssh2
Jan 10 10:00:00 localhost sshd[1234]: Accepted password for user user1 from 192.168.1.10 port 22 ssh2
Jan 10 10:00:00 localhost sshd[1234]: Accepted password for user user1 from 192.168.1.10 port 22 ssh2
Jan 10 10:03:00 localhost app[999]: Query: SELECT * FROM users WHERE id=1 OR 1=1
Jan 10 10:00:00 localhost sshd[1234]: Accepted password for user user1 from 192.168.1.10 port 22 ssh2
Jan 10 10:00:00 localhost sshd[1234]: Accepted password for user user1 from 192.168.1.10 port 22 ssh2
Jan 10 10:02:00 localhost sudo:  hacker : TTY=pts/0 ; PWD=/home/hacker ; USER=root ; COMMAND=/bin/bash
Jan 10 10:00:00 localhost sshd[1234]: Accepted password for user user1 from 192.168.1.10 port 22 ssh2
Jan 10 10:00:00 localhost sshd[1234]: Accepted password for user user1 from 192.168.1.10 port 22 ssh2
Jan 10 10:00:00 localhost sshd[1234]: Accepted password for user user1 from 192.168.1.10 port 22 ssh2
Jan 10 10:00:00 localhost sshd[1234]: Accepted password for user user1 from 192.168.1.10 port 22 ssh2
Jan 10 10:02:00 localhost sudo:  hacker : TTY=pts/0 ; PWD=/home/hacker ; USER=root ; COMMAND=/bin/bash
Jan 10 10:00:00 localhost sshd[1234]: Accepted password for user user1 from 192.168.1.10 port 22 ssh2
Jan 10 10:00:00 localhost sshd[1234]: Accepted password for user user1 from 192.168.1.10 port 22 ssh2
Jan 10 10:00:00 localhost sshd[1234]: Accepted password for user user1 from 192.168.1.10 port 22 ssh2
Jan 10 10:00:00 localhost sshd[1234]: Accepted password for user user1 from 192.168.1.10 port 22 ssh2
Jan 10 10:00:00 localhost sshd[1234]: Accepted password for user user1 from 192.168.1.10 port 22 ssh2
Jan 10 10:00:00 localhost sshd[1234]: Accepted password for user user1 from 192.168.1.10 port 22 ssh2
Jan 10 10:02:00 localhost sudo:  hacker : TTY=pts/0 ; PWD=/home/hacker ; USER=root ; COMMAND=/bin/bash
Jan 10 10:00:00 localhost sshd[1234]: Accepted password for user user1 from 192.168.1.10 port 22 ssh2
Jan 10 10:00:00 localhost sshd[1234]: Accepted password for user user1 from 192.168.1.10 port 22 ssh2
Jan 10 10:01:00 localhost sshd[1234]: Failed password for user root from 10.0.0.5 port 22 ssh2
Jan 10 10:00:00 localhost sshd[1234]: Accepted password for user user1 from 192.168.1.10 port 22 ssh2
Jan 10 10:00:00 localhost sshd[1234]: Accepted password for user user1 from 192.168.1.10 port 22 ssh2
Jan 10 10:03:00 localhost app[999]: Query: SELECT * FROM users WHERE id=1 OR 1=1
Jan 10 10:00:00 localhost sshd[1234]: Accepted password for user user1 from 192.168.1.10 port 22 ssh2
Jan 10 10:00:00 localhost sshd[1234]: Accepted password for user user1 from 192.168.1.10 port 22 ssh2
Jan 10 10:00:00 localhost sshd[1234]: Accepted password for user user1 from 192.168.1.10 port 22 ssh2
Jan 10 10:00:00 localhost sshd[1234]: Accepted password for user user1 from 192.168.1.10 port 22 ssh2
Jan 10 10:03:00 localhost app[999]: Query: SELECT * FROM users WHERE id=1 OR 1=1
Jan 10 10:00:00 localhost sshd[1234]: Accepted password for user user1 from 192.168.1.10 port 22 ssh2
Jan 10 10:00:00 localhost sshd[1234]: Accepted password for user user1 from 192.168.1.10 port 22 ssh2
Jan 10 10:03:00 localhost app[999]: Query: SELECT * FROM users WHERE id=1 OR 1=1
Jan 10 10:00:00 localhost sshd[1234]: Accepted password for user user1 from 192.168.1.10 port 22 ssh2
Jan 10 10:00:00 localhost sshd[1234]: Accepted password for user user1 from 192.168.1.10 port 22 ssh2
Jan 10 10:00:00 localhost sshd[1234]: Accepted password for user user1 from 192.168.1.10 port 22 ssh2
Jan 10 10:00:00 localhost sshd[1234]: Accepted password for user user1 from 192.168.1.10 port 22 ssh2
Jan 10 10:00:00 localhost sshd[1234]: Accepted password for user user1 from 192.168.1.10 port 22 ssh2
Jan 10 10:01:00 localhost sshd[1234]: Failed password for user root from 10.0.0.5 port 22 ssh2
Jan 10 10:00:00 localhost sshd[1234]: Accepted password for user user1 from 192.168.1.10 port 22 ssh2
Jan 10 10:03:00 localhost app[999]: Query: SELECT * FROM users WHERE id=1 OR 1=1
Jan 10 10:00:00 localhost sshd[1234]: Accepted password for user user1 from 192.168.1.10 port 22 ssh2
Jan 10 10:00:00 localhost sshd[1234]: Accepted password for user user1 from 192.168.1.10 port 22 ssh2
Jan 10 10:00:00 localhost sshd[1234]: Accepted password for user user1 from 192.168.1.10 port 22 ssh2
Jan 10 10:00:00 localhost sshd[1234]: Accepted password for user user1 from 192.168.1.10 port 22 ssh2
Jan 10 10:00:00 localhost sshd[1234]: Accepted password for user user1 from 192.168.1.10 port 22 ssh2
Jan 10 10:00:00 localhost sshd[1234]: Accepted password for user user1 from 192.168.1.10 port 22 ssh2
Jan 10 10:00:00 localhost sshd[1234]: Accepted password for user user1 from 192.168.1.10 port 22 ssh2
Jan 10 10:02:00 localhost sudo:  hacker : TTY=pts/0 ; PWD=/home/hacker ; USER=root ; COMMAND=/bin/bash
Jan 10 10:00:00 localhost sshd[1234]: Accepted password for user user1 from 192.168.1.10 port 22 ssh2
Jan 10 10:01:00 localhost sshd[1234]: Failed password for user root from 10.0.0.5 port 22 ssh2
Jan 10 10:00:00 localhost sshd[1234]: Accepted password for user user1 from 192.168.1.10 port 22 ssh2
Jan 10 10:00:00 localhost sshd[1234]: Accepted password for user user1 from 192.168.1.10 port 22 ssh2
Jan 10 10:00:00 localhost sshd[1234]: Accepted password for user user1 from 192.168.1.10 port 22 ssh2
Jan 10 10:00:00 localhost sshd[1234]: Accepted password for user user1 from 192.168.1.10 port 22 ssh2
Jan 10 10:03:00 localhost app[999]: Query: SELECT * FROM users WHERE id=1 OR 1=1
Jan 10 10:00:00 localhost sshd[1234]: Accepted password for user user1 from 192.168.1.10 port 22 ssh2
Jan 10 10:00:00 localhost sshd[1234]: Accepted password for user user1 from 192.168.1.10 port 22 ssh2
Jan 10 10:00:00 localhost sshd[1234]: Accepted password for user user1 from 192.168.1.10 port 22 ssh2
Jan 10 10:01:00 localhost sshd[1234]: Failed password for user root from 10.0.0.5 port 22 ssh2
Jan 10 10:00:00 localhost sshd[1234]: Accepted password for user user1 from 192.168.1.10 port 22 ssh2
Jan 10 10:00:00 localhost sshd[1234]: Accepted password for user user1 from 192.168.1.10 port 22 ssh2
Jan 10 10:00:00 localhost sshd[1234]: Accepted password for user user1 from 192.168.1.10 port 22 ssh2
Jan 10 10:00:00 localhost sshd[1234]: Accepted password for user user1 from 192.168.1.10 port 22 ssh2
Jan 10 10:00:00 localhost sshd[1234]: Accepted password for user user1 from 192.168.1.10 port 22 ssh2
Jan 10 10:02:00 localhost sudo:  hacker : TTY=pts/0 ; PWD=/home/hacker ; USER=root ; COMMAND=/bin/bash
Jan 10 10:00:00 localhost sshd[1234]: Accepted password for user user1 from 192.168.1.10 port 22 ssh2
Jan 10 10:00:00 localhost sshd[1234]: Accepted password for user user1 from 192.168.1.10 port 22 ssh2
Jan 10 10:03:00 localhost app[999]: Query: SELECT * FROM users WHERE id=1 OR 1=1
Jan 10 10:00:00 localhost sshd[1234]: Accepted password for user user1 from 192.168.1.10 port 22 ssh2
Jan 10 10:01:00 localhost sshd[1234]: Failed password for user root from 10.0.0.5 port 22 ssh2
Jan 10 10:00:00 localhost sshd[1234]: Accepted password for user user1 from 192.168.1.10 port 22 ssh2
Jan 10 10:01:00 localhost sshd[1234]: Failed password for user root from 10.0.0.5 port 22 ssh2
Jan 10 10:00:00 localhost sshd[1234]: Accepted password for user user1 from 192.168.1.10 port 22 ssh2
Jan 10 10:00:00 localhost sshd[1234]: Accepted password for user user1 from 192.168.1.10 port 22 ssh2
Jan 10 10:00:00 localhost sshd[1234]: Accepted password for user user1 from 192.168.1.10 port 22 ssh2
Jan 10 10:00:00 localhost sshd[1234]: Accepted password for user user1 from 192.168.1.10 port 22 ssh2
Jan 10 10:03:00 localhost app[999]: Query: SELECT * FROM users WHERE id=1 OR 1=1
Jan 10 10:00:00 localhost sshd[1234]: Accepted password for user user1 from 192.168.1.10 port 22 ssh2
Jan 10 10:00:00 localhost sshd[1234]: Accepted password for user user1 from 192.168.1.10 port 22 ssh2
Jan 10 10:00:00 localhost sshd[1234]: Accepted password for user user1 from 192.168.1.10 port 22 ssh2
Jan 10 10:00:00 localhost sshd[1234]: Accepted password for user user1 from 192.168.1.10 port 22 ssh2
Jan 10 10:03:00 localhost app[999]: Query: SELECT * FROM users WHERE id=1 OR 1=1
Jan 10 10:00:00 localhost sshd[1234]: Accepted password for user user1 from 192.168.1.10 port 22 ssh2
Jan 10 10:00:00 localhost sshd[1234]: Accepted password for user user1 from 192.168.1.10 port 22 ssh2
Jan 10 10:00:00 localhost sshd[1234]: Accepted password for user user1 from 192.168.1.10 port 22 ssh2
Jan 10 10:00:00 localhost sshd[1234]: Accepted password for user user1 from 192.168.1.10 port 22 ssh2
Jan 10 10:00:00 localhost sshd[1234]: Accepted password for user user1 from 192.168.1.10 port 22 ssh2
Jan 10 10:00:00 localhost sshd[1234]: Accepted password for user user1 from 192.168.1.10 port 22 ssh2
Jan 10 10:00:00 localhost sshd[1234]: Accepted password for user user1 from 192.168.1.10 port 22 ssh2
Jan 10 10:01:00 localhost sshd[1234]: Failed password for user root from 10.0.0.5 port 22 ssh2
Jan 10 10:00:00 localhost sshd[1234]: Accepted password for user user1 from 192.168.1.10 port 22 ssh2
Jan 10 10:00:00 localhost sshd[1234]: Accepted password for user user1 from 192.168.1.10 port 22 ssh2
Jan 10 10:00:00 localhost sshd[1234]: Accepted password for user user1 from 192.168.1.10 port 22 ssh2
Jan 10 10:03:00 localhost app[999]: Query: SELECT * FROM users WHERE id=1 OR 1=1
Jan 10 10:00:00 localhost sshd[1234]: Accepted password for user user1 from 192.168.1.10 port 22 ssh2
Jan 10 10:00:00 localhost sshd[1234]: Accepted password for user user1 from 192.168.1.10 port 22 ssh2
Jan 10 10:00:00 localhost sshd[1234]: Accepted password for user user1 from 192.168.1.10 port 22 ssh2
Jan 10 10:00:00 localhost sshd[1234]: Accepted password for user user1 from 192.168.1.10 port 22 ssh2
Jan 10 10:00:00 localhost sshd[1234]: Accepted password for user user1 from 192.168.1.10 port 22 ssh2
Jan 10 10:00:00 localhost sshd[1234]: Accepted password for user user1 from 192.168.1.10 port 22 ssh2
Jan 10 10:00:00 localhost sshd[1234]: Accepted password for user user1 from 192.168.1.10 port 22 ssh2
Jan 10 10:00:00 localhost sshd[1234]: Accepted password for user user1 from 192.168.1.10 port 22 ssh2
Jan 10 10:00:00 localhost sshd[1234]: Accepted password for user user1 from 192.168.1.10 port 22 ssh2
Jan 10 10:00:00 localhost sshd[1234]: Accepted password for user user1 from 192.168.1.10 port 22 ssh2
Jan 10 10:03:00 localhost app[999]: Query: SELECT * FROM users WHERE id=1 OR 1=1
Jan 10 10:00:00 localhost sshd[1234]: Accepted password for user user1 from 192.168.1.10 port 22 ssh2
Jan 10 10:00:00 localhost sshd[1234]: Accepted password for user user1 from 192.168.1.10 port 22 ssh2
Jan 10 10:01:00 localhost sshd[1234]: Failed password for user root from 10.0.0.5 port 22 ssh2
Jan 10 10:00:00 localhost sshd[1234]: Accepted password for user user1 from 192.168.1.10 port 22 ssh2
Jan 10 10:01:00 localhost sshd[1234]: Failed password for user root from 10.0.0.5 port 22 ssh2
Jan 10 10:00:00 localhost sshd[1234]: Accepted password for user user1 from 192.168.1.10 port 22 ssh2
Jan 10 10:03:00 localhost app[999]: Query: SELECT * FROM users WHERE id=1 OR 1=1
Jan 10 10:00:00 localhost sshd[1234]: Accepted password for user user1 from 192.168.1.10 port 22 ssh2
Jan 10 10:02:00 localhost sudo:  hacker : TTY=pts/0 ; PWD=/home/hacker ; USER=root ; COMMAND=/bin/bash
Jan 10 10:00:00 localhost sshd[1234]: Accepted password for user user1 from 192.168.1.10 port 22 ssh2
Jan 10 10:00:00 localhost sshd[1234]: Accepted password for user user1 from 192.168.1.10 port 22 ssh2
Jan 10 10:00:00 localhost sshd[1234]: Accepted password for user user1 from 192.168.1.10 port 22 ssh2
Jan 10 10:01:00 localhost sshd[1234]: Failed password for user root from 10.0.0.5 port 22 ssh2
Jan 10 10:00:00 localhost sshd[1234]: Accepted password for user user1 from 192.168.1.10 port 22 ssh2
Jan 10 10:00:00 localhost sshd[1234]: Accepted password for user user1 from 192.168.1.10 port 22 ssh2
Jan 10 10:01:00 localhost sshd[1234]: Failed password for user root from 10.0.0.5 port 22 ssh2
Jan 10 10:00:00 localhost sshd[1234]: Accepted password for user user1 from 192.168.1.10 port 22 ssh2
Jan 10 10:00:00 localhost sshd[1234]: Accepted password for user user1 from 192.168.1.10 port 22 ssh2
Jan 10 10:00:00 localhost sshd[1234]: Accepted password for user user1 from 192.168.1.10 port 22 ssh2
Jan 10 10:03:00 localhost app[999]: Query: SELECT * FROM users WHERE id=1 OR 1=1
Jan 10 10:00:00 localhost sshd[1234]: Accepted password for user user1 from 192.168.1.10 port 22 ssh2
Jan 10 10:00:00 localhost sshd[1234]: Accepted password for user user1 from 192.168.1.10 port 22 ssh2
Jan 10 10:00:00 localhost sshd[1234]: Accepted password for user user1 from 192.168.1.10 port 22 ssh2
Jan 10 10:00:00 localhost sshd[1234]: Accepted password for user user1 from 192.168.1.10 port 22 ssh2
Jan 10 10:02:00 localhost sudo:  hacker : TTY=pts/0 ; PWD=/home/hacker ; USER=root ; COMMAND=/bin/bash
Jan 10 10:00:00 localhost sshd[1234]: Accepted password for user user1 from 192.168.1.10 port 22 ssh2
Jan 10 10:00:00 localhost sshd[1234]: Accepted password for user user1 from 192.168.1.10 port 22 ssh2
Jan 10 10:00:00 localhost sshd[1234]: Accepted password for user user1 from 192.168.1.10 port 22 ssh2
Jan 10 10:00:00 localhost sshd[1234]: Accepted password for user user1 from 192.168.1.10 port 22 ssh2
Jan 10 10:01:00 localhost sshd[1234]: Failed password for user root from 10.0.0.5 port 22 ssh2
Jan 10 10:00:00 localhost sshd[1234]: Accepted password for user user1 from 192.168.1.10 port 22 ssh2
Jan 10 10:00:00 localhost sshd[1234]: Accepted password for user user1 from 192.168.1.10 port 22 ssh2
Jan 10 10:00:00 localhost sshd[1234]: Accepted password for user user1 from 192.168.1.10 port 22 ssh2
Jan 10 10:00:00 localhost sshd[1234]: Accepted password for user user1 from 192.168.1.10 port 22 ssh2
Jan 10 10:00:00 localhost sshd[1234]: Accepted password for user user1 from 192.168.1.10 port 22 ssh2
Jan 10 10:00:00 localhost sshd[1234]: Accepted password for user user1 from 192.168.1.10 port 22 ssh2
Jan 10 10:00:00 localhost sshd[1234]: Accepted password for user user1 from 192.168.1.10 port 22 ssh2
Jan 10 10:00:00 localhost sshd[1234]: Accepted password for user user1 from 192.168.1.10 port 22 ssh2
Jan 10 10:01:00 localhost sshd[1234]: Failed password for user root from 10.0.0.5 port 22 ssh2
Jan 10 10:00:00 localhost sshd[1234]: Accepted password for user user1 from 192.168.1.10 port 22 ssh2
Jan 10 10:00:00 localhost sshd[1234]: Accepted password for user user1 from 192.168.1.10 port 22 ssh2
Jan 10 10:00:00 localhost sshd[1234]: Accepted password for user user1 from 192.168.1.10 port 22 ssh2
Jan 10 10:00:00 localhost sshd[1234]: Accepted password for user user1 from 192.168.1.10 port 22 ssh2
Jan 10 10:00:00 localhost sshd[1234]: Accepted password for user user1 from 192.168.1.10 port 22 ssh2
Jan 10 10:02:00 localhost sudo:  hacker : TTY=pts/0 ; PWD=/home/hacker ; USER=root ; COMMAND=/bin/bash
Jan 10 10:00:00 localhost sshd[1234]: Accepted password for user user1 from 192.168.1.10 port 22 ssh2
Jan 10 10:03:00 localhost app[999]: Query: SELECT * FROM users WHERE id=1 OR 1=1
Jan 10 10:00:00 localhost sshd[1234]: Accepted password for user user1 from 192.168.1.10 port 22 ssh2
Jan 10 10:01:00 localhost sshd[1234]: Failed password for user root from 10.0.0.5 port 22 ssh2
Jan 10 10:00:00 localhost sshd[1234]: Accepted password for user user1 from 192.168.1.10 port 22 ssh2
Jan 10 10:02:00 localhost sudo:  hacker : TTY=pts/0 ; PWD=/home/hacker ; USER=root ; COMMAND=/bin/bash
Jan 10 10:00:00 localhost sshd[1234]: Accepted password for user user1 from 192.168.1.10 port 22 ssh2
Jan 10 10:02:00 localhost sudo:  hacker : TTY=pts/0 ; PWD=/home/hacker ; USER=root ; COMMAND=/bin/bash
Jan 10 10:00:00 localhost sshd[1234]: Accepted password for user user1 from 192.168.1.10 port 22 ssh2
Jan 10 10:01:00 localhost sshd[1234]: Failed password for user root from 10.0.0.5 port 22 ssh2
Jan 10 10:00:00 localhost sshd[1234]: Accepted password for user user1 from 192.168.1.10 port 22 ssh2
Jan 10 10:00:00 localhost sshd[1234]: Accepted password for user user1 from 192.168.1.10 port 22 ssh2
Jan 10 10:00:00 localhost sshd[1234]: Accepted password for user user1 from 192.168.1.10 port 22 ssh2
Jan 10 10:00:00 localhost sshd[1234]: Accepted password for user user1 from 192.168.1.10 port 22 ssh2
Jan 10 10:00:00 localhost sshd[1234]: Accepted password for user user1 from 192.168.1.10 port 22 ssh2
Jan 10 10:01:00 localhost sshd[1234]: Failed password for user root from 10.0.0.5 port 22 ssh2
Jan 10 10:00:00 localhost sshd[1234]: Accepted password for user user1 from 192.168.1.10 port 22 ssh2
Jan 10 10:03:00 localhost app[999]: Query: SELECT * FROM users WHERE id=1 OR 1=1
Jan 10 10:00:00 localhost sshd[1234]: Accepted password for user user1 from 192.168.1.10 port 22 ssh2
Jan 10 10:00:00 localhost sshd[1234]: Accepted password for user user1 from 192.168.1.10 port 22 ssh2
Jan 10 10:00:00 localhost sshd[1234]: Accepted password for user user1 from 192.168.1.10 port 22 ssh2
Jan 10 10:00:00 localhost sshd[1234]: Accepted password for user user1 from 192.168.1.10 port 22 ssh2
Jan 10 10:00:00 localhost sshd[1234]: Accepted password for user user1 from 192.168.1.10 port 22 ssh2
Jan 10 10:00:00 localhost sshd[1234]: Accepted password for user user1 from 192.168.1.10 port 22 ssh2
Jan 10 10:00:00 localhost sshd[1234]: Accepted password for user user1 from 192.168.1.10 port 22 ssh2
Jan 10 10:02:00 localhost sudo:  hacker : TTY=pts/0 ; PWD=/home/hacker ; USER=root ; COMMAND=/bin/bash
Jan 10 10:00:00 localhost sshd[1234]: Accepted password for user user1 from 192.168.1.10 port 22 ssh2
Jan 10 10:00:00 localhost sshd[1234]: Accepted password for user user1 from 192.168.1.10 port 22 ssh2
Jan 10 10:01:00 localhost sshd[1234]: Failed password for user root from 10.0.0.5 port 22 ssh2
Jan 10 10:00:00 localhost sshd[1234]: Accepted password for user user1 from 192.168.1.10 port 22 ssh2
Jan 10 10:00:00 localhost sshd[1234]: Accepted password for user user1 from 192.168.1.10 port 22 ssh2
Jan 10 10:00:00 localhost sshd[1234]: Accepted password for user user1 from 192.168.1.10 port 22 ssh2
Jan 10 10:00:00 localhost sshd[1234]: Accepted password for user user1 from 192.168.1.10 port 22 ssh2
Jan 10 10:01:00 localhost sshd[1234]: Failed password for user root from 10.0.0.5 port 22 ssh2
Jan 10 10:00:00 localhost sshd[1234]: Accepted password for user user1 from 192.168.1.10 port 22 ssh2
Jan 10 10:00:00 localhost sshd[1234]: Accepted password for user user1 from 192.168.1.10 port 22 ssh2
Jan 10 10:00:00 localhost sshd[1234]: Accepted password for user user1 from 192.168.1.10 port 22 ssh2
Jan 10 10:00:00 localhost sshd[1234]: Accepted password for user user1 from 192.168.1.10 port 22 ssh2
Jan 10 10:00:00 localhost sshd[1234]: Accepted password for user user1 from 192.168.1.10 port 22 ssh2
Jan 10 10:00:00 localhost sshd[1234]: Accepted password for user user1 from 192.168.1.10 port 22 ssh2
Jan 10 10:00:00 localhost sshd[1234]: Accepted password for user user1 from 192.168.1.10 port 22 ssh2
Jan 10 10:01:00 localhost sshd[1234]: Failed password for user root from 10.0.0.5 port 22 ssh2
Jan 10 10:00:00 localhost sshd[1234]: Accepted password for user user1 from 192.168.1.10 port 22 ssh2
Jan 10 10:02:00 localhost sudo:  hacker : TTY=pts/0 ; PWD=/home/hacker ; USER=root ; COMMAND=/bin/bash
Jan 10 10:00:00 localhost sshd[1234]: Accepted password for user user1 from 192.168.1.10 port 22 ssh2
Jan 10 10:00:00 localhost sshd[1234]: Accepted password for user user1 from 192.168.1.10 port 22 ssh2
Jan 10 10:03:00 localhost app[999]: Query: SELECT * FROM users WHERE id=1 OR 1=1
Jan 10 10:00:00 localhost sshd[1234]: Accepted password for user user1 from 192.168.1.10 port 22 ssh2
Jan 10 10:00:00 localhost sshd[1234]: Accepted password for user user1 from 192.168.1.10 port 22 ssh2
Jan 10 10:00:00 localhost sshd[1234]: Accepted password for user user1 from 192.168.1.10 port 22 ssh2
Jan 10 10:02:00 localhost sudo:  hacker : TTY=pts/0 ; PWD=/home/hacker ; USER=root ; COMMAND=/bin/bash
Jan 10 10:00:00 localhost sshd[1234]: Accepted password for user user1 from 192.168.1.10 port 22 ssh2
Jan 10 10:03:00 localhost app[999]: Query: SELECT * FROM users WHERE id=1 OR 1=1
Jan 10 10:00:00 localhost sshd[1234]: Accepted password for user user1 from 192.168.1.10 port 22 ssh2
Jan 10 10:00:00 localhost sshd[1234]: Accepted password for user user1 from 192.168.1.10 port 22 ssh2
Jan 10 10:00:00 localhost sshd[1234]: Accepted password for user user1 from 192.168.1.10 port 22 ssh2
Jan 10 10:03:00 localhost app[999]: Query: SELECT * FROM users WHERE id=1 OR 1=1
Jan 10 10:00:00 localhost sshd[1234]: Accepted password for user user1 from 192.168.1.10 port 22 ssh2
Jan 10 10:00:00 localhost sshd[1234]: Accepted password for user user1 from 192.168.1.10 port 22 ssh2
Jan 10 10:00:00 localhost sshd[1234]: Accepted password for user user1 from 192.168.1.10 port 22 ssh2
Jan 10 10:00:00 localhost sshd[1234]: Accepted password for user user1 from 192.168.1.10 port 22 ssh2
Jan 10 10:00:00 localhost sshd[1234]: Accepted password for user user1 from 192.168.1.10 port 22 ssh2
Jan 10 10:00:00 localhost sshd[1234]: Accepted password for user user1 from 192.168.1.10 port 22 ssh2
Jan 10 10:00:00 localhost sshd[1234]: Accepted password for user user1 from 192.168.1.10 port 22 ssh2
Jan 10 10:00:00 localhost sshd[1234]: Accepted password for user user1 from 192.168.1.10 port 22 ssh2
Jan 10 10:00:00 localhost sshd[1234]: Accepted password for user user1 from 192.168.1.10 port 22 ssh2
Jan 10 10:01:00 localhost sshd[1234]: Failed password for user root from 10.0.0.5 port 22 ssh2
Jan 10 10:00:00 localhost sshd[1234]: Accepted password for user user1 from 192.168.1.10 port 22 ssh2
Jan 10 10:01:00 localhost sshd[1234]: Failed password for user root from 10.0.0.5 port 22 ssh2
Jan 10 10:00:00 localhost sshd[1234]: Accepted password for user user1 from 192.168.1.10 port 22 ssh2
Jan 10 10:00:00 localhost sshd[1234]: Accepted password for user user1 from 192.168.1.10 port 22 ssh2
Jan 10 10:00:00 localhost sshd[1234]: Accepted password for user user1 from 192.168.1.10 port 22 ssh2
Jan 10 10:00:00 localhost sshd[1234]: Accepted password for user user1 from 192.168.1.10 port 22 ssh2
Jan 10 10:00:00 localhost sshd[1234]: Accepted password for user user1 from 192.168.1.10 port 22 ssh2
Jan 10 10:00:00 localhost sshd[1234]: Accepted password for user user1 from 192.168.1.10 port 22 ssh2
Jan 10 10:00:00 localhost sshd[1234]: Accepted password for user user1 from 192.168.1.10 port 22 ssh2
Jan 10 10:00:00 localhost sshd[1234]: Accepted password for user user1 from 192.168.1.10 port 22 ssh2
Jan 10 10:01:00 localhost sshd[1234]: Failed password for user root from 10.0.0.5 port 22 ssh2
Jan 10 10:00:00 localhost sshd[1234]: Accepted password for user user1 from 192.168.1.10 port 22 ssh2
Jan 10 10:00:00 localhost sshd[1234]: Accepted password for user user1 from 192.168.1.10 port 22 ssh2
Jan 10 10:03:00 localhost app[999]: Query: SELECT * FROM users WHERE id=1 OR 1=1
Jan 10 10:00:00 localhost sshd[1234]: Accepted password for user user1 from 192.168.1.10 port 22 ssh2
Jan 10 10:00:00 localhost sshd[1234]: Accepted password for user user1 from 192.168.1.10 port 22 ssh2
Jan 10 10:00:00 localhost sshd[1234]: Accepted password for user user1 from 192.168.1.10 port 22 ssh2
Jan 10 10:00:00 localhost sshd[1234]: Accepted password for user user1 from 192.168.1.10 port 22 ssh2
Jan 10 10:01:00 localhost sshd[1234]: Failed password for user root from 10.0.0.5 port 22 ssh2
Jan 10 10:00:00 localhost sshd[1234]: Accepted password for user user1 from 192.168.1.10 port 22 ssh2
Jan 10 10:01:00 localhost sshd[1234]: Failed password for user root from 10.0.0.5 port 22 ssh2
Jan 10 10:00:00 localhost sshd[1234]: Accepted password for user user1 from 192.168.1.10 port 22 ssh2
Jan 10 10:00:00 localhost sshd[1234]: Accepted password for user user1 from 192.168.1.10 port 22 ssh2
Jan 10 10:00:00 localhost sshd[1234]: Accepted password for user user1 from 192.168.1.10 port 22 ssh2
Jan 10 10:00:00 localhost sshd[1234]: Accepted password for user user1 from 192.168.1.10 port 22 ssh2
Jan 10 10:00:00 localhost sshd[1234]: Accepted password for user user1 from 192.168.1.10 port 22 ssh2
Jan 10 10:00:00 localhost sshd[1234]: Accepted password for user user1 from 192.168.1.10 port 22 ssh2
Jan 10 10:03:00 localhost app[999]: Query: SELECT * FROM users WHERE id=1 OR 1=1
Jan 10 10:00:00 localhost sshd[1234]: Accepted password for user user1 from 192.168.1.10 port 22 ssh2
Jan 10 10:00:00 localhost sshd[1234]: Accepted password for user user1 from 192.168.1.10 port 22 ssh2
Jan 10 10:00:00 localhost sshd[1234]: Accepted password for user user1 from 192.168.1.10 port 22 ssh2
Jan 10 10:01:00 localhost sshd[1234]: Failed password for user root from 10.0.0.5 port 22 ssh2
Jan 10 10:00:00 localhost sshd[1234]: Accepted password for user user1 from 192.168.1.10 port 22 ssh2
Jan 10 10:00:00 localhost sshd[1234]: Accepted password for user user1 from 192.168.1.10 port 22 ssh2
Jan 10 10:00:00 localhost sshd[1234]: Accepted password for user user1 from 192.168.1.10 port 22 ssh2
Jan 10 10:02:00 localhost sudo:  hacker : TTY=pts/0 ; PWD=/home/hacker ; USER=root ; COMMAND=/bin/bash
Jan 10 10:00:00 localhost sshd[1234]: Accepted password for user user1 from 192.168.1.10 port 22 ssh2
Jan 10 10:00:00 localhost sshd[1234]: Accepted password for user user1 from 192.168.1.10 port 22 ssh2
Jan 10 10:00:00 localhost sshd[1234]: Accepted password for user user1 from 192.168.1.10 port 22 ssh2
Jan 10 10:00:00 localhost sshd[1234]: Accepted password for user user1 from 192.168.1.10 port 22 ssh2
Jan 10 10:00:00 localhost sshd[1234]: Accepted password for user user1 from 192.168.1.10 port 22 ssh2
Jan 10 10:00:00 localhost sshd[1234]: Accepted password for user user1 from 192.168.1.10 port 22 ssh2
Jan 10 10:00:00 localhost sshd[1234]: Accepted password for user user1 from 192.168.1.10 port 22 ssh2
Jan 10 10:01:00 localhost sshd[1234]: Failed password for user root from 10.0.0.5 port 22 ssh2
Jan 10 10:00:00 localhost sshd[1234]: Accepted password for user user1 from 192.168.1.10 port 22 ssh2
Jan 10 10:00:00 localhost sshd[1234]: Accepted password for user user1 from 192.168.1.10 port 22 ssh2
Jan 10 10:01:00 localhost sshd[1234]: Failed password for user root from 10.0.0.5 port 22 ssh2
Jan 10 10:00:00 localhost sshd[1234]: Accepted password for user user1 from 192.168.1.10 port 22 ssh2
Jan 10 10:02:00 localhost sudo:  hacker : TTY=pts/0 ; PWD=/home/hacker ; USER=root ; COMMAND=/bin/bash
Jan 10 10:00:00 localhost sshd[1234]: Accepted password for user user1 from 192.168.1.10 port 22 ssh2
Jan 10 10:00:00 localhost sshd[1234]: Accepted password for user user1 from 192.168.1.10 port 22 ssh2
Jan 10 10:01:00 localhost sshd[1234]: Failed password for user root from 10.0.0.5 port 22 ssh2
Jan 10 10:00:00 localhost sshd[1234]: Accepted password for user user1 from 192.168.1.10 port 22 ssh2
Jan 10 10:00:00 localhost sshd[1234]: Accepted password for user user1 from 192.168.1.10 port 22 ssh2
Jan 10 10:00:00 localhost sshd[1234]: Accepted password for user user1 from 192.168.1.10 port 22 ssh2
Jan 10 10:03:00 localhost app[999]: Query: SELECT * FROM users WHERE id=1 OR 1=1
Jan 10 10:00:00 localhost sshd[1234]: Accepted password for user user1 from 192.168.1.10 port 22 ssh2
Jan 10 10:03:00 localhost app[999]: Query: SELECT * FROM users WHERE id=1 OR 1=1
Jan 10 10:00:00 localhost sshd[1234]: Accepted password for user user1 from 192.168.1.10 port 22 ssh2
Jan 10 10:00:00 localhost sshd[1234]: Accepted password for user user1 from 192.168.1.10 port 22 ssh2
Jan 10 10:00:00 localhost sshd[1234]: Accepted password for user user1 from 192.168.1.10 port 22 ssh2
Jan 10 10:01:00 localhost sshd[1234]: Failed password for user root from 10.0.0.5 port 22 ssh2
Jan 10 10:00:00 localhost sshd[1234]: Accepted password for user user1 from 192.168.1.10 port 22 ssh2
Jan 10 10:00:00 localhost sshd[1234]: Accepted password for user user1 from 192.168.1.10 port 22 ssh2
Jan 10 10:00:00 localhost sshd[1234]: Accepted password for user user1 from 192.168.1.10 port 22 ssh2
Jan 10 10:00:00 localhost sshd[1234]: Accepted password for user user1 from 192.168.1.10 port 22 ssh2
Jan 10 10:00:00 localhost sshd[1234]: Accepted password for user user1 from 192.168.1.10 port 22 ssh2
Jan 10 10:00:00 localhost sshd[1234]: Accepted password for user user1 from 192.168.1.10 port 22 ssh2
Jan 10 10:00:00 localhost sshd[1234]: Accepted password for user user1 from 192.168.1.10 port 22 ssh2
Jan 10 10:00:00 localhost sshd[1234]: Accepted password for user user1 from 192.168.1.10 port 22 ssh2
Jan 10 10:00:00 localhost sshd[1234]: Accepted password for user user1 from 192.168.1.10 port 22 ssh2
Jan 10 10:00:00 localhost sshd[1234]: Accepted password for user user1 from 192.168.1.10 port 22 ssh2
Jan 10 10:00:00 localhost sshd[1234]: Accepted password for user user1 from 192.168.1.10 port 22 ssh2
Jan 10 10:00:00 localhost sshd[1234]: Accepted password for user user1 from 192.168.1.10 port 22 ssh2
Jan 10 10:02:00 localhost sudo:  hacker : TTY=pts/0 ; PWD=/home/hacker ; USER=root ; COMMAND=/bin/bash
Jan 10 10:00:00 localhost sshd[1234]: Accepted password for user user1 from 192.168.1.10 port 22 ssh2
Jan 10 10:00:00 localhost sshd[1234]: Accepted password for user user1 from 192.168.1.10 port 22 ssh2
Jan 10 10:03:00 localhost app[999]: Query: SELECT * FROM users WHERE id=1 OR 1=1
Jan 10 10:00:00 localhost sshd[1234]: Accepted password for user user1 from 192.168.1.10 port 22 ssh2
Jan 10 10:02:00 localhost sudo:  hacker : TTY=pts/0 ; PWD=/home/hacker ; USER=root ; COMMAND=/bin/bash
Jan 10 10:00:00 localhost sshd[1234]: Accepted password for user user1 from 192.168.1.10 port 22 ssh2
Jan 10 10:03:00 localhost app[999]: Query: SELECT * FROM users WHERE id=1 OR 1=1
Jan 10 10:00:00 localhost sshd[1234]: Accepted password for user user1 from 192.168.1.10 port 22 ssh2
Jan 10 10:00:00 localhost sshd[1234]: Accepted password for user user1 from 192.168.1.10 port 22 ssh2
Jan 10 10:00:00 localhost sshd[1234]: Accepted password for user user1 from 192.168.1.10 port 22 ssh2
Jan 10 10:00:00 localhost sshd[1234]: Accepted password for user user1 from 192.168.1.10 port 22 ssh2
Jan 10 10:00:00 localhost sshd[1234]: Accepted password for user user1 from 192.168.1.10 port 22 ssh2
Jan 10 10:00:00 localhost sshd[1234]: Accepted password for user user1 from 192.168.1.10 port 22 ssh2
Jan 10 10:00:00 localhost sshd[1234]: Accepted password for user user1 from 192.168.1.10 port 22 ssh2
Jan 10 10:00:00 localhost sshd[1234]: Accepted password for user user1 from 192.168.1.10 port 22 ssh2
Jan 10 10:00:00 localhost sshd[1234]: Accepted password for user user1 from 192.168.1.10 port 22 ssh2
Jan 10 10:00:00 localhost sshd[1234]: Accepted password for user user1 from 192.168.1.10 port 22 ssh2
Jan 10 10:00:00 localhost sshd[1234]: Accepted password for user user1 from 192.168.1.10 port 22 ssh2
Jan 10 10:00:00 localhost sshd[1234]: Accepted password for user user1 from 192.168.1.10 port 22 ssh2
Jan 10 10:01:00 localhost sshd[1234]: Failed password for user root from 10.0.0.5 port 22 ssh2
Jan 10 10:00:00 localhost sshd[1234]: Accepted password for user user1 from 192.168.1.10 port 22 ssh2
Jan 10 10:02:00 localhost sudo:  hacker : TTY=pts/0 ; PWD=/home/hacker ; USER=root ; COMMAND=/bin/bash
Jan 10 10:00:00 localhost sshd[1234]: Accepted password for user user1 from 192.168.1.10 port 22 ssh2
Jan 10 10:00:00 localhost sshd[1234]: Accepted password for user user1 from 192.168.1.10 port 22 ssh2
Jan 10 10:02:00 localhost sudo:  hacker : TTY=pts/0 ; PWD=/home/hacker ; USER=root ; COMMAND=/bin/bash
Jan 10 10:00:00 localhost sshd[1234]: Accepted password for user user1 from 192.168.1.10 port 22 ssh2
Jan 10 10:00:00 localhost sshd[1234]: Accepted password for user user1 from 192.168.1.10 port 22 ssh2
Jan 10 10:00:00 localhost sshd[1234]: Accepted password for user user1 from 192.168.1.10 port 22 ssh2
Jan 10 10:00:00 localhost sshd[1234]: Accepted password for user user1 from 192.168.1.10 port 22 ssh2
Jan 10 10:03:00 localhost app[999]: Query: SELECT * FROM users WHERE id=1 OR 1=1
Jan 10 10:00:00 localhost sshd[1234]: Accepted password for user user1 from 192.168.1.10 port 22 ssh2
Jan 10 10:00:00 localhost sshd[1234]: Accepted password for user user1 from 192.168.1.10 port 22 ssh2
Jan 10 10:00:00 localhost sshd[1234]: Accepted password for user user1 from 192.168.1.10 port 22 ssh2
Jan 10 10:00:00 localhost sshd[1234]: Accepted password for user user1 from 192.168.1.10 port 22 ssh2
Jan 10 10:00:00 localhost sshd[1234]: Accepted password for user user1 from 192.168.1.10 port 22 ssh2
Jan 10 10:02:00 localhost sudo:  hacker : TTY=pts/0 ; PWD=/home/hacker ; USER=root ; COMMAND=/bin/bash
Jan 10 10:00:00 localhost sshd[1234]: Accepted password for user user1 from 192.168.1.10 port 22 ssh2
Jan 10 10:03:00 localhost app[999]: Query: SELECT * FROM users WHERE id=1 OR 1=1
Jan 10 10:00:00 localhost sshd[1234]: Accepted password for user user1 from 192.168.1.10 port 22 ssh2
Jan 10 10:00:00 localhost sshd[1234]: Accepted password for user user1 from 192.168.1.10 port 22 ssh2
Jan 10 10:00:00 localhost sshd[1234]: Accepted password for user user1 from 192.168.1.10 port 22 ssh2
Jan 10 10:00:00 localhost sshd[1234]: Accepted password for user user1 from 192.168.1.10 port 22 ssh2
Jan 10 10:00:00 localhost sshd[1234]: Accepted password for user user1 from 192.168.1.10 port 22 ssh2
Jan 10 10:00:00 localhost sshd[1234]: Accepted password for user user1 from 192.168.1.10 port 22 ssh2
Jan 10 10:00:00 localhost sshd[1234]: Accepted password for user user1 from 192.168.1.10 port 22 ssh2
Jan 10 10:00:00 localhost sshd[1234]: Accepted password for user user1 from 192.168.1.10 port 22 ssh2
Jan 10 10:02:00 localhost sudo:  hacker : TTY=pts/0 ; PWD=/home/hacker ; USER=root ; COMMAND=/bin/bash
Jan 10 10:00:00 localhost sshd[1234]: Accepted password for user user1 from 192.168.1.10 port 22 ssh2
Jan 10 10:03:00 localhost app[999]: Query: SELECT * FROM users WHERE id=1 OR 1=1
Jan 10 10:00:00 localhost sshd[1234]: Accepted password for user user1 from 192.168.1.10 port 22 ssh2
Jan 10 10:01:00 localhost sshd[1234]: Failed password for user root from 10.0.0.5 port 22 ssh2
Jan 10 10:00:00 localhost sshd[1234]: Accepted password for user user1 from 192.168.1.10 port 22 ssh2
Jan 10 10:01:00 localhost sshd[1234]: Failed password for user root from 10.0.0.5 port 22 ssh2
Jan 10 10:00:00 localhost sshd[1234]: Accepted password for user user1 from 192.168.1.10 port 22 ssh2
Jan 10 10:03:00 localhost app[999]: Query: SELECT * FROM users WHERE id=1 OR 1=1
Jan 10 10:00:00 localhost sshd[1234]: Accepted password for user user1 from 192.168.1.10 port 22 ssh2
Jan 10 10:00:00 localhost sshd[1234]: Accepted password for user user1 from 192.168.1.10 port 22 ssh2
Jan 10 10:00:00 localhost sshd[1234]: Accepted password for user user1 from 192.168.1.10 port 22 ssh2
Jan 10 10:03:00 localhost app[999]: Query: SELECT * FROM users WHERE id=1 OR 1=1
Jan 10 10:00:00 localhost sshd[1234]: Accepted password for user user1 from 192.168.1.10 port 22 ssh2
Jan 10 10:00:00 localhost sshd[1234]: Accepted password for user user1 from 192.168.1.10 port 22 ssh2
Jan 10 10:00:00 localhost sshd[1234]: Accepted password for user user1 from 192.168.1.10 port 22 ssh2
Jan 10 10:02:00 localhost sudo:  hacker : TTY=pts/0 ; PWD=/home/hacker ; USER=root ; COMMAND=/bin/bash
Jan 10 10:00:00 localhost sshd[1234]: Accepted password for user user1 from 192.168.1.10 port 22 ssh2
Jan 10 10:02:00 localhost sudo:  hacker : TTY=pts/0 ; PWD=/home/hacker ; USER=root ; COMMAND=/bin/bash
Jan 10 10:00:00 localhost sshd[1234]: Accepted password for user user1 from 192.168.1.10 port 22 ssh2
Jan 10 10:03:00 localhost app[999]: Query: SELECT * FROM users WHERE id=1 OR 1=1
Jan 10 10:00:00 localhost sshd[1234]: Accepted password for user user1 from 192.168.1.10 port 22 ssh2
Jan 10 10:01:00 localhost sshd[1234]: Failed password for user root from 10.0.0.5 port 22 ssh2
Jan 10 10:00:00 localhost sshd[1234]: Accepted password for user user1 from 192.168.1.10 port 22 ssh2
Jan 10 10:00:00 localhost sshd[1234]: Accepted password for user user1 from 192.168.1.10 port 22 ssh2
Jan 10 10:00:00 localhost sshd[1234]: Accepted password for user user1 from 192.168.1.10 port 22 ssh2
Jan 10 10:01:00 localhost sshd[1234]: Failed password for user root from 10.0.0.5 port 22 ssh2
Jan 10 10:00:00 localhost sshd[1234]: Accepted password for user user1 from 192.168.1.10 port 22 ssh2
Jan 10 10:01:00 localhost sshd[1234]: Failed password for user root from 10.0.0.5 port 22 ssh2
Jan 10 10:00:00 localhost sshd[1234]: Accepted password for user user1 from 192.168.1.10 port 22 ssh2
Jan 10 10:01:00 localhost sshd[1234]: Failed password for user root from 10.0.0.5 port 22 ssh2
Jan 10 10:00:00 localhost sshd[1234]: Accepted password for user user1 from 192.168.1.10 port 22 ssh2
Jan 10 10:00:00 localhost sshd[1234]: Accepted password for user user1 from 192.168.1.10 port 22 ssh2
Jan 10 10:00:00 localhost sshd[1234]: Accepted password for user user1 from 192.168.1.10 port 22 ssh2
Jan 10 10:00:00 localhost sshd[1234]: Accepted password for user user1 from 192.168.1.10 port 22 ssh2
Jan 10 10:00:00 localhost sshd[1234]: Accepted password for user user1 from 192.168.1.10 port 22 ssh2
Jan 10 10:00:00 localhost sshd[1234]: Accepted password for user user1 from 192.168.1.10 port 22 ssh2
Jan 10 10:03:00 localhost app[999]: Query: SELECT * FROM users WHERE id=1 OR 1=1
Jan 10 10:00:00 localhost sshd[1234]: Accepted password for user user1 from 192.168.1.10 port 22 ssh2
Jan 10 10:00:00 localhost sshd[1234]: Accepted password for user user1 from 192.168.1.10 port 22 ssh2
Jan 10 10:00:00 localhost sshd[1234]: Accepted password for user user1 from 192.168.1.10 port 22 ssh2
Jan 10 10:03:00 localhost app[999]: Query: SELECT * FROM users WHERE id=1 OR 1=1
Jan 10 10:00:00 localhost sshd[1234]: Accepted password for user user1 from 192.168.1.10 port 22 ssh2
Jan 10 10:02:00 localhost sudo:  hacker : TTY=pts/0 ; PWD=/home/hacker ; USER=root ; COMMAND=/bin/bash
Jan 10 10:00:00 localhost sshd[1234]: Accepted password for user user1 from 192.168.1.10 port 22 ssh2
Jan 10 10:00:00 localhost sshd[1234]: Accepted password for user user1 from 192.168.1.10 port 22 ssh2
Jan 10 10:00:00 localhost sshd[1234]: Accepted password for user user1 from 192.168.1.10 port 22 ssh2
Jan 10 10:02:00 localhost sudo:  hacker : TTY=pts/0 ; PWD=/home/hacker ; USER=root ; COMMAND=/bin/bash
Jan 10 10:00:00 localhost sshd[1234]: Accepted password for user user1 from 192.168.1.10 port 22 ssh2
Jan 10 10:01:00 localhost sshd[1234]: Failed password for user root from 10.0.0.5 port 22 ssh2
Jan 10 10:00:00 localhost sshd[1234]: Accepted password for user user1 from 192.168.1.10 port 22 ssh2
Jan 10 10:00:00 localhost sshd[1234]: Accepted password for user user1 from 192.168.1.10 port 22 ssh2
Jan 10 10:01:00 localhost sshd[1234]: Failed password for user root from 10.0.0.5 port 22 ssh2
Jan 10 10:00:00 localhost sshd[1234]: Accepted password for user user1 from 192.168.1.10 port 22 ssh2
Jan 10 10:00:00 localhost sshd[1234]: Accepted password for user user1 from 192.168.1.10 port 22 ssh2
Jan 10 10:01:00 localhost sshd[1234]: Failed password for user root from 10.0.0.5 port 22 ssh2
Jan 10 10:00:00 localhost sshd[1234]: Accepted password for user user1 from 192.168.1.10 port 22 ssh2
Jan 10 10:02:00 localhost sudo:  hacker : TTY=pts/0 ; PWD=/home/hacker ; USER=root ; COMMAND=/bin/bash
Jan 10 10:00:00 localhost sshd[1234]: Accepted password for user user1 from 192.168.1.10 port 22 ssh2
Jan 10 10:00:00 localhost sshd[1234]: Accepted password for user user1 from 192.168.1.10 port 22 ssh2
Jan 10 10:01:00 localhost sshd[1234]: Failed password for user root from 10.0.0.5 port 22 ssh2
Jan 10 10:00:00 localhost sshd[1234]: Accepted password for user user1 from 192.168.1.10 port 22 ssh2
Jan 10 10:00:00 localhost sshd[1234]: Accepted password for user user1 from 192.168.1.10 port 22 ssh2
Jan 10 10:00:00 localhost sshd[1234]: Accepted password for user user1 from 192.168.1.10 port 22 ssh2
Jan 10 10:00:00 localhost sshd[1234]: Accepted password for user user1 from 192.168.1.10 port 22 ssh2
Jan 10 10:00:00 localhost sshd[1234]: Accepted password for user user1 from 192.168.1.10 port 22 ssh2
Jan 10 10:00:00 localhost sshd[1234]: Accepted password for user user1 from 192.168.1.10 port 22 ssh2
Jan 10 10:00:00 localhost sshd[1234]: Accepted password for user user1 from 192.168.1.10 port 22 ssh2
Jan 10 10:01:00 localhost sshd[1234]: Failed password for user root from 10.0.0.5 port 22 ssh2
Jan 10 10:00:00 localhost sshd[1234]: Accepted password for user user1 from 192.168.1.10 port 22 ssh2
Jan 10 10:01:00 localhost sshd[1234]: Failed password for user root from 10.0.0.5 port 22 ssh2
Jan 10 10:00:00 localhost sshd[1234]: Accepted password for user user1 from 192.168.1.10 port 22 ssh2
Jan 10 10:02:00 localhost sudo:  hacker : TTY=pts/0 ; PWD=/home/hacker ; USER=root ; COMMAND=/bin/bash
Jan 10 10:00:00 localhost sshd[1234]: Accepted password for user user1 from 192.168.1.10 port 22 ssh2
Jan 10 10:03:00 localhost app[999]: Query: SELECT * FROM users WHERE id=1 OR 1=1
Jan 10 10:00:00 localhost sshd[1234]: Accepted password for user user1 from 192.168.1.10 port 22 ssh2
Jan 10 10:00:00 localhost sshd[1234]: Accepted password for user user1 from 192.168.1.10 port 22 ssh2
Jan 10 10:01:00 localhost sshd[1234]: Failed password for user root from 10.0.0.5 port 22 ssh2
Jan 10 10:00:00 localhost sshd[1234]: Accepted password for user user1 from 192.168.1.10 port 22 ssh2
Jan 10 10:02:00 localhost sudo:  hacker : TTY=pts/0 ; PWD=/home/hacker ; USER=root ; COMMAND=/bin/bash
Jan 10 10:00:00 localhost sshd[1234]: Accepted password for user user1 from 192.168.1.10 port 22 ssh2
Jan 10 10:00:00 localhost sshd[1234]: Accepted password for user user1 from 192.168.1.10 port 22 ssh2
Jan 10 10:02:00 localhost sudo:  hacker : TTY=pts/0 ; PWD=/home/hacker ; USER=root ; COMMAND=/bin/bash
Jan 10 10:00:00 localhost sshd[1234]: Accepted password for user user1 from 192.168.1.10 port 22 ssh2
Jan 10 10:00:00 localhost sshd[1234]: Accepted password for user user1 from 192.168.1.10 port 22 ssh2
Jan 10 10:00:00 localhost sshd[1234]: Accepted password for user user1 from 192.168.1.10 port 22 ssh2
Jan 10 10:00:00 localhost sshd[1234]: Accepted password for user user1 from 192.168.1.10 port 22 ssh2
Jan 10 10:00:00 localhost sshd[1234]: Accepted password for user user1 from 192.168.1.10 port 22 ssh2
Jan 10 10:00:00 localhost sshd[1234]: Accepted password for user user1 from 192.168.1.10 port 22 ssh2
Jan 10 10:00:00 localhost sshd[1234]: Accepted password for user user1 from 192.168.1.10 port 22 ssh2
Jan 10 10:00:00 localhost sshd[1234]: Accepted password for user user1 from 192.168.1.10 port 22 ssh2
Jan 10 10:00:00 localhost sshd[1234]: Accepted password for user user1 from 192.168.1.10 port 22 ssh2
Jan 10 10:00:00 localhost sshd[1234]: Accepted password for user user1 from 192.168.1.10 port 22 ssh2
Jan 10 10:00:00 localhost sshd[1234]: Accepted password for user user1 from 192.168.1.10 port 22 ssh2
Jan 10 10:00:00 localhost sshd[1234]: Accepted password for user user1 from 192.168.1.10 port 22 ssh2
Jan 10 10:01:00 localhost sshd[1234]: Failed password for user root from 10.0.0.5 port 22 ssh2
Jan 10 10:00:00 localhost sshd[1234]: Accepted password for user user1 from 192.168.1.10 port 22 ssh2
Jan 10 10:00:00 localhost sshd[1234]: Accepted password for user user1 from 192.168.1.10 port 22 ssh2
Jan 10 10:01:00 localhost sshd[1234]: Failed password for user root from 10.0.0.5 port 22 ssh2
Jan 10 10:00:00 localhost sshd[1234]: Accepted password for user user1 from 192.168.1.10 port 22 ssh2
Jan 10 10:00:00 localhost sshd[1234]: Accepted password for user user1 from 192.168.1.10 port 22 ssh2
Jan 10 10:03:00 localhost app[999]: Query: SELECT * FROM users WHERE id=1 OR 1=1
Jan 10 10:00:00 localhost sshd[1234]: Accepted password for user user1 from 192.168.1.10 port 22 ssh2
Jan 10 10:00:00 localhost sshd[1234]: Accepted password for user user1 from 192.168.1.10 port 22 ssh2
Jan 10 10:00:00 localhost sshd[1234]: Accepted password for user user1 from 192.168.1.10 port 22 ssh2
Jan 10 10:00:00 localhost sshd[1234]: Accepted password for user user1 from 192.168.1.10 port 22 ssh2
Jan 10 10:00:00 localhost sshd[1234]: Accepted password for user user1 from 192.168.1.10 port 22 ssh2
Jan 10 10:00:00 localhost sshd[1234]: Accepted password for user user1 from 192.168.1.10 port 22 ssh2
Jan 10 10:00:00 localhost sshd[1234]: Accepted password for user user1 from 192.168.1.10 port 22 ssh2
Jan 10 10:00:00 localhost sshd[1234]: Accepted password for user user1 from 192.168.1.10 port 22 ssh2
Jan 10 10:00:00 localhost sshd[1234]: Accepted password for user user1 from 192.168.1.10 port 22 ssh2
Jan 10 10:02:00 localhost sudo:  hacker : TTY=pts/0 ; PWD=/home/hacker ; USER=root ; COMMAND=/bin/bash
Jan 10 10:00:00 localhost sshd[1234]: Accepted password for user user1 from 192.168.1.10 port 22 ssh2
Jan 10 10:02:00 localhost sudo:  hacker : TTY=pts/0 ; PWD=/home/hacker ; USER=root ; COMMAND=/bin/bash
Jan 10 10:00:00 localhost sshd[1234]: Accepted password for user user1 from 192.168.1.10 port 22 ssh2
Jan 10 10:03:00 localhost app[999]: Query: SELECT * FROM users WHERE id=1 OR 1=1
Jan 10 10:00:00 localhost sshd[1234]: Accepted password for user user1 from 192.168.1.10 port 22 ssh2
Jan 10 10:00:00 localhost sshd[1234]: Accepted password for user user1 from 192.168.1.10 port 22 ssh2
Jan 10 10:00:00 localhost sshd[1234]: Accepted password for user user1 from 192.168.1.10 port 22 ssh2
Jan 10 10:00:00 localhost sshd[1234]: Accepted password for user user1 from 192.168.1.10 port 22 ssh2
Jan 10 10:00:00 localhost sshd[1234]: Accepted password for user user1 from 192.168.1.10 port 22 ssh2
Jan 10 10:00:00 localhost sshd[1234]: Accepted password for user user1 from 192.168.1.10 port 22 ssh2
Jan 10 10:00:00 localhost sshd[1234]: Accepted password for user user1 from 192.168.1.10 port 22 ssh2
Jan 10 10:00:00 localhost sshd[1234]: Accepted password for user user1 from 192.168.1.10 port 22 ssh2
Jan 10 10:02:00 localhost sudo:  hacker : TTY=pts/0 ; PWD=/home/hacker ; USER=root ; COMMAND=/bin/bash
Jan 10 10:00:00 localhost sshd[1234]: Accepted password for user user1 from 192.168.1.10 port 22 ssh2
Jan 10 10:00:00 localhost sshd[1234]: Accepted password for user user1 from 192.168.1.10 port 22 ssh2
Jan 10 10:00:00 localhost sshd[1234]: Accepted password for user user1 from 192.168.1.10 port 22 ssh2
Jan 10 10:00:00 localhost sshd[1234]: Accepted password for user user1 from 192.168.1.10 port 22 ssh2
Jan 10 10:03:00 localhost app[999]: Query: SELECT * FROM users WHERE id=1 OR 1=1
Jan 10 10:00:00 localhost sshd[1234]: Accepted password for user user1 from 192.168.1.10 port 22 ssh2
Jan 10 10:00:00 localhost sshd[1234]: Accepted password for user user1 from 192.168.1.10 port 22 ssh2
Jan 10 10:01:00 localhost sshd[1234]: Failed password for user root from 10.0.0.5 port 22 ssh2
Jan 10 10:00:00 localhost sshd[1234]: Accepted password for user user1 from 192.168.1.10 port 22 ssh2
Jan 10 10:03:00 localhost app[999]: Query: SELECT * FROM users WHERE id=1 OR 1=1
Jan 10 10:00:00 localhost sshd[1234]: Accepted password for user user1 from 192.168.1.10 port 22 ssh2
Jan 10 10:00:00 localhost sshd[1234]: Accepted password for user user1 from 192.168.1.10 port 22 ssh2
Jan 10 10:00:00 localhost sshd[1234]: Accepted password for user user1 from 192.168.1.10 port 22 ssh2
Jan 10 10:00:00 localhost sshd[1234]: Accepted password for user user1 from 192.168.1.10 port 22 ssh2
Jan 10 10:03:00 localhost app[999]: Query: SELECT * FROM users WHERE id=1 OR 1=1
Jan 10 10:00:00 localhost sshd[1234]: Accepted password for user user1 from 192.168.1.10 port 22 ssh2
Jan 10 10:00:00 localhost sshd[1234]: Accepted password for user user1 from 192.168.1.10 port 22 ssh2
Jan 10 10:00:00 localhost sshd[1234]: Accepted password for user user1 from 192.168.1.10 port 22 ssh2
Jan 10 10:00:00 localhost sshd[1234]: Accepted password for user user1 from 192.168.1.10 port 22 ssh2
Jan 10 10:00:00 localhost sshd[1234]: Accepted password for user user1 from 192.168.1.10 port 22 ssh2
Jan 10 10:00:00 localhost sshd[1234]: Accepted password for user user1 from 192.168.1.10 port 22 ssh2
Jan 10 10:03:00 localhost app[999]: Query: SELECT * FROM users WHERE id=1 OR 1=1
Jan 10 10:00:00 localhost sshd[1234]: Accepted password for user user1 from 192.168.1.10 port 22 ssh2
Jan 10 10:00:00 localhost sshd[1234]: Accepted password for user user1 from 192.168.1.10 port 22 ssh2
Jan 10 10:02:00 localhost sudo:  hacker : TTY=pts/0 ; PWD=/home/hacker ; USER=root ; COMMAND=/bin/bash
Jan 10 10:00:00 localhost sshd[1234]: Accepted password for user user1 from 192.168.1.10 port 22 ssh2
Jan 10 10:00:00 localhost sshd[1234]: Accepted password for user user1 from 192.168.1.10 port 22 ssh2
Jan 10 10:00:00 localhost sshd[1234]: Accepted password for user user1 from 192.168.1.10 port 22 ssh2
Jan 10 10:00:00 localhost sshd[1234]: Accepted password for user user1 from 192.168.1.10 port 22 ssh2
Jan 10 10:00:00 localhost sshd[1234]: Accepted password for user user1 from 192.168.1.10 port 22 ssh2
Jan 10 10:01:00 localhost sshd[1234]: Failed password for user root from 10.0.0.5 port 22 ssh2
Jan 10 10:00:00 localhost sshd[1234]: Accepted password for user user1 from 192.168.1.10 port 22 ssh2
Jan 10 10:00:00 localhost sshd[1234]: Accepted password for user user1 from 192.168.1.10 port 22 ssh2
Jan 10 10:03:00 localhost app[999]: Query: SELECT * FROM users WHERE id=1 OR 1=1
Jan 10 10:00:00 localhost sshd[1234]: Accepted password for user user1 from 192.168.1.10 port 22 ssh2
Jan 10 10:00:00 localhost sshd[1234]: Accepted password for user user1 from 192.168.1.10 port 22 ssh2
Jan 10 10:00:00 localhost sshd[1234]: Accepted password for user user1 from 192.168.1.10 port 22 ssh2
Jan 10 10:00:00 localhost sshd[1234]: Accepted password for user user1 from 192.168.1.10 port 22 ssh2
Jan 10 10:00:00 localhost sshd[1234]: Accepted password for user user1 from 192.168.1.10 port 22 ssh2
Jan 10 10:01:00 localhost sshd[1234]: Failed password for user root from 10.0.0.5 port 22 ssh2
Jan 10 10:00:00 localhost sshd[1234]: Accepted password for user user1 from 192.168.1.10 port 22 ssh2
Jan 10 10:00:00 localhost sshd[1234]: Accepted password for user user1 from 192.168.1.10 port 22 ssh2
Jan 10 10:00:00 localhost sshd[1234]: Accepted password for user user1 from 192.168.1.10 port 22 ssh2
Jan 10 10:00:00 localhost sshd[1234]: Accepted password for user user1 from 192.168.1.10 port 22 ssh2
Jan 10 10:00:00 localhost sshd[1234]: Accepted password for user user1 from 192.168.1.10 port 22 ssh2
Jan 10 10:00:00 localhost sshd[1234]: Accepted password for user user1 from 192.168.1.10 port 22 ssh2
Jan 10 10:00:00 localhost sshd[1234]: Accepted password for user user1 from 192.168.1.10 port 22 ssh2
Jan 10 10:00:00 localhost sshd[1234]: Accepted password for user user1 from 192.168.1.10 port 22 ssh2
Jan 10 10:00:00 localhost sshd[1234]: Accepted password for user user1 from 192.168.1.10 port 22 ssh2
Jan 10 10:00:00 localhost sshd[1234]: Accepted password for user user1 from 192.168.1.10 port 22 ssh2
Jan 10 10:01:00 localhost sshd[1234]: Failed password for user root from 10.0.0.5 port 22 ssh2
Jan 10 10:00:00 localhost sshd[1234]: Accepted password for user user1 from 192.168.1.10 port 22 ssh2
Jan 10 10:00:00 localhost sshd[1234]: Accepted password for user user1 from 192.168.1.10 port 22 ssh2
Jan 10 10:00:00 localhost sshd[1234]: Accepted password for user user1 from 192.168.1.10 port 22 ssh2
Jan 10 10:00:00 localhost sshd[1234]: Accepted password for user user1 from 192.168.1.10 port 22 ssh2
Jan 10 10:00:00 localhost sshd[1234]: Accepted password for user user1 from 192.168.1.10 port 22 ssh2
Jan 10 10:00:00 localhost sshd[1234]: Accepted password for user user1 from 192.168.1.10 port 22 ssh2
Jan 10 10:02:00 localhost sudo:  hacker : TTY=pts/0 ; PWD=/home/hacker ; USER=root ; COMMAND=/bin/bash
Jan 10 10:00:00 localhost sshd[1234]: Accepted password for user user1 from 192.168.1.10 port 22 ssh2
Jan 10 10:02:00 localhost sudo:  hacker : TTY=pts/0 ; PWD=/home/hacker ; USER=root ; COMMAND=/bin/bash
Jan 10 10:00:00 localhost sshd[1234]: Accepted password for user user1 from 192.168.1.10 port 22 ssh2
Jan 10 10:00:00 localhost sshd[1234]: Accepted password for user user1 from 192.168.1.10 port 22 ssh2
Jan 10 10:02:00 localhost sudo:  hacker : TTY=pts/0 ; PWD=/home/hacker ; USER=root ; COMMAND=/bin/bash
Jan 10 10:00:00 localhost sshd[1234]: Accepted password for user user1 from 192.168.1.10 port 22 ssh2
Jan 10 10:00:00 localhost sshd[1234]: Accepted password for user user1 from 192.168.1.10 port 22 ssh2
Jan 10 10:00:00 localhost sshd[1234]: Accepted password for user user1 from 192.168.1.10 port 22 ssh2
Jan 10 10:00:00 localhost sshd[1234]: Accepted password for user user1 from 192.168.1.10 port 22 ssh2
Jan 10 10:00:00 localhost sshd[1234]: Accepted password for user user1 from 192.168.1.10 port 22 ssh2
Jan 10 10:00:00 localhost sshd[1234]: Accepted password for user user1 from 192.168.1.10 port 22 ssh2
Jan 10 10:00:00 localhost sshd[1234]: Accepted password for user user1 from 192.168.1.10 port 22 ssh2
Jan 10 10:00:00 localhost sshd[1234]: Accepted password for user user1 from 192.168.1.10 port 22 ssh2
Jan 10 10:00:00 localhost sshd[1234]: Accepted password for user user1 from 192.168.1.10 port 22 ssh2
Jan 10 10:00:00 localhost sshd[1234]: Accepted password for user user1 from 192.168.1.10 port 22 ssh2
Jan 10 10:00:00 localhost sshd[1234]: Accepted password for user user1 from 192.168.1.10 port 22 ssh2
Jan 10 10:00:00 localhost sshd[1234]: Accepted password for user user1 from 192.168.1.10 port 22 ssh2
Jan 10 10:00:00 localhost sshd[1234]: Accepted password for user user1 from 192.168.1.10 port 22 ssh2
Jan 10 10:00:00 localhost sshd[1234]: Accepted password for user user1 from 192.168.1.10 port 22 ssh2
Jan 10 10:00:00 localhost sshd[1234]: Accepted password for user user1 from 192.168.1.10 port 22 ssh2
Jan 10 10:01:00 localhost sshd[1234]: Failed password for user root from 10.0.0.5 port 22 ssh2
Jan 10 10:00:00 localhost sshd[1234]: Accepted password for user user1 from 192.168.1.10 port 22 ssh2
Jan 10 10:02:00 localhost sudo:  hacker : TTY=pts/0 ; PWD=/home/hacker ; USER=root ; COMMAND=/bin/bash
Jan 10 10:00:00 localhost sshd[1234]: Accepted password for user user1 from 192.168.1.10 port 22 ssh2
Jan 10 10:00:00 localhost sshd[1234]: Accepted password for user user1 from 192.168.1.10 port 22 ssh2
Jan 10 10:00:00 localhost sshd[1234]: Accepted password for user user1 from 192.168.1.10 port 22 ssh2
Jan 10 10:03:00 localhost app[999]: Query: SELECT * FROM users WHERE id=1 OR 1=1
Jan 10 10:00:00 localhost sshd[1234]: Accepted password for user user1 from 192.168.1.10 port 22 ssh2
Jan 10 10:03:00 localhost app[999]: Query: SELECT * FROM users WHERE id=1 OR 1=1
Jan 10 10:00:00 localhost sshd[1234]: Accepted password for user user1 from 192.168.1.10 port 22 ssh2
Jan 10 10:00:00 localhost sshd[1234]: Accepted password for user user1 from 192.168.1.10 port 22 ssh2
Jan 10 10:01:00 localhost sshd[1234]: Failed password for user root from 10.0.0.5 port 22 ssh2
Jan 10 10:00:00 localhost sshd[1234]: Accepted password for user user1 from 192.168.1.10 port 22 ssh2
Jan 10 10:00:00 localhost sshd[1234]: Accepted password for user user1 from 192.168.1.10 port 22 ssh2
Jan 10 10:00:00 localhost sshd[1234]: Accepted password for user user1 from 192.168.1.10 port 22 ssh2
Jan 10 10:02:00 localhost sudo:  hacker : TTY=pts/0 ; PWD=/home/hacker ; USER=root ; COMMAND=/bin/bash
Jan 10 10:00:00 localhost sshd[1234]: Accepted password for user user1 from 192.168.1.10 port 22 ssh2
Jan 10 10:00:00 localhost sshd[1234]: Accepted password for user user1 from 192.168.1.10 port 22 ssh2
Jan 10 10:00:00 localhost sshd[1234]: Accepted password for user user1 from 192.168.1.10 port 22 ssh2
Jan 10 10:00:00 localhost sshd[1234]: Accepted password for user user1 from 192.168.1.10 port 22 ssh2
Jan 10 10:03:00 localhost app[999]: Query: SELECT * FROM users WHERE id=1 OR 1=1
Jan 10 10:00:00 localhost sshd[1234]: Accepted password for user user1 from 192.168.1.10 port 22 ssh2
Jan 10 10:00:00 localhost sshd[1234]: Accepted password for user user1 from 192.168.1.10 port 22 ssh2
Jan 10 10:00:00 localhost sshd[1234]: Accepted password for user user1 from 192.168.1.10 port 22 ssh2
Jan 10 10:00:00 localhost sshd[1234]: Accepted password for user user1 from 192.168.1.10 port 22 ssh2
Jan 10 10:03:00 localhost app[999]: Query: SELECT * FROM users WHERE id=1 OR 1=1
Jan 10 10:00:00 localhost sshd[1234]: Accepted password for user user1 from 192.168.1.10 port 22 ssh2
Jan 10 10:00:00 localhost sshd[1234]: Accepted password for user user1 from 192.168.1.10 port 22 ssh2
Jan 10 10:00:00 localhost sshd[1234]: Accepted password for user user1 from 192.168.1.10 port 22 ssh2
Jan 10 10:00:00 localhost sshd[1234]: Accepted password for user user1 from 192.168.1.10 port 22 ssh2
Jan 10 10:02:00 localhost sudo:  hacker : TTY=pts/0 ; PWD=/home/hacker ; USER=root ; COMMAND=/bin/bash
Jan 10 10:00:00 localhost sshd[1234]: Accepted password for user user1 from 192.168.1.10 port 22 ssh2
Jan 10 10:00:00 localhost sshd[1234]: Accepted password for user user1 from 192.168.1.10 port 22 ssh2
Jan 10 10:00:00 localhost sshd[1234]: Accepted password for user user1 from 192.168.1.10 port 22 ssh2
Jan 10 10:02:00 localhost sudo:  hacker : TTY=pts/0 ; PWD=/home/hacker ; USER=root ; COMMAND=/bin/bash
Jan 10 10:00:00 localhost sshd[1234]: Accepted password for user user1 from 192.168.1.10 port 22 ssh2
Jan 10 10:02:00 localhost sudo:  hacker : TTY=pts/0 ; PWD=/home/hacker ; USER=root ; COMMAND=/bin/bash
Jan 10 10:00:00 localhost sshd[1234]: Accepted password for user user1 from 192.168.1.10 port 22 ssh2
Jan 10 10:00:00 localhost sshd[1234]: Accepted password for user user1 from 192.168.1.10 port 22 ssh2
Jan 10 10:00:00 localhost sshd[1234]: Accepted password for user user1 from 192.168.1.10 port 22 ssh2
Jan 10 10:00:00 localhost sshd[1234]: Accepted password for user user1 from 192.168.1.10 port 22 ssh2
Jan 10 10:00:00 localhost sshd[1234]: Accepted password for user user1 from 192.168.1.10 port 22 ssh2
Jan 10 10:01:00 localhost sshd[1234]: Failed password for user root from 10.0.0.5 port 22 ssh2
Jan 10 10:00:00 localhost sshd[1234]: Accepted password for user user1 from 192.168.1.10 port 22 ssh2
Jan 10 10:00:00 localhost sshd[1234]: Accepted password for user user1 from 192.168.1.10 port 22 ssh2
Jan 10 10:01:00 localhost sshd[1234]: Failed password for user root from 10.0.0.5 port 22 ssh2
Jan 10 10:00:00 localhost sshd[1234]: Accepted password for user user1 from 192.168.1.10 port 22 ssh2
Jan 10 10:00:00 localhost sshd[1234]: Accepted password for user user1 from 192.168.1.10 port 22 ssh2
Jan 10 10:00:00 localhost sshd[1234]: Accepted password for user user1 from 192.168.1.10 port 22 ssh2
Jan 10 10:00:00 localhost sshd[1234]: Accepted password for user user1 from 192.168.1.10 port 22 ssh2
Jan 10 10:02:00 localhost sudo:  hacker : TTY=pts/0 ; PWD=/home/hacker ; USER=root ; COMMAND=/bin/bash
Jan 10 10:00:00 localhost sshd[1234]: Accepted password for user user1 from 192.168.1.10 port 22 ssh2
Jan 10 10:00:00 localhost sshd[1234]: Accepted password for user user1 from 192.168.1.10 port 22 ssh2
Jan 10 10:00:00 localhost sshd[1234]: Accepted password for user user1 from 192.168.1.10 port 22 ssh2
Jan 10 10:00:00 localhost sshd[1234]: Accepted password for user user1 from 192.168.1.10 port 22 ssh2
Jan 10 10:00:00 localhost sshd[1234]: Accepted password for user user1 from 192.168.1.10 port 22 ssh2
Jan 10 10:00:00 localhost sshd[1234]: Accepted password for user user1 from 192.168.1.10 port 22 ssh2
Jan 10 10:00:00 localhost sshd[1234]: Accepted password for user user1 from 192.168.1.10 port 22 ssh2
Jan 10 10:00:00 localhost sshd[1234]: Accepted password for user user1 from 192.168.1.10 port 22 ssh2
Jan 10 10:02:00 localhost sudo:  hacker : TTY=pts/0 ; PWD=/home/hacker ; USER=root ; COMMAND=/bin/bash
Jan 10 10:00:00 localhost sshd[1234]: Accepted password for user user1 from 192.168.1.10 port 22 ssh2
Jan 10 10:00:00 localhost sshd[1234]: Accepted password for user user1 from 192.168.1.10 port 22 ssh2
Jan 10 10:01:00 localhost sshd[1234]: Failed password for user root from 10.0.0.5 port 22 ssh2
